[patch 7] CUDA_VISIBLE_DEVICES = 0
[patch 7] torch.cuda.device_count() = 1
[patch 7] device name = NVIDIA A100-SXM4-80GB
Training Patch 7 with signal parameter rotpmra...
Data for Patch 7
Signal parameter: Rotated and Centered Proper Motion (RA) μ_ϕcosλ
Signal region factor = 1 and sideband region factor = 3
Signal parameter median = -8.443
Signal parameter standard deviation = 1.325
Signal Region Range: [-9.768, -7.119]
Sideband Region Range: [-12.417, -9.768) and (-7.119, -4.470]
Signal Region has 102282 stars, 368 stream and 101914 background.
Sideband Region has 224518 stars, 154 stream and 224364 background.
Outer Region has 965426 stars, 2 stream and 965424 background.
Proper Motion Parameter: Rotated and Centered Proper Motion (RA) μ_ϕcosλ
Using device: cuda
-----------------------------------------------
 
Test fold 0...
Validation fold 1...
Starting training loop 1
Early stopping at epoch 82 with average val_loss 0.6191747188568115
Starting training loop 2
Early stopping at epoch 94 with average val_loss 0.6194574236869812
Starting training loop 3
Early stopping at epoch 94 with average val_loss 0.6192852854728699
Best validation loss for validation fold label 1 = 0.6190800666809082
Test scores saved for test fold 0 val fold 1.
Validation fold 2...
Starting training loop 1
Starting training loop 2
Starting training loop 3
Best validation loss for validation fold label 2 = 0.6179472208023071
Test scores saved for test fold 0 val fold 2.
Validation fold 3...
Starting training loop 1
Starting training loop 2
Early stopping at epoch 85 with average val_loss 0.619123101234436
Starting training loop 3
Best validation loss for validation fold label 3 = 0.6188377737998962
Test scores saved for test fold 0 val fold 3.
Validation fold 4...
Starting training loop 1
Starting training loop 2
Starting training loop 3
Early stopping at epoch 72 with average val_loss 0.6190816164016724
Best validation loss for validation fold label 4 = 0.6188014149665833
Test scores saved for test fold 0 val fold 4.
Averaging nn_scores for each star from the 4 best models...
-----------------------------------------------
 
Test fold 1...
Validation fold 0...
Starting training loop 1
Starting training loop 2
Starting training loop 3
Best validation loss for validation fold label 0 = 0.6182693243026733
Test scores saved for test fold 1 val fold 0.
Validation fold 2...
Starting training loop 1
Starting training loop 2
Early stopping at epoch 94 with average val_loss 0.6183900833129883
Starting training loop 3
Best validation loss for validation fold label 2 = 0.6182892918586731
Test scores saved for test fold 1 val fold 2.
Validation fold 3...
Starting training loop 1
Starting training loop 2
Early stopping at epoch 82 with average val_loss 0.6187774538993835
Starting training loop 3
Early stopping at epoch 89 with average val_loss 0.6190068125724792
Best validation loss for validation fold label 3 = 0.6186345219612122
Test scores saved for test fold 1 val fold 3.
Validation fold 4...
Starting training loop 1
Starting training loop 2
Starting training loop 3
Best validation loss for validation fold label 4 = 0.6187594532966614
Test scores saved for test fold 1 val fold 4.
Averaging nn_scores for each star from the 4 best models...
-----------------------------------------------
 
Test fold 2...
Validation fold 0...
Starting training loop 1
Starting training loop 2
Starting training loop 3
Best validation loss for validation fold label 0 = 0.6182979345321655
Test scores saved for test fold 2 val fold 0.
Validation fold 1...
Starting training loop 1
Starting training loop 2
Starting training loop 3
Early stopping at epoch 83 with average val_loss 0.6193128824234009
Best validation loss for validation fold label 1 = 0.6190877556800842
Test scores saved for test fold 2 val fold 1.
Validation fold 3...
Starting training loop 1
Early stopping at epoch 88 with average val_loss 0.6189255118370056
Starting training loop 2
Starting training loop 3
Early stopping at epoch 93 with average val_loss 0.6191003918647766
Best validation loss for validation fold label 3 = 0.6187801361083984
Test scores saved for test fold 2 val fold 3.
Validation fold 4...
Starting training loop 1
Early stopping at epoch 99 with average val_loss 0.6187126040458679
Starting training loop 2
Early stopping at epoch 85 with average val_loss 0.6187939643859863
Starting training loop 3
Best validation loss for validation fold label 4 = 0.6185677647590637
Test scores saved for test fold 2 val fold 4.
Averaging nn_scores for each star from the 4 best models...
-----------------------------------------------
 
Test fold 3...
Validation fold 0...
Starting training loop 1
Starting training loop 2
Starting training loop 3
Best validation loss for validation fold label 0 = 0.6183738112449646
Test scores saved for test fold 3 val fold 0.
Validation fold 1...
Starting training loop 1
Starting training loop 2
Early stopping at epoch 90 with average val_loss 0.6189740896224976
Starting training loop 3
Early stopping at epoch 82 with average val_loss 0.6190513372421265
Best validation loss for validation fold label 1 = 0.6189091205596924
Test scores saved for test fold 3 val fold 1.
Validation fold 2...
Starting training loop 1
Early stopping at epoch 66 with average val_loss 0.6184607148170471
Starting training loop 2
Early stopping at epoch 92 with average val_loss 0.6186569929122925
Starting training loop 3
Early stopping at epoch 88 with average val_loss 0.6180828809738159
Best validation loss for validation fold label 2 = 0.6180794835090637
Test scores saved for test fold 3 val fold 2.
Validation fold 4...
Starting training loop 1
Starting training loop 2
Starting training loop 3
Early stopping at epoch 77 with average val_loss 0.6188521385192871
Best validation loss for validation fold label 4 = 0.6187764406204224
Test scores saved for test fold 3 val fold 4.
Averaging nn_scores for each star from the 4 best models...
-----------------------------------------------
 
Test fold 4...
Validation fold 0...
Starting training loop 1
Starting training loop 2
Early stopping at epoch 94 with average val_loss 0.6184934973716736
Starting training loop 3
Best validation loss for validation fold label 0 = 0.6183862090110779
Test scores saved for test fold 4 val fold 0.
Validation fold 1...
Starting training loop 1
Starting training loop 2
Starting training loop 3
Best validation loss for validation fold label 1 = 0.6190311312675476
Test scores saved for test fold 4 val fold 1.
Validation fold 2...
Starting training loop 1
Starting training loop 2
Early stopping at epoch 85 with average val_loss 0.6182546019554138
Starting training loop 3
Early stopping at epoch 87 with average val_loss 0.6183686256408691
Best validation loss for validation fold label 2 = 0.6178082227706909
Test scores saved for test fold 4 val fold 2.
Validation fold 3...
Starting training loop 1
Early stopping at epoch 98 with average val_loss 0.6189010739326477
Starting training loop 2
Early stopping at epoch 98 with average val_loss 0.619094729423523
Starting training loop 3
Early stopping at epoch 90 with average val_loss 0.6190401911735535
Best validation loss for validation fold label 3 = 0.6188110709190369
Test scores saved for test fold 4 val fold 3.
Averaging nn_scores for each star from the 4 best models...
Full test df with all stars saved!
Plotting after fiducial cuts...
Top 250 ranked stars: Purity = 0.00%
Top 250 ranked stars: Completeness = 0.00%
All done!
