[patch 20] CUDA_VISIBLE_DEVICES = 0
[patch 20] torch.cuda.device_count() = 1
[patch 20] device name = NVIDIA A100-SXM4-40GB
Training Patch 20 with signal parameter rotpmra...
Data for Patch 20
Signal parameter: Rotated and Centered Proper Motion (RA) μ_ϕcosλ
Signal region factor = 1 and sideband region factor = 3
Signal parameter median = -7.772
Signal parameter standard deviation = 0.997
Signal Region Range: [-8.768, -6.775]
Sideband Region Range: [-10.762, -8.768) and (-6.775, -4.781]
Signal Region has 54816 stars, 509 stream and 54307 background.
Sideband Region has 114126 stars, 219 stream and 113907 background.
Outer Region has 630451 stars, 0 stream and 630451 background.
Proper Motion Parameter: Rotated and Centered Proper Motion (RA) μ_ϕcosλ
Using device: cuda
-----------------------------------------------
 
Test fold 0...
Validation fold 1...
Starting training loop 1
Starting training loop 2
Starting training loop 3
Best validation loss for validation fold label 1 = 0.6276872158050537
Test scores saved for test fold 0 val fold 1.
Validation fold 2...
Starting training loop 1
Early stopping at epoch 45 with average val_loss 0.6289387345314026
Starting training loop 2
Early stopping at epoch 58 with average val_loss 0.6284290552139282
Starting training loop 3
Early stopping at epoch 75 with average val_loss 0.6288042664527893
Best validation loss for validation fold label 2 = 0.6284635066986084
Test scores saved for test fold 0 val fold 2.
Validation fold 3...
Starting training loop 1
Early stopping at epoch 72 with average val_loss 0.6287298202514648
Starting training loop 2
Starting training loop 3
Best validation loss for validation fold label 3 = 0.628463864326477
Test scores saved for test fold 0 val fold 3.
Validation fold 4...
Starting training loop 1
Early stopping at epoch 55 with average val_loss 0.6286900639533997
Starting training loop 2
Starting training loop 3
Best validation loss for validation fold label 4 = 0.6280423998832703
Test scores saved for test fold 0 val fold 4.
Averaging nn_scores for each star from the 4 best models...
-----------------------------------------------
 
Test fold 1...
Validation fold 0...
Starting training loop 1
Starting training loop 2
Starting training loop 3
Early stopping at epoch 73 with average val_loss 0.6288734078407288
Best validation loss for validation fold label 0 = 0.628574550151825
Test scores saved for test fold 1 val fold 0.
Validation fold 2...
Starting training loop 1
Early stopping at epoch 66 with average val_loss 0.6284227967262268
Starting training loop 2
Starting training loop 3
Best validation loss for validation fold label 2 = 0.6277995109558105
Test scores saved for test fold 1 val fold 2.
Validation fold 3...
Starting training loop 1
Early stopping at epoch 49 with average val_loss 0.6288055777549744
Starting training loop 2
Starting training loop 3
Early stopping at epoch 46 with average val_loss 0.628852128982544
Best validation loss for validation fold label 3 = 0.6286219358444214
Test scores saved for test fold 1 val fold 3.
Validation fold 4...
Starting training loop 1
Starting training loop 2
Starting training loop 3
Early stopping at epoch 63 with average val_loss 0.6290948390960693
Best validation loss for validation fold label 4 = 0.6288900971412659
Test scores saved for test fold 1 val fold 4.
Averaging nn_scores for each star from the 4 best models...
-----------------------------------------------
 
Test fold 2...
Validation fold 0...
Starting training loop 1
Early stopping at epoch 58 with average val_loss 0.6288983225822449
Starting training loop 2
Early stopping at epoch 57 with average val_loss 0.6288400292396545
Starting training loop 3
Early stopping at epoch 46 with average val_loss 0.6291511058807373
Best validation loss for validation fold label 0 = 0.6289466619491577
Test scores saved for test fold 2 val fold 0.
Validation fold 1...
Starting training loop 1
Starting training loop 2
Starting training loop 3
Early stopping at epoch 82 with average val_loss 0.6281599998474121
Best validation loss for validation fold label 1 = 0.627863347530365
Test scores saved for test fold 2 val fold 1.
Validation fold 3...
Starting training loop 1
Starting training loop 2
Starting training loop 3
Best validation loss for validation fold label 3 = 0.6280412077903748
Test scores saved for test fold 2 val fold 3.
Validation fold 4...
Starting training loop 1
Starting training loop 2
Early stopping at epoch 82 with average val_loss 0.6284036636352539
Starting training loop 3
Early stopping at epoch 47 with average val_loss 0.6286911368370056
Best validation loss for validation fold label 4 = 0.62863689661026
Test scores saved for test fold 2 val fold 4.
Averaging nn_scores for each star from the 4 best models...
-----------------------------------------------
 
Test fold 3...
Validation fold 0...
Starting training loop 1
Starting training loop 2
Early stopping at epoch 48 with average val_loss 0.6292751431465149
Starting training loop 3
Early stopping at epoch 95 with average val_loss 0.628896176815033
Best validation loss for validation fold label 0 = 0.628619372844696
Test scores saved for test fold 3 val fold 0.
Validation fold 1...
Starting training loop 1
Starting training loop 2
Early stopping at epoch 79 with average val_loss 0.6280708312988281
Starting training loop 3
Best validation loss for validation fold label 1 = 0.6280521154403687
Test scores saved for test fold 3 val fold 1.
Validation fold 2...
Starting training loop 1
Early stopping at epoch 50 with average val_loss 0.6283593773841858
Starting training loop 2
Starting training loop 3
Best validation loss for validation fold label 2 = 0.6279160380363464
Test scores saved for test fold 3 val fold 2.
Validation fold 4...
Starting training loop 1
Starting training loop 2
Starting training loop 3
Best validation loss for validation fold label 4 = 0.6285241842269897
Test scores saved for test fold 3 val fold 4.
Averaging nn_scores for each star from the 4 best models...
-----------------------------------------------
 
Test fold 4...
Validation fold 0...
Starting training loop 1
Early stopping at epoch 42 with average val_loss 0.6300709247589111
Starting training loop 2
Starting training loop 3
Best validation loss for validation fold label 0 = 0.6280748248100281
Test scores saved for test fold 4 val fold 0.
Validation fold 1...
Starting training loop 1
Starting training loop 2
Starting training loop 3
Early stopping at epoch 93 with average val_loss 0.6282655596733093
Best validation loss for validation fold label 1 = 0.6282286643981934
Test scores saved for test fold 4 val fold 1.
Validation fold 2...
Starting training loop 1
Starting training loop 2
Starting training loop 3
Early stopping at epoch 69 with average val_loss 0.6285470724105835
Best validation loss for validation fold label 2 = 0.6281592845916748
Test scores saved for test fold 4 val fold 2.
Validation fold 3...
Starting training loop 1
Early stopping at epoch 40 with average val_loss 0.6285694241523743
Starting training loop 2
Early stopping at epoch 41 with average val_loss 0.6288476586341858
Starting training loop 3
Best validation loss for validation fold label 3 = 0.6280362010002136
Test scores saved for test fold 4 val fold 3.
Averaging nn_scores for each star from the 4 best models...
Full test df with all stars saved!
Plotting after fiducial cuts...
Top 250 ranked stars: Purity = 81.60%
Top 250 ranked stars: Completeness = 37.02%
All done!
