[patch 3] CUDA_VISIBLE_DEVICES = 0
[patch 3] torch.cuda.device_count() = 1
[patch 3] device name = NVIDIA A100-SXM4-40GB
Training Patch 3 with signal parameter rotpmra...
Data for Patch 3
Signal parameter: Rotated and Centered Proper Motion (RA) μ_ϕcosλ
Signal region factor = 1 and sideband region factor = 3
Signal parameter median = -3.808
Signal parameter standard deviation = 0.865
Signal Region Range: [-4.673, -2.943]
Sideband Region Range: [-6.403, -4.673) and (-2.943, -1.214]
Signal Region has 155776 stars, 366 stream and 155410 background.
Sideband Region has 334159 stars, 169 stream and 333990 background.
Outer Region has 894452 stars, 0 stream and 894452 background.
Proper Motion Parameter: Rotated and Centered Proper Motion (RA) μ_ϕcosλ
Using device: cuda
-----------------------------------------------
 
Test fold 0...
Validation fold 1...
Starting training loop 1
Early stopping at epoch 98 with average val_loss 0.617336094379425
Starting training loop 2
Starting training loop 3
Early stopping at epoch 85 with average val_loss 0.6171886324882507
Best validation loss for validation fold label 1 = 0.6170692443847656
Test scores saved for test fold 0 val fold 1.
Validation fold 2...
Starting training loop 1
Early stopping at epoch 79 with average val_loss 0.6177781820297241
Starting training loop 2
Starting training loop 3
Best validation loss for validation fold label 2 = 0.6175153255462646
Test scores saved for test fold 0 val fold 2.
Validation fold 3...
Starting training loop 1
Early stopping at epoch 95 with average val_loss 0.617591917514801
Starting training loop 2
Starting training loop 3
Best validation loss for validation fold label 3 = 0.6172894835472107
Test scores saved for test fold 0 val fold 3.
Validation fold 4...
Starting training loop 1
Starting training loop 2
Starting training loop 3
Best validation loss for validation fold label 4 = 0.6171959638595581
Test scores saved for test fold 0 val fold 4.
Averaging nn_scores for each star from the 4 best models...
-----------------------------------------------
 
Test fold 1...
Validation fold 0...
Starting training loop 1
Starting training loop 2
Starting training loop 3
Best validation loss for validation fold label 0 = 0.6169091463088989
Test scores saved for test fold 1 val fold 0.
Validation fold 2...
Starting training loop 1
Starting training loop 2
Starting training loop 3
Best validation loss for validation fold label 2 = 0.6174433827400208
Test scores saved for test fold 1 val fold 2.
Validation fold 3...
Starting training loop 1
Starting training loop 2
Starting training loop 3
Early stopping at epoch 63 with average val_loss 0.6176879405975342
Best validation loss for validation fold label 3 = 0.6175070405006409
Test scores saved for test fold 1 val fold 3.
Validation fold 4...
Starting training loop 1
Starting training loop 2
Starting training loop 3
Best validation loss for validation fold label 4 = 0.6170943379402161
Test scores saved for test fold 1 val fold 4.
Averaging nn_scores for each star from the 4 best models...
-----------------------------------------------
 
Test fold 2...
Validation fold 0...
Starting training loop 1
Starting training loop 2
Starting training loop 3
Early stopping at epoch 80 with average val_loss 0.6172382235527039
Best validation loss for validation fold label 0 = 0.6171994805335999
Test scores saved for test fold 2 val fold 0.
Validation fold 1...
Starting training loop 1
Starting training loop 2
Starting training loop 3
Best validation loss for validation fold label 1 = 0.6170072555541992
Test scores saved for test fold 2 val fold 1.
Validation fold 3...
Starting training loop 1
Starting training loop 2
Starting training loop 3
Best validation loss for validation fold label 3 = 0.6174054741859436
Test scores saved for test fold 2 val fold 3.
Validation fold 4...
Starting training loop 1
Starting training loop 2
Starting training loop 3
Best validation loss for validation fold label 4 = 0.6171508431434631
Test scores saved for test fold 2 val fold 4.
Averaging nn_scores for each star from the 4 best models...
-----------------------------------------------
 
Test fold 3...
Validation fold 0...
Starting training loop 1
Starting training loop 2
Early stopping at epoch 90 with average val_loss 0.6171276569366455
Starting training loop 3
Early stopping at epoch 89 with average val_loss 0.6170513033866882
Best validation loss for validation fold label 0 = 0.6169416308403015
Test scores saved for test fold 3 val fold 0.
Validation fold 1...
Starting training loop 1
Starting training loop 2
Starting training loop 3
Early stopping at epoch 86 with average val_loss 0.6172364354133606
Best validation loss for validation fold label 1 = 0.6170424222946167
Test scores saved for test fold 3 val fold 1.
Validation fold 2...
Starting training loop 1
Early stopping at epoch 94 with average val_loss 0.6178420782089233
Starting training loop 2
Early stopping at epoch 95 with average val_loss 0.6176661252975464
Starting training loop 3
Best validation loss for validation fold label 2 = 0.6175685524940491
Test scores saved for test fold 3 val fold 2.
Validation fold 4...
Starting training loop 1
Starting training loop 2
Starting training loop 3
Best validation loss for validation fold label 4 = 0.6171858906745911
Test scores saved for test fold 3 val fold 4.
Averaging nn_scores for each star from the 4 best models...
-----------------------------------------------
 
Test fold 4...
Validation fold 0...
Starting training loop 1
Starting training loop 2
Starting training loop 3
Early stopping at epoch 94 with average val_loss 0.6170344352722168
Best validation loss for validation fold label 0 = 0.617011547088623
Test scores saved for test fold 4 val fold 0.
Validation fold 1...
Starting training loop 1
Starting training loop 2
Starting training loop 3
Best validation loss for validation fold label 1 = 0.6170580387115479
Test scores saved for test fold 4 val fold 1.
Validation fold 2...
Starting training loop 1
Starting training loop 2
Starting training loop 3
Best validation loss for validation fold label 2 = 0.6175358891487122
Test scores saved for test fold 4 val fold 2.
Validation fold 3...
Starting training loop 1
Starting training loop 2
Early stopping at epoch 82 with average val_loss 0.617582380771637
Starting training loop 3
Early stopping at epoch 86 with average val_loss 0.617454469203949
Best validation loss for validation fold label 3 = 0.617398738861084
Test scores saved for test fold 4 val fold 3.
Averaging nn_scores for each star from the 4 best models...
Full test df with all stars saved!
Plotting after fiducial cuts...
Top 250 ranked stars: Purity = 74.00%
Top 250 ranked stars: Completeness = 43.22%
All done!
