[patch 18] CUDA_VISIBLE_DEVICES = 0
[patch 18] torch.cuda.device_count() = 1
[patch 18] device name = NVIDIA A100-SXM4-40GB
Training Patch 18 with signal parameter rotpmra...
Data for Patch 18
Signal parameter: Rotated and Centered Proper Motion (RA) μ_ϕcosλ
Signal region factor = 1 and sideband region factor = 3
Signal parameter median = -8.471
Signal parameter standard deviation = 1.307
Signal Region Range: [-9.778, -7.164]
Sideband Region Range: [-12.392, -9.778) and (-7.164, -4.550]
Signal Region has 97543 stars, 371 stream and 97172 background.
Sideband Region has 208517 stars, 151 stream and 208366 background.
Outer Region has 737405 stars, 3 stream and 737402 background.
Proper Motion Parameter: Rotated and Centered Proper Motion (RA) μ_ϕcosλ
Using device: cuda
-----------------------------------------------
 
Test fold 0...
Validation fold 1...
Starting training loop 1
Early stopping at epoch 90 with average val_loss 0.6229957938194275
Starting training loop 2
Early stopping at epoch 90 with average val_loss 0.6230180859565735
Starting training loop 3
Early stopping at epoch 91 with average val_loss 0.6230887174606323
Best validation loss for validation fold label 1 = 0.6226446628570557
Test scores saved for test fold 0 val fold 1.
Validation fold 2...
Starting training loop 1
Starting training loop 2
Starting training loop 3
Best validation loss for validation fold label 2 = 0.6224278211593628
Test scores saved for test fold 0 val fold 2.
Validation fold 3...
Starting training loop 1
Starting training loop 2
Starting training loop 3
Best validation loss for validation fold label 3 = 0.6229444146156311
Test scores saved for test fold 0 val fold 3.
Validation fold 4...
Starting training loop 1
Starting training loop 2
Starting training loop 3
Best validation loss for validation fold label 4 = 0.6221751570701599
Test scores saved for test fold 0 val fold 4.
Averaging nn_scores for each star from the 4 best models...
-----------------------------------------------
 
Test fold 1...
Validation fold 0...
Starting training loop 1
Early stopping at epoch 72 with average val_loss 0.6230030655860901
Starting training loop 2
Early stopping at epoch 72 with average val_loss 0.6232118010520935
Starting training loop 3
Early stopping at epoch 76 with average val_loss 0.6228961944580078
Best validation loss for validation fold label 0 = 0.6226255297660828
Test scores saved for test fold 1 val fold 0.
Validation fold 2...
Starting training loop 1
Starting training loop 2
Starting training loop 3
Early stopping at epoch 80 with average val_loss 0.622753918170929
Best validation loss for validation fold label 2 = 0.6226724982261658
Test scores saved for test fold 1 val fold 2.
Validation fold 3...
Starting training loop 1
Early stopping at epoch 83 with average val_loss 0.6231909394264221
Starting training loop 2
Early stopping at epoch 96 with average val_loss 0.6232874393463135
Starting training loop 3
Early stopping at epoch 98 with average val_loss 0.6231146454811096
Best validation loss for validation fold label 3 = 0.6229886412620544
Test scores saved for test fold 1 val fold 3.
Validation fold 4...
Starting training loop 1
Starting training loop 2
Starting training loop 3
Best validation loss for validation fold label 4 = 0.6221256256103516
Test scores saved for test fold 1 val fold 4.
Averaging nn_scores for each star from the 4 best models...
-----------------------------------------------
 
Test fold 2...
Validation fold 0...
Starting training loop 1
Early stopping at epoch 65 with average val_loss 0.6227134466171265
Starting training loop 2
Starting training loop 3
Early stopping at epoch 98 with average val_loss 0.622768759727478
Best validation loss for validation fold label 0 = 0.622661292552948
Test scores saved for test fold 2 val fold 0.
Validation fold 1...
Starting training loop 1
Early stopping at epoch 73 with average val_loss 0.6227823495864868
Starting training loop 2
Early stopping at epoch 86 with average val_loss 0.6228655576705933
Starting training loop 3
Early stopping at epoch 93 with average val_loss 0.6229045391082764
Best validation loss for validation fold label 1 = 0.6225694417953491
Test scores saved for test fold 2 val fold 1.
Validation fold 3...
Starting training loop 1
Early stopping at epoch 95 with average val_loss 0.6233991980552673
Starting training loop 2
Early stopping at epoch 93 with average val_loss 0.6233524084091187
Starting training loop 3
Best validation loss for validation fold label 3 = 0.6232385039329529
Test scores saved for test fold 2 val fold 3.
Validation fold 4...
Starting training loop 1
Starting training loop 2
Starting training loop 3
Best validation loss for validation fold label 4 = 0.6220564842224121
Test scores saved for test fold 2 val fold 4.
Averaging nn_scores for each star from the 4 best models...
-----------------------------------------------
 
Test fold 3...
Validation fold 0...
Starting training loop 1
Early stopping at epoch 83 with average val_loss 0.6227738261222839
Starting training loop 2
Early stopping at epoch 75 with average val_loss 0.6227327585220337
Starting training loop 3
Best validation loss for validation fold label 0 = 0.6225742697715759
Test scores saved for test fold 3 val fold 0.
Validation fold 1...
Starting training loop 1
Early stopping at epoch 83 with average val_loss 0.6228592991828918
Starting training loop 2
Early stopping at epoch 85 with average val_loss 0.6227657198905945
Starting training loop 3
Early stopping at epoch 84 with average val_loss 0.6228394508361816
Best validation loss for validation fold label 1 = 0.6226240992546082
Test scores saved for test fold 3 val fold 1.
Validation fold 2...
Starting training loop 1
Early stopping at epoch 78 with average val_loss 0.6232750415802002
Starting training loop 2
Early stopping at epoch 99 with average val_loss 0.6228933334350586
Starting training loop 3
Early stopping at epoch 95 with average val_loss 0.6229391098022461
Best validation loss for validation fold label 2 = 0.6227268576622009
Test scores saved for test fold 3 val fold 2.
Validation fold 4...
Starting training loop 1
Starting training loop 2
Early stopping at epoch 95 with average val_loss 0.6229170560836792
Starting training loop 3
Early stopping at epoch 97 with average val_loss 0.6226133704185486
Best validation loss for validation fold label 4 = 0.6221842765808105
Test scores saved for test fold 3 val fold 4.
Averaging nn_scores for each star from the 4 best models...
-----------------------------------------------
 
Test fold 4...
Validation fold 0...
Starting training loop 1
Early stopping at epoch 80 with average val_loss 0.6229188442230225
Starting training loop 2
Early stopping at epoch 76 with average val_loss 0.6228681206703186
Starting training loop 3
Early stopping at epoch 75 with average val_loss 0.6228843927383423
Best validation loss for validation fold label 0 = 0.6226092576980591
Test scores saved for test fold 4 val fold 0.
Validation fold 1...
Starting training loop 1
Early stopping at epoch 87 with average val_loss 0.622690737247467
Starting training loop 2
Starting training loop 3
Early stopping at epoch 95 with average val_loss 0.6227289438247681
Best validation loss for validation fold label 1 = 0.622539222240448
Test scores saved for test fold 4 val fold 1.
Validation fold 2...
Starting training loop 1
Early stopping at epoch 96 with average val_loss 0.6229065656661987
Starting training loop 2
Starting training loop 3
Best validation loss for validation fold label 2 = 0.622596263885498
Test scores saved for test fold 4 val fold 2.
Validation fold 3...
Starting training loop 1
Starting training loop 2
Early stopping at epoch 78 with average val_loss 0.6237791180610657
Starting training loop 3
Best validation loss for validation fold label 3 = 0.6231871247291565
Test scores saved for test fold 4 val fold 3.
Averaging nn_scores for each star from the 4 best models...
Full test df with all stars saved!
Plotting after fiducial cuts...
Top 250 ranked stars: Purity = 0.00%
Top 250 ranked stars: Completeness = 0.00%
All done!
