[patch 15] CUDA_VISIBLE_DEVICES = 0
[patch 15] torch.cuda.device_count() = 1
[patch 15] device name = NVIDIA A100-SXM4-40GB
Training Patch 15 with signal parameter rotpmra...
Data for Patch 15
Signal parameter: Rotated and Centered Proper Motion (RA) μ_ϕcosλ
Signal region factor = 1 and sideband region factor = 3
Signal parameter median = -7.275
Signal parameter standard deviation = 1.161
Signal Region Range: [-8.436, -6.114]
Sideband Region Range: [-10.759, -8.436) and (-6.114, -3.792]
Signal Region has 74761 stars, 504 stream and 74257 background.
Sideband Region has 162090 stars, 290 stream and 161800 background.
Outer Region has 708257 stars, 1 stream and 708256 background.
Proper Motion Parameter: Rotated and Centered Proper Motion (RA) μ_ϕcosλ
Using device: cuda
-----------------------------------------------
 
Test fold 0...
Validation fold 1...
Starting training loop 1
Starting training loop 2
Starting training loop 3
Early stopping at epoch 90 with average val_loss 0.6198291182518005
Best validation loss for validation fold label 1 = 0.6198065280914307
Test scores saved for test fold 0 val fold 1.
Validation fold 2...
Starting training loop 1
Early stopping at epoch 48 with average val_loss 0.6214344501495361
Starting training loop 2
Early stopping at epoch 78 with average val_loss 0.6203931570053101
Starting training loop 3
Best validation loss for validation fold label 2 = 0.6203848719596863
Test scores saved for test fold 0 val fold 2.
Validation fold 3...
Starting training loop 1
Early stopping at epoch 76 with average val_loss 0.6201402544975281
Starting training loop 2
Starting training loop 3
Early stopping at epoch 94 with average val_loss 0.6201599836349487
Best validation loss for validation fold label 3 = 0.6199312806129456
Test scores saved for test fold 0 val fold 3.
Validation fold 4...
Starting training loop 1
Early stopping at epoch 99 with average val_loss 0.6196776628494263
Starting training loop 2
Early stopping at epoch 77 with average val_loss 0.6196594834327698
Starting training loop 3
Best validation loss for validation fold label 4 = 0.6197219491004944
Test scores saved for test fold 0 val fold 4.
Averaging nn_scores for each star from the 4 best models...
-----------------------------------------------
 
Test fold 1...
Validation fold 0...
Starting training loop 1
Early stopping at epoch 70 with average val_loss 0.6201511025428772
Starting training loop 2
Early stopping at epoch 85 with average val_loss 0.6201702356338501
Starting training loop 3
Early stopping at epoch 90 with average val_loss 0.6200478672981262
Best validation loss for validation fold label 0 = 0.6197744607925415
Test scores saved for test fold 1 val fold 0.
Validation fold 2...
Starting training loop 1
Early stopping at epoch 80 with average val_loss 0.6204806566238403
Starting training loop 2
Early stopping at epoch 95 with average val_loss 0.6203771829605103
Starting training loop 3
Early stopping at epoch 74 with average val_loss 0.6204218864440918
Best validation loss for validation fold label 2 = 0.6203333735466003
Test scores saved for test fold 1 val fold 2.
Validation fold 3...
Starting training loop 1
Early stopping at epoch 72 with average val_loss 0.6205536127090454
Starting training loop 2
Early stopping at epoch 96 with average val_loss 0.6202303767204285
Starting training loop 3
Early stopping at epoch 91 with average val_loss 0.6203717589378357
Best validation loss for validation fold label 3 = 0.6198956966400146
Test scores saved for test fold 1 val fold 3.
Validation fold 4...
Starting training loop 1
Starting training loop 2
Starting training loop 3
Early stopping at epoch 86 with average val_loss 0.6198582053184509
Best validation loss for validation fold label 4 = 0.6194003820419312
Test scores saved for test fold 1 val fold 4.
Averaging nn_scores for each star from the 4 best models...
-----------------------------------------------
 
Test fold 2...
Validation fold 0...
Starting training loop 1
Starting training loop 2
Early stopping at epoch 88 with average val_loss 0.6205395460128784
Starting training loop 3
Early stopping at epoch 99 with average val_loss 0.6199422478675842
Best validation loss for validation fold label 0 = 0.6196758151054382
Test scores saved for test fold 2 val fold 0.
Validation fold 1...
Starting training loop 1
Starting training loop 2
Starting training loop 3
Best validation loss for validation fold label 1 = 0.6190839409828186
Test scores saved for test fold 2 val fold 1.
Validation fold 3...
Starting training loop 1
Early stopping at epoch 87 with average val_loss 0.6200867295265198
Starting training loop 2
Starting training loop 3
Best validation loss for validation fold label 3 = 0.6198296546936035
Test scores saved for test fold 2 val fold 3.
Validation fold 4...
Starting training loop 1
Early stopping at epoch 69 with average val_loss 0.619891345500946
Starting training loop 2
Starting training loop 3
Best validation loss for validation fold label 4 = 0.6194487810134888
Test scores saved for test fold 2 val fold 4.
Averaging nn_scores for each star from the 4 best models...
-----------------------------------------------
 
Test fold 3...
Validation fold 0...
Starting training loop 1
Early stopping at epoch 88 with average val_loss 0.6201358437538147
Starting training loop 2
Early stopping at epoch 96 with average val_loss 0.6199521422386169
Starting training loop 3
Early stopping at epoch 75 with average val_loss 0.6199193596839905
Best validation loss for validation fold label 0 = 0.6199123859405518
Test scores saved for test fold 3 val fold 0.
Validation fold 1...
Starting training loop 1
Starting training loop 2
Starting training loop 3
Best validation loss for validation fold label 1 = 0.6194530725479126
Test scores saved for test fold 3 val fold 1.
Validation fold 2...
Starting training loop 1
Early stopping at epoch 94 with average val_loss 0.6204163432121277
Starting training loop 2
Early stopping at epoch 66 with average val_loss 0.6206716895103455
Starting training loop 3
Early stopping at epoch 41 with average val_loss 0.6207224726676941
Best validation loss for validation fold label 2 = 0.6203158497810364
Test scores saved for test fold 3 val fold 2.
Validation fold 4...
Starting training loop 1
Early stopping at epoch 88 with average val_loss 0.6196910738945007
Starting training loop 2
Early stopping at epoch 83 with average val_loss 0.6197612285614014
Starting training loop 3
Best validation loss for validation fold label 4 = 0.6193612813949585
Test scores saved for test fold 3 val fold 4.
Averaging nn_scores for each star from the 4 best models...
-----------------------------------------------
 
Test fold 4...
Validation fold 0...
Starting training loop 1
Starting training loop 2
Starting training loop 3
Early stopping at epoch 89 with average val_loss 0.6199271082878113
Best validation loss for validation fold label 0 = 0.6197416186332703
Test scores saved for test fold 4 val fold 0.
Validation fold 1...
Starting training loop 1
Starting training loop 2
Starting training loop 3
Best validation loss for validation fold label 1 = 0.6193935871124268
Test scores saved for test fold 4 val fold 1.
Validation fold 2...
Starting training loop 1
Early stopping at epoch 55 with average val_loss 0.6207765936851501
Starting training loop 2
Starting training loop 3
Early stopping at epoch 86 with average val_loss 0.6207408905029297
Best validation loss for validation fold label 2 = 0.6202868819236755
Test scores saved for test fold 4 val fold 2.
Validation fold 3...
Starting training loop 1
Early stopping at epoch 74 with average val_loss 0.6202549338340759
Starting training loop 2
Early stopping at epoch 95 with average val_loss 0.6202410459518433
Starting training loop 3
Early stopping at epoch 98 with average val_loss 0.6198539733886719
Best validation loss for validation fold label 3 = 0.6197087168693542
Test scores saved for test fold 4 val fold 3.
Averaging nn_scores for each star from the 4 best models...
Full test df with all stars saved!
Plotting after fiducial cuts...
Top 250 ranked stars: Purity = 32.80%
Top 250 ranked stars: Completeness = 14.02%
All done!
