[patch 8] CUDA_VISIBLE_DEVICES = 0
[patch 8] torch.cuda.device_count() = 1
[patch 8] device name = NVIDIA A100-SXM4-40GB
Training Patch 8 with signal parameter rotpmra...
Data for Patch 8
Signal parameter: Rotated and Centered Proper Motion (RA) μ_ϕcosλ
Signal region factor = 1 and sideband region factor = 3
Signal parameter median = -6.948
Signal parameter standard deviation = 1.113
Signal Region Range: [-8.061, -5.835]
Sideband Region Range: [-10.287, -8.061) and (-5.835, -3.610]
Signal Region has 86988 stars, 413 stream and 86575 background.
Sideband Region has 188725 stars, 209 stream and 188516 background.
Outer Region has 895557 stars, 1 stream and 895556 background.
Proper Motion Parameter: Rotated and Centered Proper Motion (RA) μ_ϕcosλ
Using device: cuda
-----------------------------------------------
 
Test fold 0...
Validation fold 1...
Starting training loop 1
Starting training loop 2
Early stopping at epoch 92 with average val_loss 0.6203845739364624
Starting training loop 3
Early stopping at epoch 93 with average val_loss 0.6207671761512756
Best validation loss for validation fold label 1 = 0.6200544834136963
Test scores saved for test fold 0 val fold 1.
Validation fold 2...
Starting training loop 1
Starting training loop 2
Starting training loop 3
Best validation loss for validation fold label 2 = 0.6203428506851196
Test scores saved for test fold 0 val fold 2.
Validation fold 3...
Starting training loop 1
Starting training loop 2
Early stopping at epoch 95 with average val_loss 0.6195924282073975
Starting training loop 3
Best validation loss for validation fold label 3 = 0.6194463968276978
Test scores saved for test fold 0 val fold 3.
Validation fold 4...
Starting training loop 1
Early stopping at epoch 82 with average val_loss 0.6205045580863953
Starting training loop 2
Starting training loop 3
Early stopping at epoch 87 with average val_loss 0.6203854084014893
Best validation loss for validation fold label 4 = 0.6201565861701965
Test scores saved for test fold 0 val fold 4.
Averaging nn_scores for each star from the 4 best models...
-----------------------------------------------
 
Test fold 1...
Validation fold 0...
Starting training loop 1
Starting training loop 2
Starting training loop 3
Early stopping at epoch 99 with average val_loss 0.6198418140411377
Best validation loss for validation fold label 0 = 0.6197465062141418
Test scores saved for test fold 1 val fold 0.
Validation fold 2...
Starting training loop 1
Starting training loop 2
Starting training loop 3
Early stopping at epoch 99 with average val_loss 0.6206579804420471
Best validation loss for validation fold label 2 = 0.6204349994659424
Test scores saved for test fold 1 val fold 2.
Validation fold 3...
Starting training loop 1
Early stopping at epoch 91 with average val_loss 0.6199771761894226
Starting training loop 2
Early stopping at epoch 95 with average val_loss 0.6195434331893921
Starting training loop 3
Best validation loss for validation fold label 3 = 0.6196024417877197
Test scores saved for test fold 1 val fold 3.
Validation fold 4...
Starting training loop 1
Early stopping at epoch 97 with average val_loss 0.6204460859298706
Starting training loop 2
Early stopping at epoch 94 with average val_loss 0.6205190420150757
Starting training loop 3
Best validation loss for validation fold label 4 = 0.6200771927833557
Test scores saved for test fold 1 val fold 4.
Averaging nn_scores for each star from the 4 best models...
-----------------------------------------------
 
Test fold 2...
Validation fold 0...
Starting training loop 1
Starting training loop 2
Early stopping at epoch 92 with average val_loss 0.619869589805603
Starting training loop 3
Best validation loss for validation fold label 0 = 0.6199225187301636
Test scores saved for test fold 2 val fold 0.
Validation fold 1...
Starting training loop 1
Early stopping at epoch 61 with average val_loss 0.6200636625289917
Starting training loop 2
Starting training loop 3
Best validation loss for validation fold label 1 = 0.6199285387992859
Test scores saved for test fold 2 val fold 1.
Validation fold 3...
Starting training loop 1
Early stopping at epoch 82 with average val_loss 0.6201433539390564
Starting training loop 2
Early stopping at epoch 85 with average val_loss 0.6197665929794312
Starting training loop 3
Early stopping at epoch 97 with average val_loss 0.6199092268943787
Best validation loss for validation fold label 3 = 0.6195942163467407
Test scores saved for test fold 2 val fold 3.
Validation fold 4...
Starting training loop 1
Early stopping at epoch 69 with average val_loss 0.6204053163528442
Starting training loop 2
Early stopping at epoch 91 with average val_loss 0.6206321716308594
Starting training loop 3
Early stopping at epoch 74 with average val_loss 0.620387077331543
Best validation loss for validation fold label 4 = 0.6200491189956665
Test scores saved for test fold 2 val fold 4.
Averaging nn_scores for each star from the 4 best models...
-----------------------------------------------
 
Test fold 3...
Validation fold 0...
Starting training loop 1
Starting training loop 2
Starting training loop 3
Early stopping at epoch 99 with average val_loss 0.6199007034301758
Best validation loss for validation fold label 0 = 0.619814932346344
Test scores saved for test fold 3 val fold 0.
Validation fold 1...
Starting training loop 1
Early stopping at epoch 66 with average val_loss 0.6203637719154358
Starting training loop 2
Early stopping at epoch 55 with average val_loss 0.6202834844589233
Starting training loop 3
Early stopping at epoch 79 with average val_loss 0.6202446222305298
Best validation loss for validation fold label 1 = 0.6200165748596191
Test scores saved for test fold 3 val fold 1.
Validation fold 2...
Starting training loop 1
Early stopping at epoch 76 with average val_loss 0.620596170425415
Starting training loop 2
Starting training loop 3
Best validation loss for validation fold label 2 = 0.6205304861068726
Test scores saved for test fold 3 val fold 2.
Validation fold 4...
Starting training loop 1
Early stopping at epoch 77 with average val_loss 0.6202313303947449
Starting training loop 2
Early stopping at epoch 96 with average val_loss 0.6204343438148499
Starting training loop 3
Best validation loss for validation fold label 4 = 0.6199855208396912
Test scores saved for test fold 3 val fold 4.
Averaging nn_scores for each star from the 4 best models...
-----------------------------------------------
 
Test fold 4...
Validation fold 0...
Starting training loop 1
Starting training loop 2
Starting training loop 3
Best validation loss for validation fold label 0 = 0.6199753880500793
Test scores saved for test fold 4 val fold 0.
Validation fold 1...
Starting training loop 1
Early stopping at epoch 94 with average val_loss 0.6199315786361694
Starting training loop 2
Early stopping at epoch 87 with average val_loss 0.6199843883514404
Starting training loop 3
Best validation loss for validation fold label 1 = 0.619975209236145
Test scores saved for test fold 4 val fold 1.
Validation fold 2...
Starting training loop 1
Early stopping at epoch 95 with average val_loss 0.6210089325904846
Starting training loop 2
Starting training loop 3
Early stopping at epoch 76 with average val_loss 0.6207621693611145
Best validation loss for validation fold label 2 = 0.6205095052719116
Test scores saved for test fold 4 val fold 2.
Validation fold 3...
Starting training loop 1
Early stopping at epoch 98 with average val_loss 0.6196665167808533
Starting training loop 2
Early stopping at epoch 86 with average val_loss 0.6199566125869751
Starting training loop 3
Best validation loss for validation fold label 3 = 0.619472086429596
Test scores saved for test fold 4 val fold 3.
Averaging nn_scores for each star from the 4 best models...
Full test df with all stars saved!
Plotting after fiducial cuts...
Top 250 ranked stars: Purity = 33.60%
Top 250 ranked stars: Completeness = 18.58%
All done!
