[patch 19] CUDA_VISIBLE_DEVICES = 0
[patch 19] torch.cuda.device_count() = 1
[patch 19] device name = NVIDIA A100-SXM4-40GB
Training Patch 19 with signal parameter rotpmra...
Data for Patch 19
Signal parameter: Rotated and Centered Proper Motion (RA) μ_ϕcosλ
Signal region factor = 1 and sideband region factor = 3
Signal parameter median = -8.203
Signal parameter standard deviation = 1.201
Signal Region Range: [-9.403, -7.002]
Sideband Region Range: [-11.804, -9.403) and (-7.002, -4.601]
Signal Region has 72210 stars, 485 stream and 71725 background.
Sideband Region has 153464 stars, 274 stream and 153190 background.
Outer Region has 673855 stars, 1 stream and 673854 background.
Proper Motion Parameter: Rotated and Centered Proper Motion (RA) μ_ϕcosλ
Using device: cuda
-----------------------------------------------
 
Test fold 0...
Validation fold 1...
Starting training loop 1
Starting training loop 2
Early stopping at epoch 73 with average val_loss 0.6249294877052307
Starting training loop 3
Early stopping at epoch 75 with average val_loss 0.624933660030365
Best validation loss for validation fold label 1 = 0.624722957611084
Test scores saved for test fold 0 val fold 1.
Validation fold 2...
Starting training loop 1
Early stopping at epoch 81 with average val_loss 0.6250802874565125
Starting training loop 2
Early stopping at epoch 76 with average val_loss 0.6251081228256226
Starting training loop 3
Early stopping at epoch 75 with average val_loss 0.6251161098480225
Best validation loss for validation fold label 2 = 0.6248542666435242
Test scores saved for test fold 0 val fold 2.
Validation fold 3...
Starting training loop 1
Starting training loop 2
Starting training loop 3
Best validation loss for validation fold label 3 = 0.624594509601593
Test scores saved for test fold 0 val fold 3.
Validation fold 4...
Starting training loop 1
Early stopping at epoch 93 with average val_loss 0.624168336391449
Starting training loop 2
Early stopping at epoch 82 with average val_loss 0.6239813566207886
Starting training loop 3
Early stopping at epoch 82 with average val_loss 0.624001681804657
Best validation loss for validation fold label 4 = 0.6236150860786438
Test scores saved for test fold 0 val fold 4.
Averaging nn_scores for each star from the 4 best models...
-----------------------------------------------
 
Test fold 1...
Validation fold 0...
Starting training loop 1
Starting training loop 2
Early stopping at epoch 88 with average val_loss 0.6245633363723755
Starting training loop 3
Early stopping at epoch 89 with average val_loss 0.6244044899940491
Best validation loss for validation fold label 0 = 0.6241704225540161
Test scores saved for test fold 1 val fold 0.
Validation fold 2...
Starting training loop 1
Starting training loop 2
Starting training loop 3
Early stopping at epoch 68 with average val_loss 0.6251277923583984
Best validation loss for validation fold label 2 = 0.6249913573265076
Test scores saved for test fold 1 val fold 2.
Validation fold 3...
Starting training loop 1
Starting training loop 2
Early stopping at epoch 80 with average val_loss 0.625636875629425
Starting training loop 3
Best validation loss for validation fold label 3 = 0.6244491338729858
Test scores saved for test fold 1 val fold 3.
Validation fold 4...
Starting training loop 1
Early stopping at epoch 78 with average val_loss 0.6237459182739258
Starting training loop 2
Starting training loop 3
Best validation loss for validation fold label 4 = 0.6236439943313599
Test scores saved for test fold 1 val fold 4.
Averaging nn_scores for each star from the 4 best models...
-----------------------------------------------
 
Test fold 2...
Validation fold 0...
Starting training loop 1
Starting training loop 2
Starting training loop 3
Early stopping at epoch 97 with average val_loss 0.6242254972457886
Best validation loss for validation fold label 0 = 0.623889148235321
Test scores saved for test fold 2 val fold 0.
Validation fold 1...
Starting training loop 1
Early stopping at epoch 82 with average val_loss 0.6249662041664124
Starting training loop 2
Early stopping at epoch 86 with average val_loss 0.6250773072242737
Starting training loop 3
Best validation loss for validation fold label 1 = 0.6246229410171509
Test scores saved for test fold 2 val fold 1.
Validation fold 3...
Starting training loop 1
Early stopping at epoch 83 with average val_loss 0.6244522333145142
Starting training loop 2
Starting training loop 3
Best validation loss for validation fold label 3 = 0.6244578957557678
Test scores saved for test fold 2 val fold 3.
Validation fold 4...
Starting training loop 1
Starting training loop 2
Early stopping at epoch 58 with average val_loss 0.6241964101791382
Starting training loop 3
Early stopping at epoch 84 with average val_loss 0.6239017844200134
Best validation loss for validation fold label 4 = 0.6236822605133057
Test scores saved for test fold 2 val fold 4.
Averaging nn_scores for each star from the 4 best models...
-----------------------------------------------
 
Test fold 3...
Validation fold 0...
Starting training loop 1
Early stopping at epoch 94 with average val_loss 0.6245033740997314
Starting training loop 2
Starting training loop 3
Early stopping at epoch 74 with average val_loss 0.6244284510612488
Best validation loss for validation fold label 0 = 0.624377965927124
Test scores saved for test fold 3 val fold 0.
Validation fold 1...
Starting training loop 1
Early stopping at epoch 97 with average val_loss 0.6248618960380554
Starting training loop 2
Starting training loop 3
Early stopping at epoch 74 with average val_loss 0.6251566410064697
Best validation loss for validation fold label 1 = 0.6247051358222961
Test scores saved for test fold 3 val fold 1.
Validation fold 2...
Starting training loop 1
Starting training loop 2
Starting training loop 3
Early stopping at epoch 58 with average val_loss 0.6251285076141357
Best validation loss for validation fold label 2 = 0.6249020099639893
Test scores saved for test fold 3 val fold 2.
Validation fold 4...
Starting training loop 1
Early stopping at epoch 81 with average val_loss 0.6238725185394287
Starting training loop 2
Early stopping at epoch 75 with average val_loss 0.6239503622055054
Starting training loop 3
Early stopping at epoch 56 with average val_loss 0.6240020394325256
Best validation loss for validation fold label 4 = 0.6238628029823303
Test scores saved for test fold 3 val fold 4.
Averaging nn_scores for each star from the 4 best models...
-----------------------------------------------
 
Test fold 4...
Validation fold 0...
Starting training loop 1
Early stopping at epoch 98 with average val_loss 0.6242802143096924
Starting training loop 2
Early stopping at epoch 92 with average val_loss 0.6245109438896179
Starting training loop 3
Early stopping at epoch 92 with average val_loss 0.6242615580558777
Best validation loss for validation fold label 0 = 0.6239914894104004
Test scores saved for test fold 4 val fold 0.
Validation fold 1...
Starting training loop 1
Early stopping at epoch 98 with average val_loss 0.6249356269836426
Starting training loop 2
Early stopping at epoch 81 with average val_loss 0.6250213980674744
Starting training loop 3
Best validation loss for validation fold label 1 = 0.6245098114013672
Test scores saved for test fold 4 val fold 1.
Validation fold 2...
Starting training loop 1
Starting training loop 2
Early stopping at epoch 61 with average val_loss 0.6250941753387451
Starting training loop 3
Early stopping at epoch 53 with average val_loss 0.6249889135360718
Best validation loss for validation fold label 2 = 0.6249173283576965
Test scores saved for test fold 4 val fold 2.
Validation fold 3...
Starting training loop 1
Early stopping at epoch 66 with average val_loss 0.6251446008682251
Starting training loop 2
Starting training loop 3
Early stopping at epoch 87 with average val_loss 0.6248852610588074
Best validation loss for validation fold label 3 = 0.6246010065078735
Test scores saved for test fold 4 val fold 3.
Averaging nn_scores for each star from the 4 best models...
Full test df with all stars saved!
Plotting after fiducial cuts...
Top 250 ranked stars: Purity = 7.60%
Top 250 ranked stars: Completeness = 3.45%
All done!
