[patch 16] CUDA_VISIBLE_DEVICES = 0
[patch 16] torch.cuda.device_count() = 1
[patch 16] device name = NVIDIA A100-SXM4-40GB
Training Patch 16 with signal parameter rotpmra...
Data for Patch 16
Signal parameter: Rotated and Centered Proper Motion (RA) μ_ϕcosλ
Signal region factor = 1 and sideband region factor = 3
Signal parameter median = -6.651
Signal parameter standard deviation = 0.940
Signal Region Range: [-7.591, -5.711]
Sideband Region Range: [-9.472, -7.591) and (-5.711, -3.831]
Signal Region has 62663 stars, 536 stream and 62127 background.
Sideband Region has 131994 stars, 238 stream and 131756 background.
Outer Region has 681605 stars, 1 stream and 681604 background.
Proper Motion Parameter: Rotated and Centered Proper Motion (RA) μ_ϕcosλ
Using device: cuda
-----------------------------------------------
 
Test fold 0...
Validation fold 1...
Starting training loop 1
Early stopping at epoch 62 with average val_loss 0.6251410841941833
Starting training loop 2
Early stopping at epoch 70 with average val_loss 0.6258024573326111
Starting training loop 3
Early stopping at epoch 53 with average val_loss 0.6256639957427979
Best validation loss for validation fold label 1 = 0.6251115798950195
Test scores saved for test fold 0 val fold 1.
Validation fold 2...
Starting training loop 1
Starting training loop 2
Starting training loop 3
Early stopping at epoch 96 with average val_loss 0.6251009702682495
Best validation loss for validation fold label 2 = 0.6249939203262329
Test scores saved for test fold 0 val fold 2.
Validation fold 3...
Starting training loop 1
Starting training loop 2
Early stopping at epoch 86 with average val_loss 0.6261605024337769
Starting training loop 3
Early stopping at epoch 76 with average val_loss 0.6261633038520813
Best validation loss for validation fold label 3 = 0.6258442401885986
Test scores saved for test fold 0 val fold 3.
Validation fold 4...
Starting training loop 1
Starting training loop 2
Starting training loop 3
Early stopping at epoch 66 with average val_loss 0.6266074180603027
Best validation loss for validation fold label 4 = 0.626352071762085
Test scores saved for test fold 0 val fold 4.
Averaging nn_scores for each star from the 4 best models...
-----------------------------------------------
 
Test fold 1...
Validation fold 0...
Starting training loop 1
Starting training loop 2
Starting training loop 3
Best validation loss for validation fold label 0 = 0.6251459121704102
Test scores saved for test fold 1 val fold 0.
Validation fold 2...
Starting training loop 1
Starting training loop 2
Starting training loop 3
Best validation loss for validation fold label 2 = 0.6250829100608826
Test scores saved for test fold 1 val fold 2.
Validation fold 3...
Starting training loop 1
Starting training loop 2
Early stopping at epoch 92 with average val_loss 0.6261911988258362
Starting training loop 3
Best validation loss for validation fold label 3 = 0.6260085105895996
Test scores saved for test fold 1 val fold 3.
Validation fold 4...
Starting training loop 1
Starting training loop 2
Starting training loop 3
Best validation loss for validation fold label 4 = 0.625341534614563
Test scores saved for test fold 1 val fold 4.
Averaging nn_scores for each star from the 4 best models...
-----------------------------------------------
 
Test fold 2...
Validation fold 0...
Starting training loop 1
Starting training loop 2
Early stopping at epoch 58 with average val_loss 0.6260757446289062
Starting training loop 3
Best validation loss for validation fold label 0 = 0.6256072521209717
Test scores saved for test fold 2 val fold 0.
Validation fold 1...
Starting training loop 1
Early stopping at epoch 61 with average val_loss 0.6255005598068237
Starting training loop 2
Early stopping at epoch 59 with average val_loss 0.6253935694694519
Starting training loop 3
Early stopping at epoch 67 with average val_loss 0.6254348754882812
Best validation loss for validation fold label 1 = 0.6252222657203674
Test scores saved for test fold 2 val fold 1.
Validation fold 3...
Starting training loop 1
Starting training loop 2
Starting training loop 3
Early stopping at epoch 69 with average val_loss 0.6260548233985901
Best validation loss for validation fold label 3 = 0.6259140372276306
Test scores saved for test fold 2 val fold 3.
Validation fold 4...
Starting training loop 1
Starting training loop 2
Starting training loop 3
Best validation loss for validation fold label 4 = 0.6255873441696167
Test scores saved for test fold 2 val fold 4.
Averaging nn_scores for each star from the 4 best models...
-----------------------------------------------
 
Test fold 3...
Validation fold 0...
Starting training loop 1
Starting training loop 2
Early stopping at epoch 46 with average val_loss 0.6259543895721436
Starting training loop 3
Best validation loss for validation fold label 0 = 0.6250714063644409
Test scores saved for test fold 3 val fold 0.
Validation fold 1...
Starting training loop 1
Starting training loop 2
Starting training loop 3
Best validation loss for validation fold label 1 = 0.6246989965438843
Test scores saved for test fold 3 val fold 1.
Validation fold 2...
Starting training loop 1
Starting training loop 2
Starting training loop 3
Best validation loss for validation fold label 2 = 0.6245391964912415
Test scores saved for test fold 3 val fold 2.
Validation fold 4...
Starting training loop 1
Starting training loop 2
Starting training loop 3
Best validation loss for validation fold label 4 = 0.6256967782974243
Test scores saved for test fold 3 val fold 4.
Averaging nn_scores for each star from the 4 best models...
-----------------------------------------------
 
Test fold 4...
Validation fold 0...
Starting training loop 1
Starting training loop 2
Early stopping at epoch 53 with average val_loss 0.6261367797851562
Starting training loop 3
Early stopping at epoch 66 with average val_loss 0.6266937255859375
Best validation loss for validation fold label 0 = 0.6260498762130737
Test scores saved for test fold 4 val fold 0.
Validation fold 1...
Starting training loop 1
Starting training loop 2
Starting training loop 3
Best validation loss for validation fold label 1 = 0.6247866749763489
Test scores saved for test fold 4 val fold 1.
Validation fold 2...
Starting training loop 1
Starting training loop 2
Starting training loop 3
Early stopping at epoch 69 with average val_loss 0.6255720257759094
Best validation loss for validation fold label 2 = 0.6252758502960205
Test scores saved for test fold 4 val fold 2.
Validation fold 3...
Starting training loop 1
Early stopping at epoch 63 with average val_loss 0.6262518167495728
Starting training loop 2
Early stopping at epoch 97 with average val_loss 0.626154363155365
Starting training loop 3
Early stopping at epoch 64 with average val_loss 0.6263590455055237
Best validation loss for validation fold label 3 = 0.626179039478302
Test scores saved for test fold 4 val fold 3.
Averaging nn_scores for each star from the 4 best models...
Full test df with all stars saved!
Plotting after fiducial cuts...
Top 250 ranked stars: Purity = 79.20%
Top 250 ranked stars: Completeness = 33.96%
All done!
