[patch 11] CUDA_VISIBLE_DEVICES = 0
[patch 11] torch.cuda.device_count() = 1
[patch 11] device name = NVIDIA A100-SXM4-40GB
Training Patch 11 with signal parameter rotpmra...
Data for Patch 11
Signal parameter: Rotated and Centered Proper Motion (RA) μ_ϕcosλ
Signal region factor = 1 and sideband region factor = 3
Signal parameter median = -5.215
Signal parameter standard deviation = 0.854
Signal Region Range: [-6.069, -4.361]
Sideband Region Range: [-7.776, -6.069) and (-4.361, -2.653]
Signal Region has 86188 stars, 488 stream and 85700 background.
Sideband Region has 180030 stars, 215 stream and 179815 background.
Outer Region has 733217 stars, 0 stream and 733217 background.
Proper Motion Parameter: Rotated and Centered Proper Motion (RA) μ_ϕcosλ
Using device: cuda
-----------------------------------------------
 
Test fold 0...
Validation fold 1...
Starting training loop 1
Starting training loop 2
Starting training loop 3
Best validation loss for validation fold label 1 = 0.6263466477394104
Test scores saved for test fold 0 val fold 1.
Validation fold 2...
Starting training loop 1
Starting training loop 2
Early stopping at epoch 96 with average val_loss 0.626429557800293
Starting training loop 3
Best validation loss for validation fold label 2 = 0.626106858253479
Test scores saved for test fold 0 val fold 2.
Validation fold 3...
Starting training loop 1
Early stopping at epoch 91 with average val_loss 0.6268288493156433
Starting training loop 2
Starting training loop 3
Best validation loss for validation fold label 3 = 0.6268683671951294
Test scores saved for test fold 0 val fold 3.
Validation fold 4...
Starting training loop 1
Starting training loop 2
Starting training loop 3
Best validation loss for validation fold label 4 = 0.6260290741920471
Test scores saved for test fold 0 val fold 4.
Averaging nn_scores for each star from the 4 best models...
-----------------------------------------------
 
Test fold 1...
Validation fold 0...
Starting training loop 1
Starting training loop 2
Starting training loop 3
Early stopping at epoch 91 with average val_loss 0.6269224286079407
Best validation loss for validation fold label 0 = 0.6266559958457947
Test scores saved for test fold 1 val fold 0.
Validation fold 2...
Starting training loop 1
Starting training loop 2
Starting training loop 3
Best validation loss for validation fold label 2 = 0.6259698271751404
Test scores saved for test fold 1 val fold 2.
Validation fold 3...
Starting training loop 1
Starting training loop 2
Starting training loop 3
Best validation loss for validation fold label 3 = 0.6270117163658142
Test scores saved for test fold 1 val fold 3.
Validation fold 4...
Starting training loop 1
Starting training loop 2
Starting training loop 3
Best validation loss for validation fold label 4 = 0.6258141994476318
Test scores saved for test fold 1 val fold 4.
Averaging nn_scores for each star from the 4 best models...
-----------------------------------------------
 
Test fold 2...
Validation fold 0...
Starting training loop 1
Starting training loop 2
Starting training loop 3
Best validation loss for validation fold label 0 = 0.6264334917068481
Test scores saved for test fold 2 val fold 0.
Validation fold 1...
Starting training loop 1
Starting training loop 2
Starting training loop 3
Best validation loss for validation fold label 1 = 0.6259871125221252
Test scores saved for test fold 2 val fold 1.
Validation fold 3...
Starting training loop 1
Starting training loop 2
Early stopping at epoch 80 with average val_loss 0.6270789504051208
Starting training loop 3
Early stopping at epoch 90 with average val_loss 0.6269700527191162
Best validation loss for validation fold label 3 = 0.6267319321632385
Test scores saved for test fold 2 val fold 3.
Validation fold 4...
Starting training loop 1
Starting training loop 2
Starting training loop 3
Best validation loss for validation fold label 4 = 0.6259154081344604
Test scores saved for test fold 2 val fold 4.
Averaging nn_scores for each star from the 4 best models...
-----------------------------------------------
 
Test fold 3...
Validation fold 0...
Starting training loop 1
Starting training loop 2
Early stopping at epoch 91 with average val_loss 0.6264688968658447
Starting training loop 3
Best validation loss for validation fold label 0 = 0.626060962677002
Test scores saved for test fold 3 val fold 0.
Validation fold 1...
Starting training loop 1
Starting training loop 2
Starting training loop 3
Best validation loss for validation fold label 1 = 0.6260417103767395
Test scores saved for test fold 3 val fold 1.
Validation fold 2...
Starting training loop 1
Starting training loop 2
Starting training loop 3
Best validation loss for validation fold label 2 = 0.6257720589637756
Test scores saved for test fold 3 val fold 2.
Validation fold 4...
Starting training loop 1
Starting training loop 2
Starting training loop 3
Best validation loss for validation fold label 4 = 0.6259572505950928
Test scores saved for test fold 3 val fold 4.
Averaging nn_scores for each star from the 4 best models...
-----------------------------------------------
 
Test fold 4...
Validation fold 0...
Starting training loop 1
Early stopping at epoch 91 with average val_loss 0.6265810132026672
Starting training loop 2
Starting training loop 3
Best validation loss for validation fold label 0 = 0.6264127492904663
Test scores saved for test fold 4 val fold 0.
Validation fold 1...
Starting training loop 1
Starting training loop 2
Starting training loop 3
Best validation loss for validation fold label 1 = 0.6260061264038086
Test scores saved for test fold 4 val fold 1.
Validation fold 2...
Starting training loop 1
Starting training loop 2
Starting training loop 3
Early stopping at epoch 96 with average val_loss 0.6260101199150085
Best validation loss for validation fold label 2 = 0.6258377432823181
Test scores saved for test fold 4 val fold 2.
Validation fold 3...
Starting training loop 1
Early stopping at epoch 88 with average val_loss 0.6276812553405762
Starting training loop 2
Early stopping at epoch 92 with average val_loss 0.6274596452713013
Starting training loop 3
Early stopping at epoch 68 with average val_loss 0.6273261308670044
Best validation loss for validation fold label 3 = 0.6271800994873047
Test scores saved for test fold 4 val fold 3.
Averaging nn_scores for each star from the 4 best models...
Full test df with all stars saved!
Plotting after fiducial cuts...
Top 250 ranked stars: Purity = 85.60%
Top 250 ranked stars: Completeness = 37.94%
All done!
