Training Patch 0 with signal parameter rotpmra...
Data for Patch 0
Signal parameter: Rotated and Centered Proper Motion (RA) μ_ϕcosλ
Signal region factor = 1 and sideband region factor = 3
Signal parameter median = -2.912
Signal parameter standard deviation = 0.943
Signal Region Range: [-3.856, -1.969]
Sideband Region Range: [-5.743, -3.856) and (-1.969, -0.082]
Signal Region has 363129 stars, 261 stream and 362868 background.
Sideband Region has 776360 stars, 117 stream and 776243 background.
Outer Region has 1051703 stars, 0 stream and 1051703 background.
Proper Motion Parameter: Rotated and Centered Proper Motion (RA) μ_ϕcosλ
Using device: cuda
-----------------------------------------------
 
Test fold 0...
Validation fold 1...
Starting training loop 1
Starting training loop 2
Starting training loop 3
Best validation loss for validation fold label 1 = 0.6116194725036621
Test scores saved for test fold 0 val fold 1.
Validation fold 2...
Starting training loop 1
Starting training loop 2
Starting training loop 3
Best validation loss for validation fold label 2 = 0.6119277477264404
Test scores saved for test fold 0 val fold 2.
Validation fold 3...
Starting training loop 1
Early stopping at epoch 89 with average val_loss 0.6112223267555237
Starting training loop 2
Starting training loop 3
Best validation loss for validation fold label 3 = 0.610865592956543
Test scores saved for test fold 0 val fold 3.
Validation fold 4...
Starting training loop 1
Starting training loop 2
Starting training loop 3
Best validation loss for validation fold label 4 = 0.611847996711731
Test scores saved for test fold 0 val fold 4.
Averaging nn_scores for each star from the 4 best models...
-----------------------------------------------
 
Test fold 1...
Validation fold 0...
Starting training loop 1
Starting training loop 2
Starting training loop 3
Best validation loss for validation fold label 0 = 0.6111230254173279
Test scores saved for test fold 1 val fold 0.
Validation fold 2...
Starting training loop 1
Starting training loop 2
Early stopping at epoch 87 with average val_loss 0.6120314598083496
Starting training loop 3
Best validation loss for validation fold label 2 = 0.611840546131134
Test scores saved for test fold 1 val fold 2.
Validation fold 3...
Starting training loop 1
Starting training loop 2
Early stopping at epoch 98 with average val_loss 0.6107783913612366
Starting training loop 3
Best validation loss for validation fold label 3 = 0.6107376217842102
Test scores saved for test fold 1 val fold 3.
Validation fold 4...
Starting training loop 1
Starting training loop 2
Starting training loop 3
Best validation loss for validation fold label 4 = 0.6118793487548828
Test scores saved for test fold 1 val fold 4.
Averaging nn_scores for each star from the 4 best models...
-----------------------------------------------
 
Test fold 2...
Validation fold 0...
Starting training loop 1
Starting training loop 2
Starting training loop 3
Best validation loss for validation fold label 0 = 0.6111241579055786
Test scores saved for test fold 2 val fold 0.
Validation fold 1...
Starting training loop 1
Starting training loop 2
Starting training loop 3
Best validation loss for validation fold label 1 = 0.6116121411323547
Test scores saved for test fold 2 val fold 1.
Validation fold 3...
Starting training loop 1
Starting training loop 2
Starting training loop 3
Best validation loss for validation fold label 3 = 0.6108019351959229
Test scores saved for test fold 2 val fold 3.
Validation fold 4...
Starting training loop 1
Early stopping at epoch 99 with average val_loss 0.6121375560760498
Starting training loop 2
Starting training loop 3
Best validation loss for validation fold label 4 = 0.6118587255477905
Test scores saved for test fold 2 val fold 4.
Averaging nn_scores for each star from the 4 best models...
-----------------------------------------------
 
Test fold 3...
Validation fold 0...
Starting training loop 1
Starting training loop 2
Starting training loop 3
Best validation loss for validation fold label 0 = 0.6111040115356445
Test scores saved for test fold 3 val fold 0.
Validation fold 1...
Starting training loop 1
Starting training loop 2
Starting training loop 3
Best validation loss for validation fold label 1 = 0.6115211248397827
Test scores saved for test fold 3 val fold 1.
Validation fold 2...
Starting training loop 1
Early stopping at epoch 95 with average val_loss 0.6120111346244812
Starting training loop 2
Starting training loop 3
Best validation loss for validation fold label 2 = 0.6118866801261902
Test scores saved for test fold 3 val fold 2.
Validation fold 4...
Starting training loop 1
Starting training loop 2
Starting training loop 3
Best validation loss for validation fold label 4 = 0.6118580102920532
Test scores saved for test fold 3 val fold 4.
Averaging nn_scores for each star from the 4 best models...
-----------------------------------------------
 
Test fold 4...
Validation fold 0...
Starting training loop 1
Starting training loop 2
Starting training loop 3
Best validation loss for validation fold label 0 = 0.6109848618507385
Test scores saved for test fold 4 val fold 0.
Validation fold 1...
Starting training loop 1
Starting training loop 2
Starting training loop 3
Best validation loss for validation fold label 1 = 0.6115765571594238
Test scores saved for test fold 4 val fold 1.
Validation fold 2...
Starting training loop 1
Starting training loop 2
Starting training loop 3
Best validation loss for validation fold label 2 = 0.6119272708892822
Test scores saved for test fold 4 val fold 2.
Validation fold 3...
Starting training loop 1
Starting training loop 2
Early stopping at epoch 95 with average val_loss 0.6108918786048889
Starting training loop 3
Best validation loss for validation fold label 3 = 0.6107549071311951
Test scores saved for test fold 4 val fold 3.
Averaging nn_scores for each star from the 4 best models...
Full test df with all stars saved!
Plotting after fiducial cuts...
Top 250 ranked stars: Purity = 67.20%
Top 250 ranked stars: Completeness = 54.72%
All done!
