[patch 18] CUDA_VISIBLE_DEVICES = 0
[patch 18] torch.cuda.device_count() = 1
[patch 18] device name = NVIDIA A100-SXM4-40GB
Training Patch 18 with signal parameter rotpmdec...
Data for Patch 18
Signal parameter: Rotated and Centered Proper Motion (DEC) μ_λ
Signal region factor = 1 and sideband region factor = 3
Signal parameter median = -3.593
Signal parameter standard deviation = 0.979
Signal Region Range: [-4.573, -2.614]
Sideband Region Range: [-6.531, -4.573) and (-2.614, -0.655]
Signal Region has 170055 stars, 365 stream and 169690 background.
Sideband Region has 302027 stars, 155 stream and 301872 background.
Outer Region has 571383 stars, 5 stream and 571378 background.
Proper Motion Parameter: Rotated and Centered Proper Motion (DEC) μ_λ
Using device: cuda
-----------------------------------------------
 
Test fold 0...
Validation fold 1...
Starting training loop 1
Starting training loop 2
Starting training loop 3
Best validation loss for validation fold label 1 = 0.6499320268630981
Test scores saved for test fold 0 val fold 1.
Validation fold 2...
Starting training loop 1
Starting training loop 2
Starting training loop 3
Best validation loss for validation fold label 2 = 0.6497288346290588
Test scores saved for test fold 0 val fold 2.
Validation fold 3...
Starting training loop 1
Starting training loop 2
Starting training loop 3
Best validation loss for validation fold label 3 = 0.650618314743042
Test scores saved for test fold 0 val fold 3.
Validation fold 4...
Starting training loop 1
Starting training loop 2
Starting training loop 3
Best validation loss for validation fold label 4 = 0.6504204273223877
Test scores saved for test fold 0 val fold 4.
Averaging nn_scores for each star from the 4 best models...
-----------------------------------------------
 
Test fold 1...
Validation fold 0...
Starting training loop 1
Starting training loop 2
Early stopping at epoch 96 with average val_loss 0.6498964428901672
Starting training loop 3
Best validation loss for validation fold label 0 = 0.6497605443000793
Test scores saved for test fold 1 val fold 0.
Validation fold 2...
Starting training loop 1
Starting training loop 2
Starting training loop 3
Best validation loss for validation fold label 2 = 0.6498244404792786
Test scores saved for test fold 1 val fold 2.
Validation fold 3...
Starting training loop 1
Early stopping at epoch 97 with average val_loss 0.6507989764213562
Starting training loop 2
Starting training loop 3
Best validation loss for validation fold label 3 = 0.6507143974304199
Test scores saved for test fold 1 val fold 3.
Validation fold 4...
Starting training loop 1
Starting training loop 2
Early stopping at epoch 88 with average val_loss 0.6503674387931824
Starting training loop 3
Best validation loss for validation fold label 4 = 0.6502909660339355
Test scores saved for test fold 1 val fold 4.
Averaging nn_scores for each star from the 4 best models...
-----------------------------------------------
 
Test fold 2...
Validation fold 0...
Starting training loop 1
Starting training loop 2
Starting training loop 3
Best validation loss for validation fold label 0 = 0.6499546766281128
Test scores saved for test fold 2 val fold 0.
Validation fold 1...
Starting training loop 1
Starting training loop 2
Starting training loop 3
Best validation loss for validation fold label 1 = 0.6501283645629883
Test scores saved for test fold 2 val fold 1.
Validation fold 3...
Starting training loop 1
Starting training loop 2
Starting training loop 3
Early stopping at epoch 92 with average val_loss 0.6507716178894043
Best validation loss for validation fold label 3 = 0.6506637334823608
Test scores saved for test fold 2 val fold 3.
Validation fold 4...
Starting training loop 1
Early stopping at epoch 99 with average val_loss 0.6505985260009766
Starting training loop 2
Starting training loop 3
Best validation loss for validation fold label 4 = 0.6502800583839417
Test scores saved for test fold 2 val fold 4.
Averaging nn_scores for each star from the 4 best models...
-----------------------------------------------
 
Test fold 3...
Validation fold 0...
Starting training loop 1
Starting training loop 2
Starting training loop 3
Best validation loss for validation fold label 0 = 0.6498885750770569
Test scores saved for test fold 3 val fold 0.
Validation fold 1...
Starting training loop 1
Early stopping at epoch 92 with average val_loss 0.6503129601478577
Starting training loop 2
Early stopping at epoch 96 with average val_loss 0.6502282619476318
Starting training loop 3
Early stopping at epoch 87 with average val_loss 0.6500567197799683
Best validation loss for validation fold label 1 = 0.6499553918838501
Test scores saved for test fold 3 val fold 1.
Validation fold 2...
Starting training loop 1
Starting training loop 2
Starting training loop 3
Best validation loss for validation fold label 2 = 0.6496513485908508
Test scores saved for test fold 3 val fold 2.
Validation fold 4...
Starting training loop 1
Starting training loop 2
Early stopping at epoch 95 with average val_loss 0.6505218148231506
Starting training loop 3
Best validation loss for validation fold label 4 = 0.6501753330230713
Test scores saved for test fold 3 val fold 4.
Averaging nn_scores for each star from the 4 best models...
-----------------------------------------------
 
Test fold 4...
Validation fold 0...
Starting training loop 1
Starting training loop 2
Starting training loop 3
Early stopping at epoch 87 with average val_loss 0.6500652432441711
Best validation loss for validation fold label 0 = 0.6499959230422974
Test scores saved for test fold 4 val fold 0.
Validation fold 1...
Starting training loop 1
Starting training loop 2
Starting training loop 3
Early stopping at epoch 95 with average val_loss 0.6500259041786194
Best validation loss for validation fold label 1 = 0.6498375535011292
Test scores saved for test fold 4 val fold 1.
Validation fold 2...
Starting training loop 1
Early stopping at epoch 97 with average val_loss 0.6497543454170227
Starting training loop 2
Early stopping at epoch 99 with average val_loss 0.6498842835426331
Starting training loop 3
Early stopping at epoch 93 with average val_loss 0.6502145528793335
Best validation loss for validation fold label 2 = 0.6497317552566528
Test scores saved for test fold 4 val fold 2.
Validation fold 3...
Starting training loop 1
Starting training loop 2
Starting training loop 3
Best validation loss for validation fold label 3 = 0.6506686210632324
Test scores saved for test fold 4 val fold 3.
Averaging nn_scores for each star from the 4 best models...
Full test df with all stars saved!
Plotting after fiducial cuts...
Top 250 ranked stars: Purity = 0.00%
Top 250 ranked stars: Completeness = 0.00%
All done!
