[patch 6] CUDA_VISIBLE_DEVICES = 0
[patch 6] torch.cuda.device_count() = 1
[patch 6] device name = NVIDIA A100-SXM4-40GB
Training Patch 6 with signal parameter rotpmdec...
Data for Patch 6
Signal parameter: Rotated and Centered Proper Motion (DEC) μ_λ
Signal region factor = 1 and sideband region factor = 3
Signal parameter median = -0.677
Signal parameter standard deviation = 0.806
Signal Region Range: [-1.483, 0.129]
Sideband Region Range: [-3.096, -1.483) and (0.129, 1.742]
Signal Region has 211310 stars, 227 stream and 211083 background.
Sideband Region has 345145 stars, 109 stream and 345036 background.
Outer Region has 927129 stars, 0 stream and 927129 background.
Proper Motion Parameter: Rotated and Centered Proper Motion (DEC) μ_λ
Using device: cuda
-----------------------------------------------
 
Test fold 0...
Validation fold 1...
Starting training loop 1
Early stopping at epoch 96 with average val_loss 0.6581290364265442
Starting training loop 2
Early stopping at epoch 95 with average val_loss 0.6579251289367676
Starting training loop 3
Early stopping at epoch 94 with average val_loss 0.6582505702972412
Best validation loss for validation fold label 1 = 0.6578246355056763
Test scores saved for test fold 0 val fold 1.
Validation fold 2...
Starting training loop 1
Early stopping at epoch 93 with average val_loss 0.6576749086380005
Starting training loop 2
Starting training loop 3
Best validation loss for validation fold label 2 = 0.657534658908844
Test scores saved for test fold 0 val fold 2.
Validation fold 3...
Starting training loop 1
Starting training loop 2
Starting training loop 3
Best validation loss for validation fold label 3 = 0.6575586795806885
Test scores saved for test fold 0 val fold 3.
Validation fold 4...
Starting training loop 1
Early stopping at epoch 77 with average val_loss 0.6574438214302063
Starting training loop 2
Starting training loop 3
Best validation loss for validation fold label 4 = 0.6573161482810974
Test scores saved for test fold 0 val fold 4.
Averaging nn_scores for each star from the 4 best models...
-----------------------------------------------
 
Test fold 1...
Validation fold 0...
Starting training loop 1
Early stopping at epoch 81 with average val_loss 0.6576539874076843
Starting training loop 2
Early stopping at epoch 88 with average val_loss 0.6578473448753357
Starting training loop 3
Best validation loss for validation fold label 0 = 0.6576154828071594
Test scores saved for test fold 1 val fold 0.
Validation fold 2...
Starting training loop 1
Early stopping at epoch 81 with average val_loss 0.6576871275901794
Starting training loop 2
Early stopping at epoch 91 with average val_loss 0.65769362449646
Starting training loop 3
Early stopping at epoch 92 with average val_loss 0.6578459143638611
Best validation loss for validation fold label 2 = 0.6575461626052856
Test scores saved for test fold 1 val fold 2.
Validation fold 3...
Starting training loop 1
Starting training loop 2
Starting training loop 3
Early stopping at epoch 95 with average val_loss 0.6576770544052124
Best validation loss for validation fold label 3 = 0.6575501561164856
Test scores saved for test fold 1 val fold 3.
Validation fold 4...
Starting training loop 1
Starting training loop 2
Early stopping at epoch 98 with average val_loss 0.6575917601585388
Starting training loop 3
Early stopping at epoch 82 with average val_loss 0.6578395962715149
Best validation loss for validation fold label 4 = 0.6573143005371094
Test scores saved for test fold 1 val fold 4.
Averaging nn_scores for each star from the 4 best models...
-----------------------------------------------
 
Test fold 2...
Validation fold 0...
Starting training loop 1
Starting training loop 2
Starting training loop 3
Early stopping at epoch 81 with average val_loss 0.6575401425361633
Best validation loss for validation fold label 0 = 0.6574059724807739
Test scores saved for test fold 2 val fold 0.
Validation fold 1...
Starting training loop 1
Starting training loop 2
Starting training loop 3
Early stopping at epoch 87 with average val_loss 0.6579926609992981
Best validation loss for validation fold label 1 = 0.6577494144439697
Test scores saved for test fold 2 val fold 1.
Validation fold 3...
Starting training loop 1
Starting training loop 2
Early stopping at epoch 89 with average val_loss 0.6576467752456665
Starting training loop 3
Early stopping at epoch 97 with average val_loss 0.6577802896499634
Best validation loss for validation fold label 3 = 0.6576080322265625
Test scores saved for test fold 2 val fold 3.
Validation fold 4...
Starting training loop 1
Starting training loop 2
Early stopping at epoch 84 with average val_loss 0.6574931740760803
Starting training loop 3
Best validation loss for validation fold label 4 = 0.6572856903076172
Test scores saved for test fold 2 val fold 4.
Averaging nn_scores for each star from the 4 best models...
-----------------------------------------------
 
Test fold 3...
Validation fold 0...
Starting training loop 1
Early stopping at epoch 90 with average val_loss 0.6579092741012573
Starting training loop 2
Early stopping at epoch 90 with average val_loss 0.6576780080795288
Starting training loop 3
Early stopping at epoch 86 with average val_loss 0.6577273607254028
Best validation loss for validation fold label 0 = 0.6575637459754944
Test scores saved for test fold 3 val fold 0.
Validation fold 1...
Starting training loop 1
Early stopping at epoch 94 with average val_loss 0.6581621766090393
Starting training loop 2
Starting training loop 3
Early stopping at epoch 84 with average val_loss 0.6579436659812927
Best validation loss for validation fold label 1 = 0.6578269004821777
Test scores saved for test fold 3 val fold 1.
Validation fold 2...
Starting training loop 1
Early stopping at epoch 93 with average val_loss 0.6579433679580688
Starting training loop 2
Starting training loop 3
Early stopping at epoch 89 with average val_loss 0.6577404141426086
Best validation loss for validation fold label 2 = 0.6576380133628845
Test scores saved for test fold 3 val fold 2.
Validation fold 4...
Starting training loop 1
Starting training loop 2
Early stopping at epoch 99 with average val_loss 0.6574859023094177
Starting training loop 3
Best validation loss for validation fold label 4 = 0.6571705341339111
Test scores saved for test fold 3 val fold 4.
Averaging nn_scores for each star from the 4 best models...
-----------------------------------------------
 
Test fold 4...
Validation fold 0...
Starting training loop 1
Starting training loop 2
Starting training loop 3
Early stopping at epoch 80 with average val_loss 0.6575931906700134
Best validation loss for validation fold label 0 = 0.6575304269790649
Test scores saved for test fold 4 val fold 0.
Validation fold 1...
Starting training loop 1
Early stopping at epoch 77 with average val_loss 0.6581911444664001
Starting training loop 2
Early stopping at epoch 89 with average val_loss 0.6582731008529663
Starting training loop 3
Early stopping at epoch 90 with average val_loss 0.6582317352294922
Best validation loss for validation fold label 1 = 0.6579306125640869
Test scores saved for test fold 4 val fold 1.
Validation fold 2...
Starting training loop 1
Starting training loop 2
Early stopping at epoch 97 with average val_loss 0.6578536629676819
Starting training loop 3
Early stopping at epoch 85 with average val_loss 0.6577663421630859
Best validation loss for validation fold label 2 = 0.6576772332191467
Test scores saved for test fold 4 val fold 2.
Validation fold 3...
Starting training loop 1
Starting training loop 2
Starting training loop 3
Early stopping at epoch 95 with average val_loss 0.6576045155525208
Best validation loss for validation fold label 3 = 0.6574799418449402
Test scores saved for test fold 4 val fold 3.
Averaging nn_scores for each star from the 4 best models...
Full test df with all stars saved!
Plotting after fiducial cuts...
Top 250 ranked stars: Purity = 0.00%
Top 250 ranked stars: Completeness = 0.00%
All done!
