[patch 18] CUDA_VISIBLE_DEVICES = 0
[patch 18] torch.cuda.device_count() = 1
[patch 18] device name = NVIDIA A100-SXM4-40GB
Training Patch 18 with signal parameter rotpmdec...
Data for Patch 18
Signal parameter: Rotated and Centered Proper Motion (DEC) μ_λ
Signal region factor = 1 and sideband region factor = 3
Signal parameter median = -3.593
Signal parameter standard deviation = 0.979
Signal Region Range: [-4.573, -2.614]
Sideband Region Range: [-6.531, -4.573) and (-2.614, -0.655]
Signal Region has 170055 stars, 365 stream and 169690 background.
Sideband Region has 302027 stars, 155 stream and 301872 background.
Outer Region has 571383 stars, 5 stream and 571378 background.
Proper Motion Parameter: Rotated and Centered Proper Motion (DEC) μ_λ
Using device: cuda
-----------------------------------------------
 
Test fold 0...
Validation fold 1...
Starting training loop 1
Starting training loop 2
Starting training loop 3
Early stopping at epoch 85 with average val_loss 0.6499728560447693
Best validation loss for validation fold label 1 = 0.6499432921409607
Test scores saved for test fold 0 val fold 1.
Validation fold 2...
Starting training loop 1
Starting training loop 2
Starting training loop 3
Best validation loss for validation fold label 2 = 0.6495845317840576
Test scores saved for test fold 0 val fold 2.
Validation fold 3...
Starting training loop 1
Starting training loop 2
Starting training loop 3
Best validation loss for validation fold label 3 = 0.6505782008171082
Test scores saved for test fold 0 val fold 3.
Validation fold 4...
Starting training loop 1
Starting training loop 2
Early stopping at epoch 99 with average val_loss 0.650486946105957
Starting training loop 3
Best validation loss for validation fold label 4 = 0.6503855586051941
Test scores saved for test fold 0 val fold 4.
Averaging nn_scores for each star from the 4 best models...
-----------------------------------------------
 
Test fold 1...
Validation fold 0...
Starting training loop 1
Starting training loop 2
Starting training loop 3
Best validation loss for validation fold label 0 = 0.6499045491218567
Test scores saved for test fold 1 val fold 0.
Validation fold 2...
Starting training loop 1
Starting training loop 2
Starting training loop 3
Best validation loss for validation fold label 2 = 0.6498681306838989
Test scores saved for test fold 1 val fold 2.
Validation fold 3...
Starting training loop 1
Starting training loop 2
Starting training loop 3
Best validation loss for validation fold label 3 = 0.6506698131561279
Test scores saved for test fold 1 val fold 3.
Validation fold 4...
Starting training loop 1
Early stopping at epoch 80 with average val_loss 0.6504830121994019
Starting training loop 2
Starting training loop 3
Early stopping at epoch 97 with average val_loss 0.6505112051963806
Best validation loss for validation fold label 4 = 0.6503196358680725
Test scores saved for test fold 1 val fold 4.
Averaging nn_scores for each star from the 4 best models...
-----------------------------------------------
 
Test fold 2...
Validation fold 0...
Starting training loop 1
Starting training loop 2
Starting training loop 3
Best validation loss for validation fold label 0 = 0.6499258279800415
Test scores saved for test fold 2 val fold 0.
Validation fold 1...
Starting training loop 1
Starting training loop 2
Starting training loop 3
Early stopping at epoch 95 with average val_loss 0.6503692269325256
Best validation loss for validation fold label 1 = 0.650154173374176
Test scores saved for test fold 2 val fold 1.
Validation fold 3...
Starting training loop 1
