[patch 12] CUDA_VISIBLE_DEVICES = 0
[patch 12] torch.cuda.device_count() = 1
[patch 12] device name = NVIDIA A100-SXM4-40GB
Training Patch 12 with signal parameter rotpmdec...
Data for Patch 12
Signal parameter: Rotated and Centered Proper Motion (DEC) μ_λ
Signal region factor = 1 and sideband region factor = 3
Signal parameter median = -12.498
Signal parameter standard deviation = 1.123
Signal Region Range: [-13.621, -11.375]
Sideband Region Range: [-15.866, -13.621) and (-11.375, -9.130]
Signal Region has 43970 stars, 412 stream and 43558 background.
Sideband Region has 95505 stars, 91 stream and 95414 background.
Outer Region has 790695 stars, 16 stream and 790679 background.
Proper Motion Parameter: Rotated and Centered Proper Motion (DEC) μ_λ
Using device: cuda
-----------------------------------------------
 
Test fold 0...
Validation fold 1...
Starting training loop 1
Starting training loop 2
Starting training loop 3
Best validation loss for validation fold label 1 = 0.6216763257980347
Test scores saved for test fold 0 val fold 1.
Validation fold 2...
Starting training loop 1
Starting training loop 2
Starting training loop 3
Best validation loss for validation fold label 2 = 0.6214303970336914
Test scores saved for test fold 0 val fold 2.
Validation fold 3...
Starting training loop 1
Starting training loop 2
Starting training loop 3
Best validation loss for validation fold label 3 = 0.6207535862922668
Test scores saved for test fold 0 val fold 3.
Validation fold 4...
Starting training loop 1
Starting training loop 2
Starting training loop 3
Best validation loss for validation fold label 4 = 0.6214041113853455
Test scores saved for test fold 0 val fold 4.
Averaging nn_scores for each star from the 4 best models...
-----------------------------------------------
 
Test fold 1...
Validation fold 0...
Starting training loop 1
Starting training loop 2
Starting training loop 3
Best validation loss for validation fold label 0 = 0.6218486428260803
Test scores saved for test fold 1 val fold 0.
Validation fold 2...
Starting training loop 1
Starting training loop 2
Starting training loop 3
Best validation loss for validation fold label 2 = 0.6218806505203247
Test scores saved for test fold 1 val fold 2.
Validation fold 3...
Starting training loop 1
Starting training loop 2
Starting training loop 3
Best validation loss for validation fold label 3 = 0.6212344169616699
Test scores saved for test fold 1 val fold 3.
Validation fold 4...
Starting training loop 1
Starting training loop 2
Starting training loop 3
Best validation loss for validation fold label 4 = 0.6211886405944824
Test scores saved for test fold 1 val fold 4.
Averaging nn_scores for each star from the 4 best models...
-----------------------------------------------
 
Test fold 2...
Validation fold 0...
Starting training loop 1
Starting training loop 2
Starting training loop 3
Best validation loss for validation fold label 0 = 0.6213418841362
Test scores saved for test fold 2 val fold 0.
Validation fold 1...
Starting training loop 1
Starting training loop 2
Starting training loop 3
Best validation loss for validation fold label 1 = 0.6211045980453491
Test scores saved for test fold 2 val fold 1.
Validation fold 3...
Starting training loop 1
Starting training loop 2
Starting training loop 3
Best validation loss for validation fold label 3 = 0.6203436851501465
Test scores saved for test fold 2 val fold 3.
Validation fold 4...
Starting training loop 1
Starting training loop 2
Starting training loop 3
Best validation loss for validation fold label 4 = 0.6217314600944519
Test scores saved for test fold 2 val fold 4.
Averaging nn_scores for each star from the 4 best models...
-----------------------------------------------
 
Test fold 3...
Validation fold 0...
Starting training loop 1
Starting training loop 2
Starting training loop 3
Best validation loss for validation fold label 0 = 0.6218142509460449
Test scores saved for test fold 3 val fold 0.
Validation fold 1...
Starting training loop 1
Starting training loop 2
Starting training loop 3
Best validation loss for validation fold label 1 = 0.6215576529502869
Test scores saved for test fold 3 val fold 1.
Validation fold 2...
Starting training loop 1
Starting training loop 2
Starting training loop 3
Best validation loss for validation fold label 2 = 0.6217266321182251
Test scores saved for test fold 3 val fold 2.
Validation fold 4...
Starting training loop 1
Starting training loop 2
Starting training loop 3
Best validation loss for validation fold label 4 = 0.6218996644020081
Test scores saved for test fold 3 val fold 4.
Averaging nn_scores for each star from the 4 best models...
-----------------------------------------------
 
Test fold 4...
Validation fold 0...
Starting training loop 1
Starting training loop 2
Starting training loop 3
Best validation loss for validation fold label 0 = 0.6214413642883301
Test scores saved for test fold 4 val fold 0.
Validation fold 1...
Starting training loop 1
Starting training loop 2
Starting training loop 3
Best validation loss for validation fold label 1 = 0.6214287281036377
Test scores saved for test fold 4 val fold 1.
Validation fold 2...
Starting training loop 1
Starting training loop 2
Starting training loop 3
Best validation loss for validation fold label 2 = 0.6214907765388489
Test scores saved for test fold 4 val fold 2.
Validation fold 3...
Starting training loop 1
Starting training loop 2
Starting training loop 3
Best validation loss for validation fold label 3 = 0.6207553744316101
Test scores saved for test fold 4 val fold 3.
Averaging nn_scores for each star from the 4 best models...
Full test df with all stars saved!
Plotting after fiducial cuts...
Top 250 ranked stars: Purity = 84.80%
Top 250 ranked stars: Completeness = 52.74%
All done!
