[patch 11] CUDA_VISIBLE_DEVICES = 0
[patch 11] torch.cuda.device_count() = 1
[patch 11] device name = NVIDIA A100-SXM4-40GB
Training Patch 11 with signal parameter rotpmdec...
Data for Patch 11
Signal parameter: Rotated and Centered Proper Motion (DEC) μ_λ
Signal region factor = 1 and sideband region factor = 3
Signal parameter median = -12.336
Signal parameter standard deviation = 1.149
Signal Region Range: [-13.485, -11.187]
Sideband Region Range: [-15.782, -13.485) and (-11.187, -8.889]
Signal Region has 52714 stars, 541 stream and 52173 background.
Sideband Region has 114699 stars, 149 stream and 114550 background.
Outer Region has 832022 stars, 13 stream and 832009 background.
Proper Motion Parameter: Rotated and Centered Proper Motion (DEC) μ_λ
Using device: cuda
-----------------------------------------------
 
Test fold 0...
Validation fold 1...
Starting training loop 1
Starting training loop 2
Starting training loop 3
Best validation loss for validation fold label 1 = 0.6196271777153015
Test scores saved for test fold 0 val fold 1.
Validation fold 2...
Starting training loop 1
Starting training loop 2
Starting training loop 3
Best validation loss for validation fold label 2 = 0.6198155283927917
Test scores saved for test fold 0 val fold 2.
Validation fold 3...
Starting training loop 1
Starting training loop 2
Starting training loop 3
Best validation loss for validation fold label 3 = 0.6198030710220337
Test scores saved for test fold 0 val fold 3.
Validation fold 4...
Starting training loop 1
Starting training loop 2
Starting training loop 3
Best validation loss for validation fold label 4 = 0.620143473148346
Test scores saved for test fold 0 val fold 4.
Averaging nn_scores for each star from the 4 best models...
-----------------------------------------------
 
Test fold 1...
Validation fold 0...
Starting training loop 1
Starting training loop 2
Starting training loop 3
Best validation loss for validation fold label 0 = 0.6202586889266968
Test scores saved for test fold 1 val fold 0.
Validation fold 2...
Starting training loop 1
Starting training loop 2
Starting training loop 3
Best validation loss for validation fold label 2 = 0.6199371218681335
Test scores saved for test fold 1 val fold 2.
Validation fold 3...
Starting training loop 1
Starting training loop 2
Starting training loop 3
Best validation loss for validation fold label 3 = 0.6196832060813904
Test scores saved for test fold 1 val fold 3.
Validation fold 4...
Starting training loop 1
Starting training loop 2
Starting training loop 3
Best validation loss for validation fold label 4 = 0.6204690337181091
Test scores saved for test fold 1 val fold 4.
Averaging nn_scores for each star from the 4 best models...
-----------------------------------------------
 
Test fold 2...
Validation fold 0...
Starting training loop 1
Starting training loop 2
Starting training loop 3
Best validation loss for validation fold label 0 = 0.6198376417160034
Test scores saved for test fold 2 val fold 0.
Validation fold 1...
Starting training loop 1
Starting training loop 2
Starting training loop 3
Best validation loss for validation fold label 1 = 0.6196302771568298
Test scores saved for test fold 2 val fold 1.
Validation fold 3...
Starting training loop 1
Starting training loop 2
Starting training loop 3
Best validation loss for validation fold label 3 = 0.6197959780693054
Test scores saved for test fold 2 val fold 3.
Validation fold 4...
Starting training loop 1
Starting training loop 2
Starting training loop 3
Best validation loss for validation fold label 4 = 0.620419979095459
Test scores saved for test fold 2 val fold 4.
Averaging nn_scores for each star from the 4 best models...
-----------------------------------------------
 
Test fold 3...
Validation fold 0...
Starting training loop 1
Starting training loop 2
Starting training loop 3
Best validation loss for validation fold label 0 = 0.6199276447296143
Test scores saved for test fold 3 val fold 0.
Validation fold 1...
Starting training loop 1
Starting training loop 2
Starting training loop 3
Best validation loss for validation fold label 1 = 0.6194978356361389
Test scores saved for test fold 3 val fold 1.
Validation fold 2...
Starting training loop 1
Starting training loop 2
Starting training loop 3
Best validation loss for validation fold label 2 = 0.619951605796814
Test scores saved for test fold 3 val fold 2.
Validation fold 4...
Starting training loop 1
Starting training loop 2
Starting training loop 3
Best validation loss for validation fold label 4 = 0.6198288798332214
Test scores saved for test fold 3 val fold 4.
Averaging nn_scores for each star from the 4 best models...
-----------------------------------------------
 
Test fold 4...
Validation fold 0...
Starting training loop 1
Starting training loop 2
Starting training loop 3
Best validation loss for validation fold label 0 = 0.6204603910446167
Test scores saved for test fold 4 val fold 0.
Validation fold 1...
Starting training loop 1
Starting training loop 2
Starting training loop 3
Best validation loss for validation fold label 1 = 0.6194643974304199
Test scores saved for test fold 4 val fold 1.
Validation fold 2...
Starting training loop 1
Starting training loop 2
Starting training loop 3
Best validation loss for validation fold label 2 = 0.6204397678375244
Test scores saved for test fold 4 val fold 2.
Validation fold 3...
Starting training loop 1
Starting training loop 2
Starting training loop 3
Best validation loss for validation fold label 3 = 0.6199199557304382
Test scores saved for test fold 4 val fold 3.
Averaging nn_scores for each star from the 4 best models...
Full test df with all stars saved!
Plotting after fiducial cuts...
Top 250 ranked stars: Purity = 80.80%
Top 250 ranked stars: Completeness = 36.59%
All done!
