[patch 14] CUDA_VISIBLE_DEVICES = 0
[patch 14] torch.cuda.device_count() = 1
[patch 14] device name = NVIDIA A100-SXM4-40GB
Training Patch 14 with signal parameter rotpmdec...
Data for Patch 14
Signal parameter: Rotated and Centered Proper Motion (DEC) μ_λ
Signal region factor = 1 and sideband region factor = 3
Signal parameter median = -5.285
Signal parameter standard deviation = 1.033
Signal Region Range: [-6.318, -4.252]
Sideband Region Range: [-8.384, -6.318) and (-4.252, -2.185]
Signal Region has 162512 stars, 566 stream and 161946 background.
Sideband Region has 313400 stars, 233 stream and 313167 background.
Outer Region has 567155 stars, 7 stream and 567148 background.
Proper Motion Parameter: Rotated and Centered Proper Motion (DEC) μ_λ
Using device: cuda
-----------------------------------------------
 
Test fold 0...
Validation fold 1...
Starting training loop 1
Starting training loop 2
Starting training loop 3
Best validation loss for validation fold label 1 = 0.6385788917541504
Test scores saved for test fold 0 val fold 1.
Validation fold 2...
Starting training loop 1
Early stopping at epoch 90 with average val_loss 0.638866126537323
Starting training loop 2
Starting training loop 3
Best validation loss for validation fold label 2 = 0.6387361288070679
Test scores saved for test fold 0 val fold 2.
Validation fold 3...
Starting training loop 1
Starting training loop 2
Starting training loop 3
Best validation loss for validation fold label 3 = 0.638835608959198
Test scores saved for test fold 0 val fold 3.
Validation fold 4...
Starting training loop 1
Starting training loop 2
Starting training loop 3
Best validation loss for validation fold label 4 = 0.6389853954315186
Test scores saved for test fold 0 val fold 4.
Averaging nn_scores for each star from the 4 best models...
-----------------------------------------------
 
Test fold 1...
Validation fold 0...
Starting training loop 1
Starting training loop 2
Starting training loop 3
Early stopping at epoch 89 with average val_loss 0.6396329998970032
Best validation loss for validation fold label 0 = 0.6393104791641235
Test scores saved for test fold 1 val fold 0.
Validation fold 2...
Starting training loop 1
Starting training loop 2
Starting training loop 3
Early stopping at epoch 93 with average val_loss 0.6389408707618713
Best validation loss for validation fold label 2 = 0.6387661695480347
Test scores saved for test fold 1 val fold 2.
Validation fold 3...
Starting training loop 1
Starting training loop 2
Starting training loop 3
Best validation loss for validation fold label 3 = 0.638816237449646
Test scores saved for test fold 1 val fold 3.
Validation fold 4...
Starting training loop 1
Starting training loop 2
Starting training loop 3
Early stopping at epoch 88 with average val_loss 0.6393901109695435
Best validation loss for validation fold label 4 = 0.6391423940658569
Test scores saved for test fold 1 val fold 4.
Averaging nn_scores for each star from the 4 best models...
-----------------------------------------------
 
Test fold 2...
Validation fold 0...
Starting training loop 1
Starting training loop 2
Early stopping at epoch 96 with average val_loss 0.6394568681716919
Starting training loop 3
Best validation loss for validation fold label 0 = 0.6393440365791321
Test scores saved for test fold 2 val fold 0.
Validation fold 1...
Starting training loop 1
Starting training loop 2
