[patch 6] CUDA_VISIBLE_DEVICES = 0
[patch 6] torch.cuda.device_count() = 1
[patch 6] device name = NVIDIA A100-SXM4-40GB
Training Patch 6 with signal parameter rotpmdec...
Data for Patch 6
Signal parameter: Rotated and Centered Proper Motion (DEC) μ_λ
Signal region factor = 1 and sideband region factor = 3
Signal parameter median = -0.677
Signal parameter standard deviation = 0.806
Signal Region Range: [-1.483, 0.129]
Sideband Region Range: [-3.096, -1.483) and (0.129, 1.742]
Signal Region has 211310 stars, 227 stream and 211083 background.
Sideband Region has 345145 stars, 109 stream and 345036 background.
Outer Region has 927129 stars, 0 stream and 927129 background.
Proper Motion Parameter: Rotated and Centered Proper Motion (DEC) μ_λ
Using device: cuda
-----------------------------------------------
 
Test fold 0...
Validation fold 1...
Starting training loop 1
Early stopping at epoch 94 with average val_loss 0.658035397529602
Starting training loop 2
Early stopping at epoch 76 with average val_loss 0.6579713821411133
Starting training loop 3
Early stopping at epoch 98 with average val_loss 0.6580485701560974
Best validation loss for validation fold label 1 = 0.6578285694122314
Test scores saved for test fold 0 val fold 1.
Validation fold 2...
Starting training loop 1
Early stopping at epoch 97 with average val_loss 0.6577081084251404
Starting training loop 2
Early stopping at epoch 91 with average val_loss 0.657778263092041
Starting training loop 3
Best validation loss for validation fold label 2 = 0.6574098467826843
Test scores saved for test fold 0 val fold 2.
Validation fold 3...
Starting training loop 1
Starting training loop 2
Starting training loop 3
Best validation loss for validation fold label 3 = 0.6577037572860718
Test scores saved for test fold 0 val fold 3.
Validation fold 4...
Starting training loop 1
Early stopping at epoch 85 with average val_loss 0.6574519872665405
Starting training loop 2
Early stopping at epoch 83 with average val_loss 0.6574505567550659
Starting training loop 3
Best validation loss for validation fold label 4 = 0.6572644114494324
Test scores saved for test fold 0 val fold 4.
Averaging nn_scores for each star from the 4 best models...
-----------------------------------------------
 
Test fold 1...
Validation fold 0...
Starting training loop 1
Early stopping at epoch 92 with average val_loss 0.6576451659202576
Starting training loop 2
Starting training loop 3
Early stopping at epoch 82 with average val_loss 0.6577833890914917
Best validation loss for validation fold label 0 = 0.6575372815132141
Test scores saved for test fold 1 val fold 0.
Validation fold 2...
Starting training loop 1
Early stopping at epoch 90 with average val_loss 0.6577574610710144
Starting training loop 2
Starting training loop 3
Best validation loss for validation fold label 2 = 0.6575669646263123
Test scores saved for test fold 1 val fold 2.
Validation fold 3...
Starting training loop 1
Starting training loop 2
Starting training loop 3
Best validation loss for validation fold label 3 = 0.6575149893760681
Test scores saved for test fold 1 val fold 3.
Validation fold 4...
Starting training loop 1
Early stopping at epoch 97 with average val_loss 0.6575341820716858
Starting training loop 2
Early stopping at epoch 97 with average val_loss 0.657845675945282
Starting training loop 3
Early stopping at epoch 84 with average val_loss 0.6574832201004028
Best validation loss for validation fold label 4 = 0.6573793292045593
Test scores saved for test fold 1 val fold 4.
Averaging nn_scores for each star from the 4 best models...
-----------------------------------------------
 
Test fold 2...
Validation fold 0...
Starting training loop 1
Starting training loop 2
Starting training loop 3
