[patch 1] CUDA_VISIBLE_DEVICES = 0
[patch 1] torch.cuda.device_count() = 1
[patch 1] device name = NVIDIA A100-SXM4-40GB
Training Patch 1 with signal parameter rotpmdec...
Data for Patch 1
Signal parameter: Rotated and Centered Proper Motion (DEC) μ_λ
Signal region factor = 1 and sideband region factor = 3
Signal parameter median = -12.456
Signal parameter standard deviation = 1.462
Signal Region Range: [-13.918, -10.994]
Sideband Region Range: [-16.843, -13.918) and (-10.994, -8.070]
Signal Region has 66288 stars, 303 stream and 65985 background.
Sideband Region has 168862 stars, 86 stream and 168776 background.
Outer Region has 1890300 stars, 3 stream and 1890297 background.
Proper Motion Parameter: Rotated and Centered Proper Motion (DEC) μ_λ
Using device: cuda
-----------------------------------------------
 
Test fold 0...
Validation fold 1...
Starting training loop 1
Starting training loop 2
Starting training loop 3
Best validation loss for validation fold label 1 = 0.5899002552032471
Test scores saved for test fold 0 val fold 1.
Validation fold 2...
Starting training loop 1
Starting training loop 2
Starting training loop 3
Best validation loss for validation fold label 2 = 0.5894275307655334
Test scores saved for test fold 0 val fold 2.
Validation fold 3...
Starting training loop 1
Starting training loop 2
Starting training loop 3
Best validation loss for validation fold label 3 = 0.5896457433700562
Test scores saved for test fold 0 val fold 3.
Validation fold 4...
Starting training loop 1
Starting training loop 2
Starting training loop 3
Best validation loss for validation fold label 4 = 0.5904505252838135
Test scores saved for test fold 0 val fold 4.
Averaging nn_scores for each star from the 4 best models...
-----------------------------------------------
 
Test fold 1...
Validation fold 0...
Starting training loop 1
Starting training loop 2
Starting training loop 3
Best validation loss for validation fold label 0 = 0.589764416217804
Test scores saved for test fold 1 val fold 0.
Validation fold 2...
Starting training loop 1
Starting training loop 2
Starting training loop 3
Best validation loss for validation fold label 2 = 0.5895341038703918
Test scores saved for test fold 1 val fold 2.
Validation fold 3...
Starting training loop 1
Starting training loop 2
Starting training loop 3
Best validation loss for validation fold label 3 = 0.5900473594665527
Test scores saved for test fold 1 val fold 3.
Validation fold 4...
Starting training loop 1
Starting training loop 2
Starting training loop 3
Best validation loss for validation fold label 4 = 0.5905945897102356
Test scores saved for test fold 1 val fold 4.
Averaging nn_scores for each star from the 4 best models...
-----------------------------------------------
 
Test fold 2...
Validation fold 0...
Starting training loop 1
Starting training loop 2
Starting training loop 3
Best validation loss for validation fold label 0 = 0.5894744992256165
Test scores saved for test fold 2 val fold 0.
Validation fold 1...
Starting training loop 1
Starting training loop 2
Starting training loop 3
Best validation loss for validation fold label 1 = 0.5897060632705688
Test scores saved for test fold 2 val fold 1.
Validation fold 3...
Starting training loop 1
Starting training loop 2
Starting training loop 3
Best validation loss for validation fold label 3 = 0.5900524258613586
Test scores saved for test fold 2 val fold 3.
Validation fold 4...
Starting training loop 1
Starting training loop 2
Starting training loop 3
Best validation loss for validation fold label 4 = 0.5903272032737732
Test scores saved for test fold 2 val fold 4.
Averaging nn_scores for each star from the 4 best models...
-----------------------------------------------
 
Test fold 3...
Validation fold 0...
Starting training loop 1
Starting training loop 2
Starting training loop 3
Best validation loss for validation fold label 0 = 0.5896928310394287
Test scores saved for test fold 3 val fold 0.
Validation fold 1...
Starting training loop 1
Starting training loop 2
Starting training loop 3
Best validation loss for validation fold label 1 = 0.590045690536499
Test scores saved for test fold 3 val fold 1.
Validation fold 2...
Starting training loop 1
Starting training loop 2
Starting training loop 3
Best validation loss for validation fold label 2 = 0.5897234678268433
Test scores saved for test fold 3 val fold 2.
Validation fold 4...
Starting training loop 1
Starting training loop 2
Starting training loop 3
Best validation loss for validation fold label 4 = 0.5903525352478027
Test scores saved for test fold 3 val fold 4.
Averaging nn_scores for each star from the 4 best models...
-----------------------------------------------
 
Test fold 4...
Validation fold 0...
Starting training loop 1
Starting training loop 2
Starting training loop 3
Best validation loss for validation fold label 0 = 0.5895180106163025
Test scores saved for test fold 4 val fold 0.
Validation fold 1...
Starting training loop 1
Starting training loop 2
Starting training loop 3
Best validation loss for validation fold label 1 = 0.5897689461708069
Test scores saved for test fold 4 val fold 1.
Validation fold 2...
Starting training loop 1
Starting training loop 2
Starting training loop 3
Best validation loss for validation fold label 2 = 0.5894016623497009
Test scores saved for test fold 4 val fold 2.
Validation fold 3...
Starting training loop 1
Starting training loop 2
