[patch 9] CUDA_VISIBLE_DEVICES = 0
[patch 9] torch.cuda.device_count() = 1
[patch 9] device name = NVIDIA A100-SXM4-40GB
Training Patch 9 with signal parameter rotpmdec...
Data for Patch 9
Signal parameter: Rotated and Centered Proper Motion (DEC) μ_λ
Signal region factor = 1 and sideband region factor = 3
Signal parameter median = -10.418
Signal parameter standard deviation = 1.261
Signal Region Range: [-11.679, -9.158]
Sideband Region Range: [-14.200, -11.679) and (-9.158, -6.637]
Signal Region has 84179 stars, 421 stream and 83758 background.
Sideband Region has 191526 stars, 210 stream and 191316 background.
Outer Region has 819781 stars, 0 stream and 819781 background.
Proper Motion Parameter: Rotated and Centered Proper Motion (DEC) μ_λ
Using device: cuda
-----------------------------------------------
 
Test fold 0...
Validation fold 1...
Starting training loop 1
Starting training loop 2
Starting training loop 3
Early stopping at epoch 99 with average val_loss 0.6093074083328247
Best validation loss for validation fold label 1 = 0.6091604232788086
Test scores saved for test fold 0 val fold 1.
Validation fold 2...
Starting training loop 1
Starting training loop 2
Starting training loop 3
Best validation loss for validation fold label 2 = 0.6093065738677979
Test scores saved for test fold 0 val fold 2.
Validation fold 3...
Starting training loop 1
Starting training loop 2
Starting training loop 3
Best validation loss for validation fold label 3 = 0.6084058284759521
Test scores saved for test fold 0 val fold 3.
Validation fold 4...
Starting training loop 1
Starting training loop 2
Starting training loop 3
Best validation loss for validation fold label 4 = 0.6102537512779236
Test scores saved for test fold 0 val fold 4.
Averaging nn_scores for each star from the 4 best models...
-----------------------------------------------
 
Test fold 1...
Validation fold 0...
Starting training loop 1
Starting training loop 2
Starting training loop 3
Best validation loss for validation fold label 0 = 0.608483612537384
Test scores saved for test fold 1 val fold 0.
Validation fold 2...
Starting training loop 1
Starting training loop 2
Early stopping at epoch 98 with average val_loss 0.6096359491348267
Starting training loop 3
Best validation loss for validation fold label 2 = 0.6092504262924194
Test scores saved for test fold 1 val fold 2.
Validation fold 3...
Starting training loop 1
Starting training loop 2
Starting training loop 3
Best validation loss for validation fold label 3 = 0.6085430979728699
Test scores saved for test fold 1 val fold 3.
Validation fold 4...
Starting training loop 1
Starting training loop 2
Early stopping at epoch 97 with average val_loss 0.6105606555938721
Starting training loop 3
Best validation loss for validation fold label 4 = 0.609783411026001
Test scores saved for test fold 1 val fold 4.
Averaging nn_scores for each star from the 4 best models...
-----------------------------------------------
 
Test fold 2...
Validation fold 0...
Starting training loop 1
Starting training loop 2
Starting training loop 3
Best validation loss for validation fold label 0 = 0.6087883710861206
Test scores saved for test fold 2 val fold 0.
Validation fold 1...
Starting training loop 1
Starting training loop 2
Early stopping at epoch 99 with average val_loss 0.6095558404922485
Starting training loop 3
Best validation loss for validation fold label 1 = 0.609172523021698
Test scores saved for test fold 2 val fold 1.
Validation fold 3...
Starting training loop 1
Starting training loop 2
Starting training loop 3
Best validation loss for validation fold label 3 = 0.6084944009780884
Test scores saved for test fold 2 val fold 3.
Validation fold 4...
Starting training loop 1
Early stopping at epoch 93 with average val_loss 0.6100513339042664
Starting training loop 2
Early stopping at epoch 82 with average val_loss 0.6107742786407471
Starting training loop 3
Best validation loss for validation fold label 4 = 0.6098798513412476
Test scores saved for test fold 2 val fold 4.
Averaging nn_scores for each star from the 4 best models...
-----------------------------------------------
 
Test fold 3...
Validation fold 0...
Starting training loop 1
Starting training loop 2
Starting training loop 3
Best validation loss for validation fold label 0 = 0.6082069873809814
Test scores saved for test fold 3 val fold 0.
Validation fold 1...
Starting training loop 1
Starting training loop 2
Starting training loop 3
Best validation loss for validation fold label 1 = 0.6088980436325073
Test scores saved for test fold 3 val fold 1.
Validation fold 2...
Starting training loop 1
Early stopping at epoch 92 with average val_loss 0.6096134185791016
Starting training loop 2
Starting training loop 3
Best validation loss for validation fold label 2 = 0.6093499064445496
Test scores saved for test fold 3 val fold 2.
Validation fold 4...
Starting training loop 1
Starting training loop 2
Starting training loop 3
Best validation loss for validation fold label 4 = 0.6098939180374146
Test scores saved for test fold 3 val fold 4.
Averaging nn_scores for each star from the 4 best models...
-----------------------------------------------
 
Test fold 4...
Validation fold 0...
Starting training loop 1
Early stopping at epoch 96 with average val_loss 0.6085824370384216
Starting training loop 2
Starting training loop 3
Best validation loss for validation fold label 0 = 0.6083342432975769
Test scores saved for test fold 4 val fold 0.
Validation fold 1...
Starting training loop 1
Starting training loop 2
