[patch 18] CUDA_VISIBLE_DEVICES = 0
[patch 18] torch.cuda.device_count() = 1
[patch 18] device name = NVIDIA A100-SXM4-80GB
Training Patch 18 with signal parameter rotpmdec...
Data for Patch 18
Signal parameter: Rotated and Centered Proper Motion (DEC) μ_λ
Signal region factor = 1 and sideband region factor = 3
Signal parameter median = -3.593
Signal parameter standard deviation = 0.979
Signal Region Range: [-4.573, -2.614]
Sideband Region Range: [-6.531, -4.573) and (-2.614, -0.655]
Signal Region has 170055 stars, 365 stream and 169690 background.
Sideband Region has 302027 stars, 155 stream and 301872 background.
Outer Region has 571383 stars, 5 stream and 571378 background.
Proper Motion Parameter: Rotated and Centered Proper Motion (DEC) μ_λ
Using device: cuda
-----------------------------------------------
 
Test fold 0...
Validation fold 1...
Starting training loop 1
Starting training loop 2
Starting training loop 3
Best validation loss for validation fold label 1 = 0.6497541666030884
Test scores saved for test fold 0 val fold 1.
Validation fold 2...
Starting training loop 1
Starting training loop 2
Starting training loop 3
Best validation loss for validation fold label 2 = 0.6495517492294312
Test scores saved for test fold 0 val fold 2.
Validation fold 3...
Starting training loop 1
Starting training loop 2
Early stopping at epoch 87 with average val_loss 0.6509981751441956
Starting training loop 3
Best validation loss for validation fold label 3 = 0.6506964564323425
Test scores saved for test fold 0 val fold 3.
Validation fold 4...
Starting training loop 1
Starting training loop 2
Starting training loop 3
Best validation loss for validation fold label 4 = 0.6504123210906982
Test scores saved for test fold 0 val fold 4.
Averaging nn_scores for each star from the 4 best models...
-----------------------------------------------
 
Test fold 1...
Validation fold 0...
Starting training loop 1
Early stopping at epoch 98 with average val_loss 0.6500347852706909
Starting training loop 2
Starting training loop 3
Best validation loss for validation fold label 0 = 0.6498081684112549
Test scores saved for test fold 1 val fold 0.
Validation fold 2...
Starting training loop 1
Early stopping at epoch 97 with average val_loss 0.6500059962272644
Starting training loop 2
Early stopping at epoch 95 with average val_loss 0.6501303315162659
Starting training loop 3
Best validation loss for validation fold label 2 = 0.6499310731887817
Test scores saved for test fold 1 val fold 2.
Validation fold 3...
Starting training loop 1
Starting training loop 2
Starting training loop 3
Early stopping at epoch 78 with average val_loss 0.6509414911270142
Best validation loss for validation fold label 3 = 0.6508026123046875
Test scores saved for test fold 1 val fold 3.
Validation fold 4...
Starting training loop 1
Starting training loop 2
Starting training loop 3
Best validation loss for validation fold label 4 = 0.6501911878585815
Test scores saved for test fold 1 val fold 4.
Averaging nn_scores for each star from the 4 best models...
-----------------------------------------------
 
Test fold 2...
Validation fold 0...
Starting training loop 1
Early stopping at epoch 97 with average val_loss 0.6500383019447327
Starting training loop 2
Starting training loop 3
Best validation loss for validation fold label 0 = 0.6498173475265503
Test scores saved for test fold 2 val fold 0.
Validation fold 1...
Starting training loop 1
Starting training loop 2
Early stopping at epoch 97 with average val_loss 0.6503374576568604
Starting training loop 3
Best validation loss for validation fold label 1 = 0.6499835252761841
Test scores saved for test fold 2 val fold 1.
Validation fold 3...
Starting training loop 1
Starting training loop 2
Starting training loop 3
Best validation loss for validation fold label 3 = 0.65061354637146
Test scores saved for test fold 2 val fold 3.
Validation fold 4...
Starting training loop 1
Starting training loop 2
Starting training loop 3
Best validation loss for validation fold label 4 = 0.6502286791801453
Test scores saved for test fold 2 val fold 4.
Averaging nn_scores for each star from the 4 best models...
-----------------------------------------------
 
Test fold 3...
Validation fold 0...
Starting training loop 1
Starting training loop 2
Starting training loop 3
Best validation loss for validation fold label 0 = 0.6498992443084717
Test scores saved for test fold 3 val fold 0.
Validation fold 1...
Starting training loop 1
Starting training loop 2
Starting training loop 3
Best validation loss for validation fold label 1 = 0.6498388648033142
Test scores saved for test fold 3 val fold 1.
Validation fold 2...
Starting training loop 1
Starting training loop 2
Starting training loop 3
Best validation loss for validation fold label 2 = 0.6496906876564026
Test scores saved for test fold 3 val fold 2.
Validation fold 4...
Starting training loop 1
Starting training loop 2
Starting training loop 3
Best validation loss for validation fold label 4 = 0.6502965092658997
Test scores saved for test fold 3 val fold 4.
Averaging nn_scores for each star from the 4 best models...
-----------------------------------------------
 
Test fold 4...
Validation fold 0...
Starting training loop 1
Starting training loop 2
Starting training loop 3
Best validation loss for validation fold label 0 = 0.6499483585357666
Test scores saved for test fold 4 val fold 0.
Validation fold 1...
Starting training loop 1
Starting training loop 2
Early stopping at epoch 93 with average val_loss 0.6500264406204224
Starting training loop 3
Best validation loss for validation fold label 1 = 0.649821400642395
Test scores saved for test fold 4 val fold 1.
Validation fold 2...
Starting training loop 1
Starting training loop 2
Starting training loop 3
Early stopping at epoch 91 with average val_loss 0.6498315334320068
Best validation loss for validation fold label 2 = 0.649623692035675
Test scores saved for test fold 4 val fold 2.
Validation fold 3...
Starting training loop 1
Starting training loop 2
Starting training loop 3
Best validation loss for validation fold label 3 = 0.6505730152130127
Test scores saved for test fold 4 val fold 3.
Averaging nn_scores for each star from the 4 best models...
Full test df with all stars saved!
Plotting after fiducial cuts...
Top 250 ranked stars: Purity = 0.00%
Top 250 ranked stars: Completeness = 0.00%
All done!
