[patch 16] CUDA_VISIBLE_DEVICES = 0
[patch 16] torch.cuda.device_count() = 1
[patch 16] device name = NVIDIA A100-SXM4-80GB
Training Patch 16 with signal parameter rotpmdec...
Data for Patch 16
Signal parameter: Rotated and Centered Proper Motion (DEC) μ_λ
Signal region factor = 1 and sideband region factor = 3
Signal parameter median = -10.471
Signal parameter standard deviation = 1.301
Signal Region Range: [-11.772, -9.170]
Sideband Region Range: [-14.374, -11.772) and (-9.170, -6.568]
Signal Region has 82482 stars, 512 stream and 81970 background.
Sideband Region has 179206 stars, 263 stream and 178943 background.
Outer Region has 614574 stars, 0 stream and 614574 background.
Proper Motion Parameter: Rotated and Centered Proper Motion (DEC) μ_λ
Using device: cuda
-----------------------------------------------
 
Test fold 0...
Validation fold 1...
Starting training loop 1
Starting training loop 2
Starting training loop 3
Best validation loss for validation fold label 1 = 0.6165539026260376
Test scores saved for test fold 0 val fold 1.
Validation fold 2...
Starting training loop 1
Starting training loop 2
Starting training loop 3
Best validation loss for validation fold label 2 = 0.616468071937561
Test scores saved for test fold 0 val fold 2.
Validation fold 3...
Starting training loop 1
Starting training loop 2
Starting training loop 3
Best validation loss for validation fold label 3 = 0.6172340512275696
Test scores saved for test fold 0 val fold 3.
Validation fold 4...
Starting training loop 1
Starting training loop 2
Starting training loop 3
Best validation loss for validation fold label 4 = 0.6178860664367676
Test scores saved for test fold 0 val fold 4.
Averaging nn_scores for each star from the 4 best models...
-----------------------------------------------
 
Test fold 1...
Validation fold 0...
Starting training loop 1
Starting training loop 2
Starting training loop 3
Best validation loss for validation fold label 0 = 0.6173199415206909
Test scores saved for test fold 1 val fold 0.
Validation fold 2...
Starting training loop 1
Starting training loop 2
Starting training loop 3
Best validation loss for validation fold label 2 = 0.6164605021476746
Test scores saved for test fold 1 val fold 2.
Validation fold 3...
Starting training loop 1
Starting training loop 2
Starting training loop 3
Best validation loss for validation fold label 3 = 0.617394208908081
Test scores saved for test fold 1 val fold 3.
Validation fold 4...
Starting training loop 1
Starting training loop 2
Starting training loop 3
Best validation loss for validation fold label 4 = 0.6181095242500305
Test scores saved for test fold 1 val fold 4.
Averaging nn_scores for each star from the 4 best models...
-----------------------------------------------
 
Test fold 2...
Validation fold 0...
Starting training loop 1
Starting training loop 2
Starting training loop 3
Best validation loss for validation fold label 0 = 0.6170559525489807
Test scores saved for test fold 2 val fold 0.
Validation fold 1...
Starting training loop 1
Early stopping at epoch 91 with average val_loss 0.6167243123054504
Starting training loop 2
Starting training loop 3
Early stopping at epoch 92 with average val_loss 0.6168454885482788
Best validation loss for validation fold label 1 = 0.6165885329246521
Test scores saved for test fold 2 val fold 1.
Validation fold 3...
Starting training loop 1
Early stopping at epoch 91 with average val_loss 0.617881178855896
Starting training loop 2
Starting training loop 3
Early stopping at epoch 91 with average val_loss 0.617515504360199
Best validation loss for validation fold label 3 = 0.6173524260520935
Test scores saved for test fold 2 val fold 3.
Validation fold 4...
Starting training loop 1
Starting training loop 2
Starting training loop 3
Best validation loss for validation fold label 4 = 0.6178550124168396
Test scores saved for test fold 2 val fold 4.
Averaging nn_scores for each star from the 4 best models...
-----------------------------------------------
 
Test fold 3...
Validation fold 0...
Starting training loop 1
Early stopping at epoch 88 with average val_loss 0.6175711750984192
Starting training loop 2
Starting training loop 3
Best validation loss for validation fold label 0 = 0.6172512173652649
Test scores saved for test fold 3 val fold 0.
Validation fold 1...
Starting training loop 1
Starting training loop 2
Starting training loop 3
Early stopping at epoch 99 with average val_loss 0.6168547868728638
Best validation loss for validation fold label 1 = 0.6164423227310181
Test scores saved for test fold 3 val fold 1.
Validation fold 2...
Starting training loop 1
Starting training loop 2
Starting training loop 3
Best validation loss for validation fold label 2 = 0.6165990233421326
Test scores saved for test fold 3 val fold 2.
Validation fold 4...
Starting training loop 1
Starting training loop 2
Starting training loop 3
Best validation loss for validation fold label 4 = 0.6177477836608887
Test scores saved for test fold 3 val fold 4.
Averaging nn_scores for each star from the 4 best models...
-----------------------------------------------
 
Test fold 4...
Validation fold 0...
Starting training loop 1
Starting training loop 2
Starting training loop 3
Best validation loss for validation fold label 0 = 0.6174097657203674
Test scores saved for test fold 4 val fold 0.
Validation fold 1...
Starting training loop 1
Starting training loop 2
Starting training loop 3
Early stopping at epoch 79 with average val_loss 0.6168445348739624
Best validation loss for validation fold label 1 = 0.6167480945587158
Test scores saved for test fold 4 val fold 1.
Validation fold 2...
Starting training loop 1
Starting training loop 2
Starting training loop 3
Best validation loss for validation fold label 2 = 0.6164019703865051
Test scores saved for test fold 4 val fold 2.
Validation fold 3...
Starting training loop 1
Starting training loop 2
Starting training loop 3
Early stopping at epoch 97 with average val_loss 0.6177211999893188
Best validation loss for validation fold label 3 = 0.6172306537628174
Test scores saved for test fold 4 val fold 3.
Averaging nn_scores for each star from the 4 best models...
Full test df with all stars saved!
Plotting after fiducial cuts...
Top 250 ranked stars: Purity = 70.00%
Top 250 ranked stars: Completeness = 29.97%
All done!
