[patch 14] CUDA_VISIBLE_DEVICES = 0
[patch 14] torch.cuda.device_count() = 1
[patch 14] device name = NVIDIA A100-SXM4-80GB
Training Patch 14 with signal parameter rotpmdec...
Data for Patch 14
Signal parameter: Rotated and Centered Proper Motion (DEC) μ_λ
Signal region factor = 1 and sideband region factor = 3
Signal parameter median = -5.285
Signal parameter standard deviation = 1.033
Signal Region Range: [-6.318, -4.252]
Sideband Region Range: [-8.384, -6.318) and (-4.252, -2.185]
Signal Region has 162512 stars, 566 stream and 161946 background.
Sideband Region has 313400 stars, 233 stream and 313167 background.
Outer Region has 567155 stars, 7 stream and 567148 background.
Proper Motion Parameter: Rotated and Centered Proper Motion (DEC) μ_λ
Using device: cuda
-----------------------------------------------
 
Test fold 0...
Validation fold 1...
Starting training loop 1
Early stopping at epoch 98 with average val_loss 0.638934850692749
Starting training loop 2
Starting training loop 3
Best validation loss for validation fold label 1 = 0.6385560035705566
Test scores saved for test fold 0 val fold 1.
Validation fold 2...
Starting training loop 1
Starting training loop 2
Starting training loop 3
Best validation loss for validation fold label 2 = 0.6387494206428528
Test scores saved for test fold 0 val fold 2.
Validation fold 3...
Starting training loop 1
Starting training loop 2
Starting training loop 3
Best validation loss for validation fold label 3 = 0.6388148665428162
Test scores saved for test fold 0 val fold 3.
Validation fold 4...
Starting training loop 1
Starting training loop 2
Starting training loop 3
Best validation loss for validation fold label 4 = 0.6389628648757935
Test scores saved for test fold 0 val fold 4.
Averaging nn_scores for each star from the 4 best models...
-----------------------------------------------
 
Test fold 1...
Validation fold 0...
Starting training loop 1
Starting training loop 2
Starting training loop 3
Best validation loss for validation fold label 0 = 0.63913893699646
Test scores saved for test fold 1 val fold 0.
Validation fold 2...
Starting training loop 1
Starting training loop 2
Starting training loop 3
Best validation loss for validation fold label 2 = 0.638827919960022
Test scores saved for test fold 1 val fold 2.
Validation fold 3...
Starting training loop 1
Early stopping at epoch 92 with average val_loss 0.638888955116272
Starting training loop 2
Starting training loop 3
Best validation loss for validation fold label 3 = 0.6388043761253357
Test scores saved for test fold 1 val fold 3.
Validation fold 4...
Starting training loop 1
Starting training loop 2
Starting training loop 3
Best validation loss for validation fold label 4 = 0.639057457447052
Test scores saved for test fold 1 val fold 4.
Averaging nn_scores for each star from the 4 best models...
-----------------------------------------------
 
Test fold 2...
Validation fold 0...
Starting training loop 1
Starting training loop 2
Early stopping at epoch 93 with average val_loss 0.6395310163497925
Starting training loop 3
Best validation loss for validation fold label 0 = 0.6392950415611267
Test scores saved for test fold 2 val fold 0.
Validation fold 1...
Starting training loop 1
Starting training loop 2
Starting training loop 3
Best validation loss for validation fold label 1 = 0.6386365294456482
Test scores saved for test fold 2 val fold 1.
Validation fold 3...
Starting training loop 1
Starting training loop 2
Starting training loop 3
Best validation loss for validation fold label 3 = 0.6390215158462524
Test scores saved for test fold 2 val fold 3.
Validation fold 4...
Starting training loop 1
Starting training loop 2
Starting training loop 3
Best validation loss for validation fold label 4 = 0.6388900279998779
Test scores saved for test fold 2 val fold 4.
Averaging nn_scores for each star from the 4 best models...
-----------------------------------------------
 
Test fold 3...
Validation fold 0...
Starting training loop 1
Starting training loop 2
Starting training loop 3
Early stopping at epoch 94 with average val_loss 0.6392935514450073
Best validation loss for validation fold label 0 = 0.6392731666564941
Test scores saved for test fold 3 val fold 0.
Validation fold 1...
Starting training loop 1
Starting training loop 2
Starting training loop 3
Best validation loss for validation fold label 1 = 0.6384819149971008
Test scores saved for test fold 3 val fold 1.
Validation fold 2...
Starting training loop 1
Early stopping at epoch 90 with average val_loss 0.6389597058296204
Starting training loop 2
Starting training loop 3
Best validation loss for validation fold label 2 = 0.6386255621910095
Test scores saved for test fold 3 val fold 2.
Validation fold 4...
Starting training loop 1
Starting training loop 2
Early stopping at epoch 94 with average val_loss 0.6392204165458679
Starting training loop 3
Early stopping at epoch 93 with average val_loss 0.6392294764518738
Best validation loss for validation fold label 4 = 0.639131486415863
Test scores saved for test fold 3 val fold 4.
Averaging nn_scores for each star from the 4 best models...
-----------------------------------------------
 
Test fold 4...
Validation fold 0...
Starting training loop 1
Starting training loop 2
Early stopping at epoch 98 with average val_loss 0.6395556926727295
Starting training loop 3
Best validation loss for validation fold label 0 = 0.6392171382904053
Test scores saved for test fold 4 val fold 0.
Validation fold 1...
Starting training loop 1
Starting training loop 2
Starting training loop 3
Early stopping at epoch 90 with average val_loss 0.638926088809967
Best validation loss for validation fold label 1 = 0.6386028528213501
Test scores saved for test fold 4 val fold 1.
Validation fold 2...
Starting training loop 1
Starting training loop 2
Starting training loop 3
Best validation loss for validation fold label 2 = 0.6387911438941956
Test scores saved for test fold 4 val fold 2.
Validation fold 3...
Starting training loop 1
Starting training loop 2
Starting training loop 3
Best validation loss for validation fold label 3 = 0.6388486623764038
Test scores saved for test fold 4 val fold 3.
Averaging nn_scores for each star from the 4 best models...
Full test df with all stars saved!
Plotting after fiducial cuts...
Top 250 ranked stars: Purity = 66.80%
Top 250 ranked stars: Completeness = 28.74%
All done!
