[patch 6] CUDA_VISIBLE_DEVICES = 0
[patch 6] torch.cuda.device_count() = 1
[patch 6] device name = NVIDIA A100-SXM4-40GB
Training Patch 6 with signal parameter rotpmdec...
Data for Patch 6
Signal parameter: Rotated and Centered Proper Motion (DEC) μ_λ
Signal region factor = 1 and sideband region factor = 3
Signal parameter median = -0.677
Signal parameter standard deviation = 0.806
Signal Region Range: [-1.483, 0.129]
Sideband Region Range: [-3.096, -1.483) and (0.129, 1.742]
Signal Region has 211310 stars, 227 stream and 211083 background.
Sideband Region has 345145 stars, 109 stream and 345036 background.
Outer Region has 927129 stars, 0 stream and 927129 background.
Proper Motion Parameter: Rotated and Centered Proper Motion (DEC) μ_λ
Using device: cuda
-----------------------------------------------
 
Test fold 0...
Validation fold 1...
Starting training loop 1
Early stopping at epoch 74 with average val_loss 0.6579588651657104
Starting training loop 2
Early stopping at epoch 97 with average val_loss 0.6580937504768372
Starting training loop 3
Best validation loss for validation fold label 1 = 0.6578104496002197
Test scores saved for test fold 0 val fold 1.
Validation fold 2...
Starting training loop 1
Starting training loop 2
Early stopping at epoch 94 with average val_loss 0.657640814781189
Starting training loop 3
Best validation loss for validation fold label 2 = 0.6573781371116638
Test scores saved for test fold 0 val fold 2.
Validation fold 3...
Starting training loop 1
Starting training loop 2
Starting training loop 3
Early stopping at epoch 98 with average val_loss 0.6579517126083374
Best validation loss for validation fold label 3 = 0.6576875448226929
Test scores saved for test fold 0 val fold 3.
Validation fold 4...
Starting training loop 1
Starting training loop 2
Starting training loop 3
Early stopping at epoch 96 with average val_loss 0.657690703868866
Best validation loss for validation fold label 4 = 0.6572886109352112
Test scores saved for test fold 0 val fold 4.
Averaging nn_scores for each star from the 4 best models...
-----------------------------------------------
 
Test fold 1...
Validation fold 0...
Starting training loop 1
Early stopping at epoch 94 with average val_loss 0.657913863658905
Starting training loop 2
Early stopping at epoch 90 with average val_loss 0.6576542854309082
Starting training loop 3
Best validation loss for validation fold label 0 = 0.6575090289115906
Test scores saved for test fold 1 val fold 0.
Validation fold 2...
Starting training loop 1
Early stopping at epoch 98 with average val_loss 0.6576605439186096
Starting training loop 2
Starting training loop 3
Best validation loss for validation fold label 2 = 0.6575227975845337
Test scores saved for test fold 1 val fold 2.
Validation fold 3...
Starting training loop 1
Starting training loop 2
Starting training loop 3
Best validation loss for validation fold label 3 = 0.6575263738632202
Test scores saved for test fold 1 val fold 3.
Validation fold 4...
Starting training loop 1
Early stopping at epoch 92 with average val_loss 0.657675564289093
Starting training loop 2
Early stopping at epoch 94 with average val_loss 0.6577040553092957
Starting training loop 3
Best validation loss for validation fold label 4 = 0.6573765873908997
Test scores saved for test fold 1 val fold 4.
Averaging nn_scores for each star from the 4 best models...
-----------------------------------------------
 
Test fold 2...
Validation fold 0...
Starting training loop 1
Starting training loop 2
Starting training loop 3
Best validation loss for validation fold label 0 = 0.6573963761329651
Test scores saved for test fold 2 val fold 0.
Validation fold 1...
Starting training loop 1
Early stopping at epoch 81 with average val_loss 0.6580408215522766
Starting training loop 2
Early stopping at epoch 99 with average val_loss 0.6579978466033936
Starting training loop 3
Early stopping at epoch 86 with average val_loss 0.6581670045852661
Best validation loss for validation fold label 1 = 0.6578122973442078
Test scores saved for test fold 2 val fold 1.
Validation fold 3...
Starting training loop 1
Early stopping at epoch 82 with average val_loss 0.6577855348587036
Starting training loop 2
Starting training loop 3
Early stopping at epoch 92 with average val_loss 0.6580130457878113
Best validation loss for validation fold label 3 = 0.6576359868049622
Test scores saved for test fold 2 val fold 3.
Validation fold 4...
Starting training loop 1
Early stopping at epoch 93 with average val_loss 0.6575366854667664
Starting training loop 2
Early stopping at epoch 89 with average val_loss 0.6574000716209412
Starting training loop 3
Early stopping at epoch 95 with average val_loss 0.6575326323509216
Best validation loss for validation fold label 4 = 0.6572043299674988
Test scores saved for test fold 2 val fold 4.
Averaging nn_scores for each star from the 4 best models...
-----------------------------------------------
 
Test fold 3...
Validation fold 0...
Starting training loop 1
Starting training loop 2
Early stopping at epoch 96 with average val_loss 0.6578068137168884
Starting training loop 3
Early stopping at epoch 97 with average val_loss 0.6577948927879333
Best validation loss for validation fold label 0 = 0.6575635075569153
Test scores saved for test fold 3 val fold 0.
Validation fold 1...
Starting training loop 1
Starting training loop 2
Early stopping at epoch 82 with average val_loss 0.6578611731529236
Starting training loop 3
Best validation loss for validation fold label 1 = 0.6577827334403992
Test scores saved for test fold 3 val fold 1.
Validation fold 2...
Starting training loop 1
Early stopping at epoch 95 with average val_loss 0.6580210328102112
Starting training loop 2
Starting training loop 3
Early stopping at epoch 87 with average val_loss 0.6579384803771973
Best validation loss for validation fold label 2 = 0.657733142375946
Test scores saved for test fold 3 val fold 2.
Validation fold 4...
Starting training loop 1
Starting training loop 2
Starting training loop 3
Early stopping at epoch 95 with average val_loss 0.6572629809379578
Best validation loss for validation fold label 4 = 0.6571875810623169
Test scores saved for test fold 3 val fold 4.
Averaging nn_scores for each star from the 4 best models...
-----------------------------------------------
 
Test fold 4...
Validation fold 0...
Starting training loop 1
Early stopping at epoch 95 with average val_loss 0.6576464772224426
Starting training loop 2
Early stopping at epoch 98 with average val_loss 0.6576065421104431
Starting training loop 3
Best validation loss for validation fold label 0 = 0.6574894785881042
Test scores saved for test fold 4 val fold 0.
Validation fold 1...
Starting training loop 1
Early stopping at epoch 97 with average val_loss 0.6582973003387451
Starting training loop 2
Early stopping at epoch 70 with average val_loss 0.6580730676651001
Starting training loop 3
Early stopping at epoch 80 with average val_loss 0.658158540725708
Best validation loss for validation fold label 1 = 0.65793377161026
Test scores saved for test fold 4 val fold 1.
Validation fold 2...
Starting training loop 1
Starting training loop 2
Early stopping at epoch 84 with average val_loss 0.6578506231307983
Starting training loop 3
Best validation loss for validation fold label 2 = 0.6577538847923279
Test scores saved for test fold 4 val fold 2.
Validation fold 3...
Starting training loop 1
Early stopping at epoch 93 with average val_loss 0.657693088054657
Starting training loop 2
Early stopping at epoch 89 with average val_loss 0.6575462222099304
Starting training loop 3
Early stopping at epoch 98 with average val_loss 0.6576927304267883
Best validation loss for validation fold label 3 = 0.657460629940033
Test scores saved for test fold 4 val fold 3.
Averaging nn_scores for each star from the 4 best models...
Full test df with all stars saved!
Plotting after fiducial cuts...
Top 250 ranked stars: Purity = 0.00%
Top 250 ranked stars: Completeness = 0.00%
All done!
