[patch 1] CUDA_VISIBLE_DEVICES = 0
[patch 1] torch.cuda.device_count() = 1
[patch 1] device name = NVIDIA A100-SXM4-40GB
Training Patch 1 with signal parameter rotpmdec...
Data for Patch 1
Signal parameter: Rotated and Centered Proper Motion (DEC) μ_λ
Signal region factor = 1 and sideband region factor = 3
Signal parameter median = -12.456
Signal parameter standard deviation = 1.462
Signal Region Range: [-13.918, -10.994]
Sideband Region Range: [-16.843, -13.918) and (-10.994, -8.070]
Signal Region has 66288 stars, 303 stream and 65985 background.
Sideband Region has 168862 stars, 86 stream and 168776 background.
Outer Region has 1890300 stars, 3 stream and 1890297 background.
Proper Motion Parameter: Rotated and Centered Proper Motion (DEC) μ_λ
Using device: cuda
-----------------------------------------------
 
Test fold 0...
Validation fold 1...
Starting training loop 1
Starting training loop 2
Starting training loop 3
Best validation loss for validation fold label 1 = 0.5897868871688843
Test scores saved for test fold 0 val fold 1.
Validation fold 2...
Starting training loop 1
Starting training loop 2
Starting training loop 3
Best validation loss for validation fold label 2 = 0.5895742774009705
Test scores saved for test fold 0 val fold 2.
Validation fold 3...
Starting training loop 1
Starting training loop 2
Starting training loop 3
Best validation loss for validation fold label 3 = 0.5900557041168213
Test scores saved for test fold 0 val fold 3.
Validation fold 4...
Starting training loop 1
Starting training loop 2
Starting training loop 3
Best validation loss for validation fold label 4 = 0.5903365612030029
Test scores saved for test fold 0 val fold 4.
Averaging nn_scores for each star from the 4 best models...
-----------------------------------------------
 
Test fold 1...
Validation fold 0...
Starting training loop 1
Starting training loop 2
Starting training loop 3
Best validation loss for validation fold label 0 = 0.5898339748382568
Test scores saved for test fold 1 val fold 0.
Validation fold 2...
Starting training loop 1
Starting training loop 2
Starting training loop 3
Best validation loss for validation fold label 2 = 0.5894530415534973
Test scores saved for test fold 1 val fold 2.
Validation fold 3...
Starting training loop 1
Starting training loop 2
Starting training loop 3
Best validation loss for validation fold label 3 = 0.5898818373680115
Test scores saved for test fold 1 val fold 3.
Validation fold 4...
Starting training loop 1
Starting training loop 2
Starting training loop 3
Best validation loss for validation fold label 4 = 0.5903738737106323
Test scores saved for test fold 1 val fold 4.
Averaging nn_scores for each star from the 4 best models...
-----------------------------------------------
 
Test fold 2...
Validation fold 0...
Starting training loop 1
Starting training loop 2
Starting training loop 3
Best validation loss for validation fold label 0 = 0.5893585085868835
Test scores saved for test fold 2 val fold 0.
Validation fold 1...
Starting training loop 1
Starting training loop 2
Starting training loop 3
Best validation loss for validation fold label 1 = 0.5898342728614807
Test scores saved for test fold 2 val fold 1.
Validation fold 3...
Starting training loop 1
Starting training loop 2
Starting training loop 3
Best validation loss for validation fold label 3 = 0.5903766751289368
Test scores saved for test fold 2 val fold 3.
Validation fold 4...
Starting training loop 1
Starting training loop 2
Starting training loop 3
Best validation loss for validation fold label 4 = 0.5901426076889038
Test scores saved for test fold 2 val fold 4.
Averaging nn_scores for each star from the 4 best models...
-----------------------------------------------
 
Test fold 3...
Validation fold 0...
Starting training loop 1
Starting training loop 2
Starting training loop 3
Best validation loss for validation fold label 0 = 0.5895148515701294
Test scores saved for test fold 3 val fold 0.
Validation fold 1...
Starting training loop 1
Starting training loop 2
Starting training loop 3
Best validation loss for validation fold label 1 = 0.5896899700164795
Test scores saved for test fold 3 val fold 1.
Validation fold 2...
Starting training loop 1
Starting training loop 2
Starting training loop 3
Best validation loss for validation fold label 2 = 0.5898258090019226
Test scores saved for test fold 3 val fold 2.
Validation fold 4...
Starting training loop 1
Starting training loop 2
Starting training loop 3
Best validation loss for validation fold label 4 = 0.5907342433929443
Test scores saved for test fold 3 val fold 4.
Averaging nn_scores for each star from the 4 best models...
-----------------------------------------------
 
Test fold 4...
Validation fold 0...
Starting training loop 1
Starting training loop 2
Starting training loop 3
Best validation loss for validation fold label 0 = 0.5897934436798096
Test scores saved for test fold 4 val fold 0.
Validation fold 1...
Starting training loop 1
Starting training loop 2
Starting training loop 3
Best validation loss for validation fold label 1 = 0.5896847248077393
Test scores saved for test fold 4 val fold 1.
Validation fold 2...
Starting training loop 1
Starting training loop 2
Starting training loop 3
Best validation loss for validation fold label 2 = 0.589266300201416
Test scores saved for test fold 4 val fold 2.
Validation fold 3...
Starting training loop 1
Starting training loop 2
Starting training loop 3
Best validation loss for validation fold label 3 = 0.5897526144981384
Test scores saved for test fold 4 val fold 3.
Averaging nn_scores for each star from the 4 best models...
Full test df with all stars saved!
Plotting after fiducial cuts...
Top 250 ranked stars: Purity = 58.00%
Top 250 ranked stars: Completeness = 45.60%
All done!
