Training Patch 0 with signal parameter rotpmra...
Data for Patch 0
Signal parameter: Rotated and Centered Proper Motion (RA) μ_ϕcosλ
Signal region factor = 1 and sideband region factor = 3
Signal parameter median = -2.912
Signal parameter standard deviation = 0.943
Signal Region Range: [-3.856, -1.969]
Sideband Region Range: [-5.743, -3.856) and (-1.969, -0.082]
Signal Region has 363129 stars, 261 stream and 362868 background.
Sideband Region has 776360 stars, 117 stream and 776243 background.
Outer Region has 1051703 stars, 0 stream and 1051703 background.
Proper Motion Parameter: Rotated and Centered Proper Motion (RA) μ_ϕcosλ
Using device: cuda
-----------------------------------------------
 
Test fold 0...
Validation fold 1...
Starting training loop 1
Early stopping at epoch 91 with average val_loss 0.6118021011352539
Starting training loop 2
Early stopping at epoch 96 with average val_loss 0.6117464900016785
Starting training loop 3
Early stopping at epoch 92 with average val_loss 0.611752450466156
Best validation loss for validation fold label 1 = 0.611611545085907
Test scores saved for test fold 0 val fold 1.
Validation fold 2...
Starting training loop 1
Early stopping at epoch 95 with average val_loss 0.6119881272315979
Starting training loop 2
Early stopping at epoch 83 with average val_loss 0.6119870543479919
Starting training loop 3
Early stopping at epoch 89 with average val_loss 0.6119867563247681
Best validation loss for validation fold label 2 = 0.6119400858879089
Test scores saved for test fold 0 val fold 2.
Validation fold 3...
Starting training loop 1
Early stopping at epoch 87 with average val_loss 0.6109421253204346
Starting training loop 2
Early stopping at epoch 85 with average val_loss 0.6108744740486145
Starting training loop 3
Early stopping at epoch 74 with average val_loss 0.6108641028404236
Best validation loss for validation fold label 3 = 0.6109025478363037
Test scores saved for test fold 0 val fold 3.
Validation fold 4...
Starting training loop 1
Starting training loop 2
Starting training loop 3
Best validation loss for validation fold label 4 = 0.6118884682655334
Test scores saved for test fold 0 val fold 4.
Averaging nn_scores for each star from the 4 best models...
-----------------------------------------------
 
Test fold 1...
Validation fold 0...
Starting training loop 1
Early stopping at epoch 87 with average val_loss 0.6111860871315002
Starting training loop 2
Early stopping at epoch 81 with average val_loss 0.6111900806427002
Starting training loop 3
Best validation loss for validation fold label 0 = 0.6110943555831909
Test scores saved for test fold 1 val fold 0.
Validation fold 2...
Starting training loop 1
Early stopping at epoch 75 with average val_loss 0.6120015978813171
Starting training loop 2
Early stopping at epoch 92 with average val_loss 0.6118699908256531
Starting training loop 3
Early stopping at epoch 86 with average val_loss 0.6122037768363953
Best validation loss for validation fold label 2 = 0.6120299696922302
Test scores saved for test fold 1 val fold 2.
Validation fold 3...
Starting training loop 1
Early stopping at epoch 84 with average val_loss 0.6107651591300964
Starting training loop 2
Early stopping at epoch 96 with average val_loss 0.610993504524231
Starting training loop 3
Early stopping at epoch 85 with average val_loss 0.6107759475708008
Best validation loss for validation fold label 3 = 0.6107916235923767
Test scores saved for test fold 1 val fold 3.
Validation fold 4...
Starting training loop 1
Early stopping at epoch 91 with average val_loss 0.6121631860733032
Starting training loop 2
Early stopping at epoch 96 with average val_loss 0.6118824481964111
Starting training loop 3
Early stopping at epoch 75 with average val_loss 0.6119738221168518
Best validation loss for validation fold label 4 = 0.6120253801345825
Test scores saved for test fold 1 val fold 4.
Averaging nn_scores for each star from the 4 best models...
-----------------------------------------------
 
Test fold 2...
Validation fold 0...
Starting training loop 1
Starting training loop 2
Starting training loop 3
Early stopping at epoch 99 with average val_loss 0.611075758934021
Best validation loss for validation fold label 0 = 0.6110039949417114
Test scores saved for test fold 2 val fold 0.
Validation fold 1...
Starting training loop 1
Early stopping at epoch 83 with average val_loss 0.6117326617240906
Starting training loop 2
Early stopping at epoch 87 with average val_loss 0.6117568016052246
Starting training loop 3
Best validation loss for validation fold label 1 = 0.6116863489151001
