[patch 6] CUDA_VISIBLE_DEVICES = 0
[patch 6] torch.cuda.device_count() = 1
[patch 6] device name = NVIDIA A100-SXM4-40GB
Training Patch 6 with signal parameter rotpmra...
Data for Patch 6
Signal parameter: Rotated and Centered Proper Motion (RA) μ_ϕcosλ
Signal region factor = 1 and sideband region factor = 3
Signal parameter median = -8.779
Signal parameter standard deviation = 1.308
Signal Region Range: [-10.087, -7.471]
Sideband Region Range: [-12.702, -10.087) and (-7.471, -4.856]
Signal Region has 119646 stars, 251 stream and 119395 background.
Sideband Region has 266006 stars, 82 stream and 265924 background.
Outer Region has 1097932 stars, 3 stream and 1097929 background.
Proper Motion Parameter: Rotated and Centered Proper Motion (RA) μ_ϕcosλ
Using device: cuda
-----------------------------------------------
 
Test fold 0...
Validation fold 1...
Starting training loop 1
Early stopping at epoch 93 with average val_loss 0.6154896020889282
Starting training loop 2
Starting training loop 3
Early stopping at epoch 85 with average val_loss 0.6156806945800781
Best validation loss for validation fold label 1 = 0.6154215931892395
Test scores saved for test fold 0 val fold 1.
Validation fold 2...
Starting training loop 1
Starting training loop 2
Starting training loop 3
Best validation loss for validation fold label 2 = 0.6155905723571777
Test scores saved for test fold 0 val fold 2.
Validation fold 3...
Starting training loop 1
Early stopping at epoch 84 with average val_loss 0.6154820919036865
Starting training loop 2
Early stopping at epoch 98 with average val_loss 0.6154189705848694
Starting training loop 3
Early stopping at epoch 72 with average val_loss 0.6154071688652039
Best validation loss for validation fold label 3 = 0.6153433322906494
Test scores saved for test fold 0 val fold 3.
Validation fold 4...
Starting training loop 1
Starting training loop 2
Starting training loop 3
Early stopping at epoch 85 with average val_loss 0.6157160401344299
Best validation loss for validation fold label 4 = 0.61566162109375
Test scores saved for test fold 0 val fold 4.
Averaging nn_scores for each star from the 4 best models...
-----------------------------------------------
 
Test fold 1...
Validation fold 0...
Starting training loop 1
Early stopping at epoch 99 with average val_loss 0.6147058010101318
Starting training loop 2
Early stopping at epoch 85 with average val_loss 0.6147382855415344
Starting training loop 3
Early stopping at epoch 91 with average val_loss 0.6148701906204224
Best validation loss for validation fold label 0 = 0.6145870089530945
Test scores saved for test fold 1 val fold 0.
Validation fold 2...
Starting training loop 1
Early stopping at epoch 87 with average val_loss 0.616075873374939
Starting training loop 2
Starting training loop 3
Best validation loss for validation fold label 2 = 0.6156710982322693
Test scores saved for test fold 1 val fold 2.
Validation fold 3...
Starting training loop 1
Early stopping at epoch 69 with average val_loss 0.6153695583343506
Starting training loop 2
Early stopping at epoch 94 with average val_loss 0.6154427528381348
Starting training loop 3
Early stopping at epoch 62 with average val_loss 0.6154610514640808
Best validation loss for validation fold label 3 = 0.6153569221496582
Test scores saved for test fold 1 val fold 3.
Validation fold 4...
Starting training loop 1
Starting training loop 2
Early stopping at epoch 98 with average val_loss 0.615759015083313
Starting training loop 3
Best validation loss for validation fold label 4 = 0.6156767010688782
Test scores saved for test fold 1 val fold 4.
Averaging nn_scores for each star from the 4 best models...
-----------------------------------------------
 
Test fold 2...
Validation fold 0...
Starting training loop 1
Early stopping at epoch 79 with average val_loss 0.6150382161140442
Starting training loop 2
Early stopping at epoch 70 with average val_loss 0.6147394776344299
Starting training loop 3
Early stopping at epoch 90 with average val_loss 0.6149755120277405
Best validation loss for validation fold label 0 = 0.6146137714385986
Test scores saved for test fold 2 val fold 0.
Validation fold 1...
Starting training loop 1
Starting training loop 2
Starting training loop 3
Best validation loss for validation fold label 1 = 0.6154347658157349
Test scores saved for test fold 2 val fold 1.
Validation fold 3...
Starting training loop 1
Early stopping at epoch 92 with average val_loss 0.615547239780426
Starting training loop 2
Early stopping at epoch 87 with average val_loss 0.615540087223053
Starting training loop 3
Early stopping at epoch 94 with average val_loss 0.6154832243919373
Best validation loss for validation fold label 3 = 0.6153417825698853
Test scores saved for test fold 2 val fold 3.
Validation fold 4...
Starting training loop 1
Early stopping at epoch 91 with average val_loss 0.6159073114395142
Starting training loop 2
Starting training loop 3
Best validation loss for validation fold label 4 = 0.6154190897941589
Test scores saved for test fold 2 val fold 4.
Averaging nn_scores for each star from the 4 best models...
-----------------------------------------------
 
Test fold 3...
Validation fold 0...
Starting training loop 1
Early stopping at epoch 81 with average val_loss 0.6147774457931519
Starting training loop 2
Early stopping at epoch 92 with average val_loss 0.6149858832359314
Starting training loop 3
Early stopping at epoch 83 with average val_loss 0.6148661971092224
Best validation loss for validation fold label 0 = 0.6146665215492249
Test scores saved for test fold 3 val fold 0.
Validation fold 1...
Starting training loop 1
Early stopping at epoch 70 with average val_loss 0.6153661608695984
Starting training loop 2
Starting training loop 3
Early stopping at epoch 78 with average val_loss 0.6157892942428589
Best validation loss for validation fold label 1 = 0.6154834628105164
Test scores saved for test fold 3 val fold 1.
Validation fold 2...
Starting training loop 1
Starting training loop 2
Starting training loop 3
Best validation loss for validation fold label 2 = 0.6157116889953613
Test scores saved for test fold 3 val fold 2.
Validation fold 4...
Starting training loop 1
Early stopping at epoch 96 with average val_loss 0.6158511638641357
Starting training loop 2
Starting training loop 3
Early stopping at epoch 91 with average val_loss 0.6157798767089844
Best validation loss for validation fold label 4 = 0.6155628561973572
Test scores saved for test fold 3 val fold 4.
Averaging nn_scores for each star from the 4 best models...
-----------------------------------------------
 
Test fold 4...
Validation fold 0...
Starting training loop 1
Early stopping at epoch 83 with average val_loss 0.6148461103439331
Starting training loop 2
Early stopping at epoch 94 with average val_loss 0.614811360836029
Starting training loop 3
Early stopping at epoch 91 with average val_loss 0.6148298978805542
Best validation loss for validation fold label 0 = 0.614700198173523
Test scores saved for test fold 4 val fold 0.
Validation fold 1...
Starting training loop 1
Starting training loop 2
Early stopping at epoch 67 with average val_loss 0.6157465577125549
Starting training loop 3
Early stopping at epoch 60 with average val_loss 0.6156506538391113
Best validation loss for validation fold label 1 = 0.6155067086219788
Test scores saved for test fold 4 val fold 1.
Validation fold 2...
Starting training loop 1
Starting training loop 2
Starting training loop 3
Best validation loss for validation fold label 2 = 0.6156051754951477
Test scores saved for test fold 4 val fold 2.
Validation fold 3...
Starting training loop 1
Early stopping at epoch 85 with average val_loss 0.6153824329376221
Starting training loop 2
Early stopping at epoch 96 with average val_loss 0.6153068542480469
Starting training loop 3
Early stopping at epoch 73 with average val_loss 0.6155365109443665
Best validation loss for validation fold label 3 = 0.6152666211128235
Test scores saved for test fold 4 val fold 3.
Averaging nn_scores for each star from the 4 best models...
Full test df with all stars saved!
Plotting after fiducial cuts...
Top 250 ranked stars: Purity = 0.00%
Top 250 ranked stars: Completeness = 0.00%
All done!
