[patch 11] CUDA_VISIBLE_DEVICES = 0
[patch 11] torch.cuda.device_count() = 1
[patch 11] device name = NVIDIA A100-SXM4-40GB
Training Patch 11 with signal parameter rotpmra...
Data for Patch 11
Signal parameter: Rotated and Centered Proper Motion (RA) μ_ϕcosλ
Signal region factor = 1 and sideband region factor = 3
Signal parameter median = -5.215
Signal parameter standard deviation = 0.854
Signal Region Range: [-6.069, -4.361]
Sideband Region Range: [-7.776, -6.069) and (-4.361, -2.653]
Signal Region has 86188 stars, 488 stream and 85700 background.
Sideband Region has 180030 stars, 215 stream and 179815 background.
Outer Region has 733217 stars, 0 stream and 733217 background.
Proper Motion Parameter: Rotated and Centered Proper Motion (RA) μ_ϕcosλ
Using device: cuda
-----------------------------------------------
 
Test fold 0...
Validation fold 1...
Starting training loop 1
Starting training loop 2
Starting training loop 3
Best validation loss for validation fold label 1 = 0.6261693239212036
Test scores saved for test fold 0 val fold 1.
Validation fold 2...
Starting training loop 1
Starting training loop 2
Starting training loop 3
Early stopping at epoch 96 with average val_loss 0.6261371374130249
Best validation loss for validation fold label 2 = 0.625950813293457
Test scores saved for test fold 0 val fold 2.
Validation fold 3...
Starting training loop 1
Starting training loop 2
Early stopping at epoch 84 with average val_loss 0.6271675229072571
Starting training loop 3
Best validation loss for validation fold label 3 = 0.6266918182373047
Test scores saved for test fold 0 val fold 3.
Validation fold 4...
Starting training loop 1
Starting training loop 2
Starting training loop 3
Best validation loss for validation fold label 4 = 0.6261600852012634
Test scores saved for test fold 0 val fold 4.
Averaging nn_scores for each star from the 4 best models...
-----------------------------------------------
 
Test fold 1...
Validation fold 0...
Starting training loop 1
Starting training loop 2
Starting training loop 3
Best validation loss for validation fold label 0 = 0.6264564394950867
Test scores saved for test fold 1 val fold 0.
Validation fold 2...
Starting training loop 1
Starting training loop 2
Starting training loop 3
Best validation loss for validation fold label 2 = 0.6259989738464355
Test scores saved for test fold 1 val fold 2.
Validation fold 3...
Starting training loop 1
Starting training loop 2
Early stopping at epoch 76 with average val_loss 0.6273974776268005
Starting training loop 3
Early stopping at epoch 87 with average val_loss 0.6273449063301086
Best validation loss for validation fold label 3 = 0.6270031332969666
Test scores saved for test fold 1 val fold 3.
Validation fold 4...
Starting training loop 1
Starting training loop 2
Starting training loop 3
Best validation loss for validation fold label 4 = 0.6259533762931824
Test scores saved for test fold 1 val fold 4.
Averaging nn_scores for each star from the 4 best models...
-----------------------------------------------
 
Test fold 2...
Validation fold 0...
Starting training loop 1
Starting training loop 2
Starting training loop 3
Best validation loss for validation fold label 0 = 0.6265484094619751
Test scores saved for test fold 2 val fold 0.
Validation fold 1...
Starting training loop 1
Starting training loop 2
Early stopping at epoch 95 with average val_loss 0.6266353130340576
Starting training loop 3
Early stopping at epoch 90 with average val_loss 0.6260294318199158
Best validation loss for validation fold label 1 = 0.6259728670120239
Test scores saved for test fold 2 val fold 1.
Validation fold 3...
Starting training loop 1
Early stopping at epoch 90 with average val_loss 0.6271718740463257
Starting training loop 2
Early stopping at epoch 97 with average val_loss 0.6273029446601868
Starting training loop 3
Early stopping at epoch 85 with average val_loss 0.6271000504493713
Best validation loss for validation fold label 3 = 0.6267970204353333
Test scores saved for test fold 2 val fold 3.
Validation fold 4...
Starting training loop 1
Starting training loop 2
Starting training loop 3
Best validation loss for validation fold label 4 = 0.6261295676231384
Test scores saved for test fold 2 val fold 4.
Averaging nn_scores for each star from the 4 best models...
-----------------------------------------------
 
Test fold 3...
Validation fold 0...
Starting training loop 1
Starting training loop 2
Starting training loop 3
Best validation loss for validation fold label 0 = 0.626121461391449
Test scores saved for test fold 3 val fold 0.
Validation fold 1...
Starting training loop 1
Starting training loop 2
Starting training loop 3
Best validation loss for validation fold label 1 = 0.6259917616844177
Test scores saved for test fold 3 val fold 1.
Validation fold 2...
Starting training loop 1
Early stopping at epoch 94 with average val_loss 0.626143753528595
Starting training loop 2
Starting training loop 3
Early stopping at epoch 97 with average val_loss 0.6263355016708374
Best validation loss for validation fold label 2 = 0.6258761286735535
Test scores saved for test fold 3 val fold 2.
Validation fold 4...
Starting training loop 1
Early stopping at epoch 97 with average val_loss 0.62624192237854
Starting training loop 2
Early stopping at epoch 97 with average val_loss 0.6264384388923645
Starting training loop 3
Best validation loss for validation fold label 4 = 0.6262309551239014
Test scores saved for test fold 3 val fold 4.
Averaging nn_scores for each star from the 4 best models...
-----------------------------------------------
 
Test fold 4...
Validation fold 0...
Starting training loop 1
Starting training loop 2
Starting training loop 3
Best validation loss for validation fold label 0 = 0.6265944838523865
Test scores saved for test fold 4 val fold 0.
Validation fold 1...
Starting training loop 1
Early stopping at epoch 92 with average val_loss 0.6262881755828857
Starting training loop 2
Starting training loop 3
Best validation loss for validation fold label 1 = 0.6260261535644531
Test scores saved for test fold 4 val fold 1.
Validation fold 2...
Starting training loop 1
Starting training loop 2
Starting training loop 3
Best validation loss for validation fold label 2 = 0.6260058879852295
Test scores saved for test fold 4 val fold 2.
Validation fold 3...
Starting training loop 1
Starting training loop 2
Early stopping at epoch 85 with average val_loss 0.6274121999740601
Starting training loop 3
Best validation loss for validation fold label 3 = 0.627349317073822
Test scores saved for test fold 4 val fold 3.
Averaging nn_scores for each star from the 4 best models...
Full test df with all stars saved!
Plotting after fiducial cuts...
Top 250 ranked stars: Purity = 89.60%
Top 250 ranked stars: Completeness = 39.72%
All done!
