[patch 7] CUDA_VISIBLE_DEVICES = 0
[patch 7] torch.cuda.device_count() = 1
[patch 7] device name = NVIDIA A100-SXM4-40GB
Training Patch 7 with signal parameter rotpmra...
Data for Patch 7
Signal parameter: Rotated and Centered Proper Motion (RA) μ_ϕcosλ
Signal region factor = 1 and sideband region factor = 3
Signal parameter median = -8.443
Signal parameter standard deviation = 1.325
Signal Region Range: [-9.768, -7.119]
Sideband Region Range: [-12.417, -9.768) and (-7.119, -4.470]
Signal Region has 102282 stars, 368 stream and 101914 background.
Sideband Region has 224518 stars, 154 stream and 224364 background.
Outer Region has 965426 stars, 2 stream and 965424 background.
Proper Motion Parameter: Rotated and Centered Proper Motion (RA) μ_ϕcosλ
Using device: cuda
-----------------------------------------------
 
Test fold 0...
Validation fold 1...
Starting training loop 1
Early stopping at epoch 86 with average val_loss 0.6191098093986511
Starting training loop 2
Starting training loop 3
Best validation loss for validation fold label 1 = 0.6190351247787476
Test scores saved for test fold 0 val fold 1.
Validation fold 2...
Starting training loop 1
Starting training loop 2
Starting training loop 3
Best validation loss for validation fold label 2 = 0.6180595755577087
Test scores saved for test fold 0 val fold 2.
Validation fold 3...
Starting training loop 1
Early stopping at epoch 83 with average val_loss 0.6191061735153198
Starting training loop 2
Early stopping at epoch 78 with average val_loss 0.6190052032470703
Starting training loop 3
Early stopping at epoch 87 with average val_loss 0.6189926862716675
Best validation loss for validation fold label 3 = 0.6188920140266418
Test scores saved for test fold 0 val fold 3.
Validation fold 4...
Starting training loop 1
Early stopping at epoch 94 with average val_loss 0.6189979910850525
Starting training loop 2
Early stopping at epoch 72 with average val_loss 0.6190875768661499
Starting training loop 3
Early stopping at epoch 83 with average val_loss 0.6190671324729919
Best validation loss for validation fold label 4 = 0.6189883351325989
Test scores saved for test fold 0 val fold 4.
Averaging nn_scores for each star from the 4 best models...
-----------------------------------------------
 
Test fold 1...
Validation fold 0...
Starting training loop 1
Starting training loop 2
Early stopping at epoch 98 with average val_loss 0.6186656951904297
Starting training loop 3
Best validation loss for validation fold label 0 = 0.6183464527130127
Test scores saved for test fold 1 val fold 0.
Validation fold 2...
Starting training loop 1
Starting training loop 2
Early stopping at epoch 77 with average val_loss 0.6188578605651855
Starting training loop 3
Best validation loss for validation fold label 2 = 0.6181523203849792
Test scores saved for test fold 1 val fold 2.
Validation fold 3...
Starting training loop 1
Early stopping at epoch 91 with average val_loss 0.6190134882926941
Starting training loop 2
Early stopping at epoch 91 with average val_loss 0.6190133690834045
Starting training loop 3
Best validation loss for validation fold label 3 = 0.6186537742614746
Test scores saved for test fold 1 val fold 3.
Validation fold 4...
Starting training loop 1
Starting training loop 2
Starting training loop 3
Best validation loss for validation fold label 4 = 0.6188125610351562
Test scores saved for test fold 1 val fold 4.
Averaging nn_scores for each star from the 4 best models...
-----------------------------------------------
 
Test fold 2...
Validation fold 0...
Starting training loop 1
Starting training loop 2
Starting training loop 3
Best validation loss for validation fold label 0 = 0.6181736588478088
Test scores saved for test fold 2 val fold 0.
Validation fold 1...
Starting training loop 1
Starting training loop 2
Starting training loop 3
Best validation loss for validation fold label 1 = 0.6191440224647522
Test scores saved for test fold 2 val fold 1.
Validation fold 3...
Starting training loop 1
Early stopping at epoch 78 with average val_loss 0.6192048788070679
Starting training loop 2
Early stopping at epoch 86 with average val_loss 0.6189650297164917
Starting training loop 3
Best validation loss for validation fold label 3 = 0.6188724040985107
Test scores saved for test fold 2 val fold 3.
Validation fold 4...
Starting training loop 1
Early stopping at epoch 90 with average val_loss 0.6188306212425232
Starting training loop 2
Early stopping at epoch 81 with average val_loss 0.6188059449195862
Starting training loop 3
Best validation loss for validation fold label 4 = 0.6186478137969971
Test scores saved for test fold 2 val fold 4.
Averaging nn_scores for each star from the 4 best models...
-----------------------------------------------
 
Test fold 3...
Validation fold 0...
Starting training loop 1
Starting training loop 2
Early stopping at epoch 82 with average val_loss 0.6184977889060974
Starting training loop 3
Best validation loss for validation fold label 0 = 0.6183782815933228
Test scores saved for test fold 3 val fold 0.
Validation fold 1...
Starting training loop 1
Starting training loop 2
Starting training loop 3
Early stopping at epoch 94 with average val_loss 0.6192905902862549
Best validation loss for validation fold label 1 = 0.6190329790115356
Test scores saved for test fold 3 val fold 1.
Validation fold 2...
Starting training loop 1
Early stopping at epoch 84 with average val_loss 0.6186939477920532
Starting training loop 2
Starting training loop 3
Early stopping at epoch 69 with average val_loss 0.6186062097549438
Best validation loss for validation fold label 2 = 0.6182548999786377
Test scores saved for test fold 3 val fold 2.
Validation fold 4...
Starting training loop 1
Early stopping at epoch 99 with average val_loss 0.6190598607063293
Starting training loop 2
Starting training loop 3
Best validation loss for validation fold label 4 = 0.6188371777534485
Test scores saved for test fold 3 val fold 4.
Averaging nn_scores for each star from the 4 best models...
-----------------------------------------------
 
Test fold 4...
Validation fold 0...
Starting training loop 1
Starting training loop 2
Early stopping at epoch 93 with average val_loss 0.6187307834625244
Starting training loop 3
Early stopping at epoch 98 with average val_loss 0.6186027526855469
Best validation loss for validation fold label 0 = 0.6183780431747437
Test scores saved for test fold 4 val fold 0.
Validation fold 1...
Starting training loop 1
Early stopping at epoch 81 with average val_loss 0.6192594766616821
Starting training loop 2
Starting training loop 3
Best validation loss for validation fold label 1 = 0.6190327405929565
Test scores saved for test fold 4 val fold 1.
Validation fold 2...
Starting training loop 1
Starting training loop 2
Early stopping at epoch 95 with average val_loss 0.6183331608772278
Starting training loop 3
Best validation loss for validation fold label 2 = 0.6179002523422241
Test scores saved for test fold 4 val fold 2.
Validation fold 3...
Starting training loop 1
Early stopping at epoch 91 with average val_loss 0.6190721392631531
Starting training loop 2
Early stopping at epoch 96 with average val_loss 0.6189740300178528
Starting training loop 3
Early stopping at epoch 94 with average val_loss 0.6190317869186401
Best validation loss for validation fold label 3 = 0.6189954280853271
Test scores saved for test fold 4 val fold 3.
Averaging nn_scores for each star from the 4 best models...
Full test df with all stars saved!
Plotting after fiducial cuts...
Top 250 ranked stars: Purity = 0.00%
Top 250 ranked stars: Completeness = 0.00%
All done!
