[patch 2] CUDA_VISIBLE_DEVICES = 0
[patch 2] torch.cuda.device_count() = 1
[patch 2] device name = NVIDIA A100-SXM4-40GB
Training Patch 2 with signal parameter rotpmra...
Data for Patch 2
Signal parameter: Rotated and Centered Proper Motion (RA) μ_ϕcosλ
Signal region factor = 1 and sideband region factor = 3
Signal parameter median = -2.811
Signal parameter standard deviation = 0.911
Signal Region Range: [-3.723, -1.900]
Sideband Region Range: [-5.545, -3.723) and (-1.900, -0.077]
Signal Region has 412249 stars, 190 stream and 412059 background.
Sideband Region has 726973 stars, 66 stream and 726907 background.
Outer Region has 956292 stars, 4 stream and 956288 background.
Proper Motion Parameter: Rotated and Centered Proper Motion (RA) μ_ϕcosλ
Using device: cuda
-----------------------------------------------
 
Test fold 0...
Validation fold 1...
Starting training loop 1
Starting training loop 2
Starting training loop 3
Best validation loss for validation fold label 1 = 0.6478592157363892
Test scores saved for test fold 0 val fold 1.
Validation fold 2...
Starting training loop 1
Starting training loop 2
Starting training loop 3
Best validation loss for validation fold label 2 = 0.6481409668922424
Test scores saved for test fold 0 val fold 2.
Validation fold 3...
Starting training loop 1
Early stopping at epoch 89 with average val_loss 0.6479431390762329
Starting training loop 2
Starting training loop 3
Best validation loss for validation fold label 3 = 0.6478661894798279
Test scores saved for test fold 0 val fold 3.
Validation fold 4...
Starting training loop 1
Early stopping at epoch 98 with average val_loss 0.6476355195045471
Starting training loop 2
Starting training loop 3
Early stopping at epoch 76 with average val_loss 0.6476017832756042
Best validation loss for validation fold label 4 = 0.6475221514701843
Test scores saved for test fold 0 val fold 4.
Averaging nn_scores for each star from the 4 best models...
-----------------------------------------------
 
Test fold 1...
Validation fold 0...
Starting training loop 1
Starting training loop 2
Starting training loop 3
Early stopping at epoch 93 with average val_loss 0.6476487517356873
Best validation loss for validation fold label 0 = 0.6476344466209412
Test scores saved for test fold 1 val fold 0.
Validation fold 2...
Starting training loop 1
Starting training loop 2
Starting training loop 3
Best validation loss for validation fold label 2 = 0.6480631828308105
Test scores saved for test fold 1 val fold 2.
Validation fold 3...
Starting training loop 1
Early stopping at epoch 99 with average val_loss 0.6481161117553711
Starting training loop 2
Early stopping at epoch 95 with average val_loss 0.6480203866958618
Starting training loop 3
Early stopping at epoch 91 with average val_loss 0.6479893922805786
Best validation loss for validation fold label 3 = 0.6478874087333679
Test scores saved for test fold 1 val fold 3.
Validation fold 4...
Starting training loop 1
Early stopping at epoch 92 with average val_loss 0.647645890712738
Starting training loop 2
Starting training loop 3
Early stopping at epoch 87 with average val_loss 0.6474839448928833
Best validation loss for validation fold label 4 = 0.6474208831787109
Test scores saved for test fold 1 val fold 4.
Averaging nn_scores for each star from the 4 best models...
-----------------------------------------------
 
Test fold 2...
Validation fold 0...
Starting training loop 1
Starting training loop 2
Starting training loop 3
Best validation loss for validation fold label 0 = 0.647616982460022
Test scores saved for test fold 2 val fold 0.
Validation fold 1...
Starting training loop 1
Starting training loop 2
Starting training loop 3
Best validation loss for validation fold label 1 = 0.6477940678596497
Test scores saved for test fold 2 val fold 1.
Validation fold 3...
Starting training loop 1
Early stopping at epoch 90 with average val_loss 0.6480100750923157
Starting training loop 2
Starting training loop 3
Early stopping at epoch 84 with average val_loss 0.6479625701904297
Best validation loss for validation fold label 3 = 0.6478509306907654
Test scores saved for test fold 2 val fold 3.
Validation fold 4...
Starting training loop 1
Early stopping at epoch 87 with average val_loss 0.6476398706436157
Starting training loop 2
Starting training loop 3
Early stopping at epoch 87 with average val_loss 0.6476701498031616
Best validation loss for validation fold label 4 = 0.6474993824958801
Test scores saved for test fold 2 val fold 4.
Averaging nn_scores for each star from the 4 best models...
-----------------------------------------------
 
Test fold 3...
Validation fold 0...
Starting training loop 1
Early stopping at epoch 91 with average val_loss 0.647803544998169
Starting training loop 2
Starting training loop 3
Best validation loss for validation fold label 0 = 0.6476089954376221
Test scores saved for test fold 3 val fold 0.
Validation fold 1...
Starting training loop 1
Early stopping at epoch 97 with average val_loss 0.6480039954185486
Starting training loop 2
Starting training loop 3
Best validation loss for validation fold label 1 = 0.6478337049484253
Test scores saved for test fold 3 val fold 1.
Validation fold 2...
Starting training loop 1
Starting training loop 2
Starting training loop 3
Best validation loss for validation fold label 2 = 0.648023784160614
Test scores saved for test fold 3 val fold 2.
Validation fold 4...
Starting training loop 1
Starting training loop 2
Early stopping at epoch 94 with average val_loss 0.6475302577018738
Starting training loop 3
Best validation loss for validation fold label 4 = 0.6472756266593933
Test scores saved for test fold 3 val fold 4.
Averaging nn_scores for each star from the 4 best models...
-----------------------------------------------
 
Test fold 4...
Validation fold 0...
Starting training loop 1
Starting training loop 2
Starting training loop 3
Best validation loss for validation fold label 0 = 0.6477144360542297
Test scores saved for test fold 4 val fold 0.
Validation fold 1...
Starting training loop 1
Early stopping at epoch 91 with average val_loss 0.647968053817749
Starting training loop 2
Early stopping at epoch 99 with average val_loss 0.6480022668838501
Starting training loop 3
Best validation loss for validation fold label 1 = 0.6478724479675293
Test scores saved for test fold 4 val fold 1.
Validation fold 2...
Starting training loop 1
Starting training loop 2
Early stopping at epoch 75 with average val_loss 0.6483315825462341
Starting training loop 3
Best validation loss for validation fold label 2 = 0.6481280326843262
Test scores saved for test fold 4 val fold 2.
Validation fold 3...
Starting training loop 1
Starting training loop 2
Starting training loop 3
Best validation loss for validation fold label 3 = 0.6478501558303833
Test scores saved for test fold 4 val fold 3.
Averaging nn_scores for each star from the 4 best models...
Full test df with all stars saved!
Plotting after fiducial cuts...
Top 250 ranked stars: Purity = 0.00%
Top 250 ranked stars: Completeness = 0.00%
All done!
