[patch 17] CUDA_VISIBLE_DEVICES = 0
[patch 17] torch.cuda.device_count() = 1
[patch 17] device name = NVIDIA A100-SXM4-80GB
Training Patch 17 with signal parameter rotpmra...
Data for Patch 17
Signal parameter: Rotated and Centered Proper Motion (RA) μ_ϕcosλ
Signal region factor = 1 and sideband region factor = 3
Signal parameter median = -6.427
Signal parameter standard deviation = 0.848
Signal Region Range: [-7.275, -5.580]
Sideband Region Range: [-8.970, -7.275) and (-5.580, -3.884]
Signal Region has 58839 stars, 490 stream and 58349 background.
Sideband Region has 122012 stars, 189 stream and 121823 background.
Outer Region has 642763 stars, 2 stream and 642761 background.
Proper Motion Parameter: Rotated and Centered Proper Motion (RA) μ_ϕcosλ
Using device: cuda
-----------------------------------------------
 
Test fold 0...
Validation fold 1...
Starting training loop 1
Starting training loop 2
Starting training loop 3
Early stopping at epoch 99 with average val_loss 0.6282452940940857
Best validation loss for validation fold label 1 = 0.6280884742736816
Test scores saved for test fold 0 val fold 1.
Validation fold 2...
Starting training loop 1
Early stopping at epoch 97 with average val_loss 0.6291400790214539
Starting training loop 2
Starting training loop 3
Early stopping at epoch 98 with average val_loss 0.6288752555847168
Best validation loss for validation fold label 2 = 0.6286134719848633
Test scores saved for test fold 0 val fold 2.
Validation fold 3...
Starting training loop 1
Starting training loop 2
Early stopping at epoch 91 with average val_loss 0.629093587398529
Starting training loop 3
Best validation loss for validation fold label 3 = 0.6289232969284058
Test scores saved for test fold 0 val fold 3.
Validation fold 4...
Starting training loop 1
Starting training loop 2
Early stopping at epoch 91 with average val_loss 0.6297922134399414
Starting training loop 3
Best validation loss for validation fold label 4 = 0.629379153251648
Test scores saved for test fold 0 val fold 4.
Averaging nn_scores for each star from the 4 best models...
-----------------------------------------------
 
Test fold 1...
Validation fold 0...
Starting training loop 1
Starting training loop 2
Starting training loop 3
Best validation loss for validation fold label 0 = 0.6283226609230042
Test scores saved for test fold 1 val fold 0.
Validation fold 2...
Starting training loop 1
Early stopping at epoch 65 with average val_loss 0.6302548050880432
Starting training loop 2
Starting training loop 3
Early stopping at epoch 90 with average val_loss 0.6289663314819336
Best validation loss for validation fold label 2 = 0.6285937428474426
Test scores saved for test fold 1 val fold 2.
Validation fold 3...
Starting training loop 1
Starting training loop 2
Starting training loop 3
Best validation loss for validation fold label 3 = 0.6289715766906738
Test scores saved for test fold 1 val fold 3.
Validation fold 4...
Starting training loop 1
Starting training loop 2
Starting training loop 3
Best validation loss for validation fold label 4 = 0.6290145516395569
Test scores saved for test fold 1 val fold 4.
Averaging nn_scores for each star from the 4 best models...
-----------------------------------------------
 
Test fold 2...
Validation fold 0...
Starting training loop 1
Starting training loop 2
Starting training loop 3
Best validation loss for validation fold label 0 = 0.6281076073646545
Test scores saved for test fold 2 val fold 0.
Validation fold 1...
Starting training loop 1
Early stopping at epoch 91 with average val_loss 0.6284096240997314
Starting training loop 2
Early stopping at epoch 83 with average val_loss 0.6282781958580017
Starting training loop 3
Best validation loss for validation fold label 1 = 0.627825915813446
Test scores saved for test fold 2 val fold 1.
Validation fold 3...
Starting training loop 1
Starting training loop 2
Starting training loop 3
Best validation loss for validation fold label 3 = 0.628696620464325
Test scores saved for test fold 2 val fold 3.
Validation fold 4...
Starting training loop 1
Starting training loop 2
Starting training loop 3
Early stopping at epoch 92 with average val_loss 0.6296452879905701
Best validation loss for validation fold label 4 = 0.6292239427566528
Test scores saved for test fold 2 val fold 4.
Averaging nn_scores for each star from the 4 best models...
-----------------------------------------------
 
Test fold 3...
Validation fold 0...
Starting training loop 1
Starting training loop 2
Starting training loop 3
Best validation loss for validation fold label 0 = 0.6284382343292236
Test scores saved for test fold 3 val fold 0.
Validation fold 1...
Starting training loop 1
Starting training loop 2
Early stopping at epoch 87 with average val_loss 0.6280540823936462
Starting training loop 3
Early stopping at epoch 94 with average val_loss 0.6280249953269958
Best validation loss for validation fold label 1 = 0.6277129054069519
Test scores saved for test fold 3 val fold 1.
Validation fold 2...
Starting training loop 1
Starting training loop 2
Starting training loop 3
Best validation loss for validation fold label 2 = 0.6284708976745605
Test scores saved for test fold 3 val fold 2.
Validation fold 4...
Starting training loop 1
Starting training loop 2
Starting training loop 3
Best validation loss for validation fold label 4 = 0.6293982863426208
Test scores saved for test fold 3 val fold 4.
Averaging nn_scores for each star from the 4 best models...
-----------------------------------------------
 
Test fold 4...
Validation fold 0...
Starting training loop 1
Starting training loop 2
Starting training loop 3
Best validation loss for validation fold label 0 = 0.6284526586532593
Test scores saved for test fold 4 val fold 0.
Validation fold 1...
Starting training loop 1
Starting training loop 2
Early stopping at epoch 98 with average val_loss 0.6280348300933838
Starting training loop 3
Best validation loss for validation fold label 1 = 0.6277347207069397
Test scores saved for test fold 4 val fold 1.
Validation fold 2...
Starting training loop 1
Early stopping at epoch 99 with average val_loss 0.6291970610618591
Starting training loop 2
Starting training loop 3
Best validation loss for validation fold label 2 = 0.6284680962562561
Test scores saved for test fold 4 val fold 2.
Validation fold 3...
Starting training loop 1
Starting training loop 2
Starting training loop 3
Best validation loss for validation fold label 3 = 0.6289534568786621
Test scores saved for test fold 4 val fold 3.
Averaging nn_scores for each star from the 4 best models...
Full test df with all stars saved!
Plotting after fiducial cuts...
Top 250 ranked stars: Purity = 89.20%
Top 250 ranked stars: Completeness = 41.37%
All done!
