[patch 14] CUDA_VISIBLE_DEVICES = 0
[patch 14] torch.cuda.device_count() = 1
[patch 14] device name = NVIDIA A100-SXM4-80GB
Training Patch 14 with signal parameter rotpmra...
Data for Patch 14
Signal parameter: Rotated and Centered Proper Motion (RA) μ_ϕcosλ
Signal region factor = 1 and sideband region factor = 3
Signal parameter median = -8.411
Signal parameter standard deviation = 1.351
Signal Region Range: [-9.762, -7.060]
Sideband Region Range: [-12.464, -9.762) and (-7.060, -4.358]
Signal Region has 88989 stars, 525 stream and 88464 background.
Sideband Region has 193485 stars, 281 stream and 193204 background.
Outer Region has 760593 stars, 0 stream and 760593 background.
Proper Motion Parameter: Rotated and Centered Proper Motion (RA) μ_ϕcosλ
Using device: cuda
-----------------------------------------------
 
Test fold 0...
Validation fold 1...
Starting training loop 1
Starting training loop 2
Starting training loop 3
Best validation loss for validation fold label 1 = 0.6191684603691101
Test scores saved for test fold 0 val fold 1.
Validation fold 2...
Starting training loop 1
Starting training loop 2
Early stopping at epoch 92 with average val_loss 0.6201967000961304
Starting training loop 3
Best validation loss for validation fold label 2 = 0.6198306083679199
Test scores saved for test fold 0 val fold 2.
Validation fold 3...
Starting training loop 1
Early stopping at epoch 79 with average val_loss 0.6200364232063293
Starting training loop 2
Starting training loop 3
Best validation loss for validation fold label 3 = 0.6195598244667053
Test scores saved for test fold 0 val fold 3.
Validation fold 4...
Starting training loop 1
Starting training loop 2
Starting training loop 3
Best validation loss for validation fold label 4 = 0.6200211644172668
Test scores saved for test fold 0 val fold 4.
Averaging nn_scores for each star from the 4 best models...
-----------------------------------------------
 
Test fold 1...
Validation fold 0...
Starting training loop 1
Starting training loop 2
Starting training loop 3
Early stopping at epoch 99 with average val_loss 0.620003879070282
Best validation loss for validation fold label 0 = 0.6198117733001709
Test scores saved for test fold 1 val fold 0.
Validation fold 2...
Starting training loop 1
Starting training loop 2
Starting training loop 3
Best validation loss for validation fold label 2 = 0.6197454333305359
Test scores saved for test fold 1 val fold 2.
Validation fold 3...
Starting training loop 1
Starting training loop 2
Starting training loop 3
Early stopping at epoch 91 with average val_loss 0.6203155517578125
Best validation loss for validation fold label 3 = 0.6197189092636108
Test scores saved for test fold 1 val fold 3.
Validation fold 4...
Starting training loop 1
Starting training loop 2
Starting training loop 3
Best validation loss for validation fold label 4 = 0.6200999021530151
Test scores saved for test fold 1 val fold 4.
Averaging nn_scores for each star from the 4 best models...
-----------------------------------------------
 
Test fold 2...
Validation fold 0...
Starting training loop 1
Early stopping at epoch 98 with average val_loss 0.6201948523521423
Starting training loop 2
Starting training loop 3
Early stopping at epoch 77 with average val_loss 0.6200748085975647
Best validation loss for validation fold label 0 = 0.6199362277984619
Test scores saved for test fold 2 val fold 0.
Validation fold 1...
Starting training loop 1
Starting training loop 2
Starting training loop 3
Best validation loss for validation fold label 1 = 0.6191185712814331
Test scores saved for test fold 2 val fold 1.
Validation fold 3...
Starting training loop 1
Starting training loop 2
Starting training loop 3
Early stopping at epoch 99 with average val_loss 0.6198108196258545
Best validation loss for validation fold label 3 = 0.6194743514060974
Test scores saved for test fold 2 val fold 3.
Validation fold 4...
Starting training loop 1
Early stopping at epoch 88 with average val_loss 0.6204881072044373
Starting training loop 2
Starting training loop 3
Early stopping at epoch 70 with average val_loss 0.6205644011497498
Best validation loss for validation fold label 4 = 0.6202520132064819
Test scores saved for test fold 2 val fold 4.
Averaging nn_scores for each star from the 4 best models...
-----------------------------------------------
 
Test fold 3...
Validation fold 0...
Starting training loop 1
Early stopping at epoch 98 with average val_loss 0.6199424862861633
Starting training loop 2
Starting training loop 3
Early stopping at epoch 82 with average val_loss 0.6197636723518372
Best validation loss for validation fold label 0 = 0.6196057200431824
Test scores saved for test fold 3 val fold 0.
Validation fold 1...
Starting training loop 1
Starting training loop 2
Early stopping at epoch 89 with average val_loss 0.6202114224433899
Starting training loop 3
Best validation loss for validation fold label 1 = 0.6194512248039246
Test scores saved for test fold 3 val fold 1.
Validation fold 2...
Starting training loop 1
Starting training loop 2
Starting training loop 3
Best validation loss for validation fold label 2 = 0.6197312474250793
Test scores saved for test fold 3 val fold 2.
Validation fold 4...
Starting training loop 1
Starting training loop 2
Early stopping at epoch 99 with average val_loss 0.6199935078620911
Starting training loop 3
Best validation loss for validation fold label 4 = 0.6197901368141174
Test scores saved for test fold 3 val fold 4.
Averaging nn_scores for each star from the 4 best models...
-----------------------------------------------
 
Test fold 4...
Validation fold 0...
Starting training loop 1
Early stopping at epoch 81 with average val_loss 0.6201731562614441
Starting training loop 2
Early stopping at epoch 87 with average val_loss 0.6201145648956299
Starting training loop 3
Best validation loss for validation fold label 0 = 0.6197192072868347
Test scores saved for test fold 4 val fold 0.
Validation fold 1...
Starting training loop 1
Starting training loop 2
Starting training loop 3
Best validation loss for validation fold label 1 = 0.6192828416824341
Test scores saved for test fold 4 val fold 1.
Validation fold 2...
Starting training loop 1
Starting training loop 2
Starting training loop 3
Early stopping at epoch 96 with average val_loss 0.620013415813446
Best validation loss for validation fold label 2 = 0.6198071837425232
Test scores saved for test fold 4 val fold 2.
Validation fold 3...
Starting training loop 1
Starting training loop 2
Starting training loop 3
Best validation loss for validation fold label 3 = 0.6195427775382996
Test scores saved for test fold 4 val fold 3.
Averaging nn_scores for each star from the 4 best models...
Full test df with all stars saved!
Plotting after fiducial cuts...
Top 250 ranked stars: Purity = 0.00%
Top 250 ranked stars: Completeness = 0.00%
All done!
