[patch 10] CUDA_VISIBLE_DEVICES = 0
[patch 10] torch.cuda.device_count() = 1
[patch 10] device name = NVIDIA A100-SXM4-80GB
Training Patch 10 with signal parameter rotpmra...
Data for Patch 10
Signal parameter: Rotated and Centered Proper Motion (RA) μ_ϕcosλ
Signal region factor = 1 and sideband region factor = 3
Signal parameter median = -5.164
Signal parameter standard deviation = 0.851
Signal Region Range: [-6.015, -4.312]
Sideband Region Range: [-7.717, -6.015) and (-4.312, -2.610]
Signal Region has 82910 stars, 420 stream and 82490 background.
Sideband Region has 175337 stars, 187 stream and 175150 background.
Outer Region has 789125 stars, 2 stream and 789123 background.
Proper Motion Parameter: Rotated and Centered Proper Motion (RA) μ_ϕcosλ
Using device: cuda
-----------------------------------------------
 
Test fold 0...
Validation fold 1...
Starting training loop 1
Early stopping at epoch 94 with average val_loss 0.6238837838172913
Starting training loop 2
Starting training loop 3
Best validation loss for validation fold label 1 = 0.6237550377845764
Test scores saved for test fold 0 val fold 1.
Validation fold 2...
Starting training loop 1
Starting training loop 2
Starting training loop 3
Best validation loss for validation fold label 2 = 0.6241247653961182
Test scores saved for test fold 0 val fold 2.
Validation fold 3...
Starting training loop 1
Starting training loop 2
Starting training loop 3
Best validation loss for validation fold label 3 = 0.6237871050834656
Test scores saved for test fold 0 val fold 3.
Validation fold 4...
Starting training loop 1
Early stopping at epoch 90 with average val_loss 0.6242982149124146
Starting training loop 2
Early stopping at epoch 64 with average val_loss 0.6242570281028748
Starting training loop 3
Best validation loss for validation fold label 4 = 0.6240959167480469
Test scores saved for test fold 0 val fold 4.
Averaging nn_scores for each star from the 4 best models...
-----------------------------------------------
 
Test fold 1...
Validation fold 0...
Starting training loop 1
Early stopping at epoch 66 with average val_loss 0.6247531771659851
Starting training loop 2
Early stopping at epoch 79 with average val_loss 0.6248124837875366
Starting training loop 3
Early stopping at epoch 56 with average val_loss 0.6247473955154419
Best validation loss for validation fold label 0 = 0.6244518756866455
Test scores saved for test fold 1 val fold 0.
Validation fold 2...
Starting training loop 1
Early stopping at epoch 95 with average val_loss 0.624614953994751
Starting training loop 2
Starting training loop 3
Early stopping at epoch 78 with average val_loss 0.6244390606880188
Best validation loss for validation fold label 2 = 0.624387800693512
Test scores saved for test fold 1 val fold 2.
Validation fold 3...
Starting training loop 1
Starting training loop 2
Starting training loop 3
Best validation loss for validation fold label 3 = 0.6239454746246338
Test scores saved for test fold 1 val fold 3.
Validation fold 4...
Starting training loop 1
Early stopping at epoch 92 with average val_loss 0.6242619156837463
Starting training loop 2
Early stopping at epoch 79 with average val_loss 0.6244288086891174
Starting training loop 3
Early stopping at epoch 72 with average val_loss 0.6248118877410889
Best validation loss for validation fold label 4 = 0.6243658065795898
Test scores saved for test fold 1 val fold 4.
Averaging nn_scores for each star from the 4 best models...
-----------------------------------------------
 
Test fold 2...
Validation fold 0...
Starting training loop 1
Early stopping at epoch 60 with average val_loss 0.624517023563385
Starting training loop 2
Early stopping at epoch 93 with average val_loss 0.6244403123855591
Starting training loop 3
Early stopping at epoch 91 with average val_loss 0.624355673789978
Best validation loss for validation fold label 0 = 0.6242467761039734
Test scores saved for test fold 2 val fold 0.
Validation fold 1...
Starting training loop 1
Starting training loop 2
Starting training loop 3
Best validation loss for validation fold label 1 = 0.6235037446022034
Test scores saved for test fold 2 val fold 1.
Validation fold 3...
Starting training loop 1
Starting training loop 2
Early stopping at epoch 91 with average val_loss 0.6243283152580261
Starting training loop 3
Early stopping at epoch 91 with average val_loss 0.6245680451393127
Best validation loss for validation fold label 3 = 0.6239802837371826
Test scores saved for test fold 2 val fold 3.
Validation fold 4...
Starting training loop 1
Starting training loop 2
Early stopping at epoch 97 with average val_loss 0.6245918869972229
Starting training loop 3
Best validation loss for validation fold label 4 = 0.624286413192749
Test scores saved for test fold 2 val fold 4.
Averaging nn_scores for each star from the 4 best models...
-----------------------------------------------
 
Test fold 3...
Validation fold 0...
Starting training loop 1
Early stopping at epoch 85 with average val_loss 0.6246357560157776
Starting training loop 2
Early stopping at epoch 62 with average val_loss 0.6248012781143188
Starting training loop 3
Early stopping at epoch 68 with average val_loss 0.624956488609314
Best validation loss for validation fold label 0 = 0.6245803833007812
Test scores saved for test fold 3 val fold 0.
Validation fold 1...
Starting training loop 1
Starting training loop 2
Starting training loop 3
Best validation loss for validation fold label 1 = 0.6235246658325195
Test scores saved for test fold 3 val fold 1.
Validation fold 2...
Starting training loop 1
Early stopping at epoch 88 with average val_loss 0.6248863339424133
Starting training loop 2
Starting training loop 3
Early stopping at epoch 50 with average val_loss 0.6257403492927551
Best validation loss for validation fold label 2 = 0.6246006488800049
Test scores saved for test fold 3 val fold 2.
Validation fold 4...
Starting training loop 1
Starting training loop 2
Early stopping at epoch 90 with average val_loss 0.6242961883544922
Starting training loop 3
Early stopping at epoch 84 with average val_loss 0.6244040727615356
Best validation loss for validation fold label 4 = 0.624133288860321
Test scores saved for test fold 3 val fold 4.
Averaging nn_scores for each star from the 4 best models...
-----------------------------------------------
 
Test fold 4...
Validation fold 0...
Starting training loop 1
Early stopping at epoch 92 with average val_loss 0.6245884299278259
Starting training loop 2
Early stopping at epoch 63 with average val_loss 0.6245304942131042
Starting training loop 3
Early stopping at epoch 57 with average val_loss 0.6243478655815125
Best validation loss for validation fold label 0 = 0.6242893934249878
Test scores saved for test fold 4 val fold 0.
Validation fold 1...
Starting training loop 1
Starting training loop 2
Early stopping at epoch 89 with average val_loss 0.6240449547767639
Starting training loop 3
Best validation loss for validation fold label 1 = 0.6238236427307129
Test scores saved for test fold 4 val fold 1.
Validation fold 2...
Starting training loop 1
Starting training loop 2
Starting training loop 3
Best validation loss for validation fold label 2 = 0.6243928074836731
Test scores saved for test fold 4 val fold 2.
Validation fold 3...
Starting training loop 1
Starting training loop 2
Starting training loop 3
Best validation loss for validation fold label 3 = 0.6239255666732788
Test scores saved for test fold 4 val fold 3.
Averaging nn_scores for each star from the 4 best models...
Full test df with all stars saved!
Plotting after fiducial cuts...
Top 250 ranked stars: Purity = 80.40%
Top 250 ranked stars: Completeness = 42.86%
All done!
