[patch 15] CUDA_VISIBLE_DEVICES = 0
[patch 15] torch.cuda.device_count() = 1
[patch 15] device name = NVIDIA A100-SXM4-40GB
Training Patch 15 with signal parameter rotpmra...
Data for Patch 15
Signal parameter: Rotated and Centered Proper Motion (RA) μ_ϕcosλ
Signal region factor = 1 and sideband region factor = 3
Signal parameter median = -7.275
Signal parameter standard deviation = 1.161
Signal Region Range: [-8.436, -6.114]
Sideband Region Range: [-10.759, -8.436) and (-6.114, -3.792]
Signal Region has 74761 stars, 504 stream and 74257 background.
Sideband Region has 162090 stars, 290 stream and 161800 background.
Outer Region has 708257 stars, 1 stream and 708256 background.
Proper Motion Parameter: Rotated and Centered Proper Motion (RA) μ_ϕcosλ
Using device: cuda
-----------------------------------------------
 
Test fold 0...
Validation fold 1...
Starting training loop 1
Starting training loop 2
Starting training loop 3
Early stopping at epoch 96 with average val_loss 0.6197735667228699
Best validation loss for validation fold label 1 = 0.6194911599159241
Test scores saved for test fold 0 val fold 1.
Validation fold 2...
Starting training loop 1
Early stopping at epoch 80 with average val_loss 0.6208630800247192
Starting training loop 2
Starting training loop 3
Early stopping at epoch 61 with average val_loss 0.6206775307655334
Best validation loss for validation fold label 2 = 0.6202899217605591
Test scores saved for test fold 0 val fold 2.
Validation fold 3...
Starting training loop 1
Early stopping at epoch 95 with average val_loss 0.6201257109642029
Starting training loop 2
Starting training loop 3
Early stopping at epoch 75 with average val_loss 0.6200863122940063
Best validation loss for validation fold label 3 = 0.6198883056640625
Test scores saved for test fold 0 val fold 3.
Validation fold 4...
Starting training loop 1
Early stopping at epoch 88 with average val_loss 0.6198358535766602
Starting training loop 2
Early stopping at epoch 75 with average val_loss 0.6197726726531982
Starting training loop 3
Best validation loss for validation fold label 4 = 0.6194016933441162
Test scores saved for test fold 0 val fold 4.
Averaging nn_scores for each star from the 4 best models...
-----------------------------------------------
 
Test fold 1...
Validation fold 0...
Starting training loop 1
Early stopping at epoch 90 with average val_loss 0.6202787756919861
Starting training loop 2
Starting training loop 3
Early stopping at epoch 65 with average val_loss 0.6198556423187256
Best validation loss for validation fold label 0 = 0.6197736859321594
Test scores saved for test fold 1 val fold 0.
Validation fold 2...
Starting training loop 1
Early stopping at epoch 88 with average val_loss 0.6204149723052979
Starting training loop 2
Early stopping at epoch 45 with average val_loss 0.6207637786865234
Starting training loop 3
Early stopping at epoch 44 with average val_loss 0.620856761932373
Best validation loss for validation fold label 2 = 0.6203230023384094
Test scores saved for test fold 1 val fold 2.
Validation fold 3...
Starting training loop 1
Early stopping at epoch 93 with average val_loss 0.6201637387275696
Starting training loop 2
Early stopping at epoch 73 with average val_loss 0.620232105255127
Starting training loop 3
Early stopping at epoch 79 with average val_loss 0.6202486157417297
Best validation loss for validation fold label 3 = 0.6200793385505676
Test scores saved for test fold 1 val fold 3.
Validation fold 4...
Starting training loop 1
Starting training loop 2
Starting training loop 3
Best validation loss for validation fold label 4 = 0.6194071173667908
Test scores saved for test fold 1 val fold 4.
Averaging nn_scores for each star from the 4 best models...
-----------------------------------------------
 
Test fold 2...
Validation fold 0...
Starting training loop 1
Early stopping at epoch 81 with average val_loss 0.6198357939720154
Starting training loop 2
Starting training loop 3
Early stopping at epoch 97 with average val_loss 0.6196773648262024
Best validation loss for validation fold label 0 = 0.6196306943893433
Test scores saved for test fold 2 val fold 0.
Validation fold 1...
Starting training loop 1
Starting training loop 2
Early stopping at epoch 99 with average val_loss 0.6194965839385986
Starting training loop 3
Best validation loss for validation fold label 1 = 0.6192794442176819
Test scores saved for test fold 2 val fold 1.
Validation fold 3...
Starting training loop 1
Early stopping at epoch 85 with average val_loss 0.6201324462890625
Starting training loop 2
Early stopping at epoch 68 with average val_loss 0.620244026184082
Starting training loop 3
Early stopping at epoch 83 with average val_loss 0.6198848485946655
Best validation loss for validation fold label 3 = 0.6197926998138428
Test scores saved for test fold 2 val fold 3.
Validation fold 4...
Starting training loop 1
Starting training loop 2
Early stopping at epoch 66 with average val_loss 0.6199171543121338
Starting training loop 3
Early stopping at epoch 81 with average val_loss 0.6198363900184631
Best validation loss for validation fold label 4 = 0.6195913553237915
Test scores saved for test fold 2 val fold 4.
Averaging nn_scores for each star from the 4 best models...
-----------------------------------------------
 
Test fold 3...
Validation fold 0...
Starting training loop 1
Starting training loop 2
Starting training loop 3
Early stopping at epoch 61 with average val_loss 0.6198318600654602
Best validation loss for validation fold label 0 = 0.6198163628578186
Test scores saved for test fold 3 val fold 0.
Validation fold 1...
Starting training loop 1
Starting training loop 2
Early stopping at epoch 91 with average val_loss 0.6196572184562683
Starting training loop 3
Best validation loss for validation fold label 1 = 0.6194573044776917
Test scores saved for test fold 3 val fold 1.
Validation fold 2...
Starting training loop 1
Early stopping at epoch 98 with average val_loss 0.6203939914703369
Starting training loop 2
Early stopping at epoch 66 with average val_loss 0.6204753518104553
Starting training loop 3
Early stopping at epoch 73 with average val_loss 0.6204723715782166
Best validation loss for validation fold label 2 = 0.6201694011688232
Test scores saved for test fold 3 val fold 2.
Validation fold 4...
Starting training loop 1
Early stopping at epoch 82 with average val_loss 0.6198537349700928
Starting training loop 2
Starting training loop 3
Early stopping at epoch 80 with average val_loss 0.6196178197860718
Best validation loss for validation fold label 4 = 0.6195250153541565
Test scores saved for test fold 3 val fold 4.
Averaging nn_scores for each star from the 4 best models...
-----------------------------------------------
 
Test fold 4...
Validation fold 0...
Starting training loop 1
Starting training loop 2
Early stopping at epoch 73 with average val_loss 0.6206125617027283
Starting training loop 3
Early stopping at epoch 90 with average val_loss 0.6198805570602417
Best validation loss for validation fold label 0 = 0.6196825504302979
Test scores saved for test fold 4 val fold 0.
Validation fold 1...
Starting training loop 1
Starting training loop 2
Early stopping at epoch 80 with average val_loss 0.6199628710746765
Starting training loop 3
Best validation loss for validation fold label 1 = 0.6192935109138489
Test scores saved for test fold 4 val fold 1.
Validation fold 2...
Starting training loop 1
Early stopping at epoch 62 with average val_loss 0.620385468006134
Starting training loop 2
Early stopping at epoch 60 with average val_loss 0.6204813718795776
Starting training loop 3
Best validation loss for validation fold label 2 = 0.6204283833503723
Test scores saved for test fold 4 val fold 2.
Validation fold 3...
Starting training loop 1
Early stopping at epoch 86 with average val_loss 0.6200849413871765
Starting training loop 2
Starting training loop 3
Early stopping at epoch 90 with average val_loss 0.6198873519897461
Best validation loss for validation fold label 3 = 0.6197805404663086
Test scores saved for test fold 4 val fold 3.
Averaging nn_scores for each star from the 4 best models...
Full test df with all stars saved!
Plotting after fiducial cuts...
Top 250 ranked stars: Purity = 35.20%
Top 250 ranked stars: Completeness = 15.04%
All done!
