[patch 9] CUDA_VISIBLE_DEVICES = 0
[patch 9] torch.cuda.device_count() = 1
[patch 9] device name = NVIDIA A100-SXM4-80GB
Training Patch 9 with signal parameter rotpmra...
Data for Patch 9
Signal parameter: Rotated and Centered Proper Motion (RA) μ_ϕcosλ
Signal region factor = 1 and sideband region factor = 3
Signal parameter median = -5.510
Signal parameter standard deviation = 0.941
Signal Region Range: [-6.451, -4.569]
Sideband Region Range: [-8.334, -6.451) and (-4.569, -2.687]
Signal Region has 84748 stars, 438 stream and 84310 background.
Sideband Region has 182808 stars, 192 stream and 182616 background.
Outer Region has 827930 stars, 1 stream and 827929 background.
Proper Motion Parameter: Rotated and Centered Proper Motion (RA) μ_ϕcosλ
Using device: cuda
-----------------------------------------------
 
Test fold 0...
Validation fold 1...
Starting training loop 1
Early stopping at epoch 56 with average val_loss 0.6206182837486267
Starting training loop 2
Early stopping at epoch 80 with average val_loss 0.62050461769104
Starting training loop 3
Early stopping at epoch 95 with average val_loss 0.6204109787940979
Best validation loss for validation fold label 1 = 0.6202145218849182
Test scores saved for test fold 0 val fold 1.
Validation fold 2...
Starting training loop 1
Starting training loop 2
Starting training loop 3
Early stopping at epoch 90 with average val_loss 0.61921226978302
Best validation loss for validation fold label 2 = 0.6191918253898621
Test scores saved for test fold 0 val fold 2.
Validation fold 3...
Starting training loop 1
Starting training loop 2
Early stopping at epoch 62 with average val_loss 0.6205629110336304
Starting training loop 3
Best validation loss for validation fold label 3 = 0.6201593279838562
Test scores saved for test fold 0 val fold 3.
Validation fold 4...
Starting training loop 1
Early stopping at epoch 61 with average val_loss 0.6204227805137634
Starting training loop 2
Starting training loop 3
Best validation loss for validation fold label 4 = 0.6201339364051819
Test scores saved for test fold 0 val fold 4.
Averaging nn_scores for each star from the 4 best models...
-----------------------------------------------
 
Test fold 1...
Validation fold 0...
Starting training loop 1
Starting training loop 2
Early stopping at epoch 81 with average val_loss 0.6197320818901062
Starting training loop 3
Best validation loss for validation fold label 0 = 0.6191793084144592
Test scores saved for test fold 1 val fold 0.
Validation fold 2...
Starting training loop 1
Starting training loop 2
Starting training loop 3
Best validation loss for validation fold label 2 = 0.6190856695175171
Test scores saved for test fold 1 val fold 2.
Validation fold 3...
Starting training loop 1
Starting training loop 2
Early stopping at epoch 97 with average val_loss 0.620215654373169
Starting training loop 3
Early stopping at epoch 98 with average val_loss 0.6203355193138123
Best validation loss for validation fold label 3 = 0.6200867295265198
Test scores saved for test fold 1 val fold 3.
Validation fold 4...
Starting training loop 1
Starting training loop 2
Early stopping at epoch 75 with average val_loss 0.6203128099441528
Starting training loop 3
Best validation loss for validation fold label 4 = 0.620222270488739
Test scores saved for test fold 1 val fold 4.
Averaging nn_scores for each star from the 4 best models...
-----------------------------------------------
 
Test fold 2...
Validation fold 0...
Starting training loop 1
Starting training loop 2
Early stopping at epoch 98 with average val_loss 0.619529664516449
Starting training loop 3
Best validation loss for validation fold label 0 = 0.6191367506980896
Test scores saved for test fold 2 val fold 0.
Validation fold 1...
Starting training loop 1
Early stopping at epoch 83 with average val_loss 0.620387077331543
Starting training loop 2
Early stopping at epoch 69 with average val_loss 0.6204838156700134
Starting training loop 3
Early stopping at epoch 81 with average val_loss 0.6204608082771301
Best validation loss for validation fold label 1 = 0.6203924417495728
Test scores saved for test fold 2 val fold 1.
Validation fold 3...
Starting training loop 1
Early stopping at epoch 84 with average val_loss 0.6207491159439087
Starting training loop 2
Early stopping at epoch 63 with average val_loss 0.6205568909645081
Starting training loop 3
Early stopping at epoch 55 with average val_loss 0.6207976341247559
Best validation loss for validation fold label 3 = 0.6205723881721497
Test scores saved for test fold 2 val fold 3.
Validation fold 4...
Starting training loop 1
Starting training loop 2
Starting training loop 3
Early stopping at epoch 96 with average val_loss 0.6204109787940979
Best validation loss for validation fold label 4 = 0.6201042532920837
Test scores saved for test fold 2 val fold 4.
Averaging nn_scores for each star from the 4 best models...
-----------------------------------------------
 
Test fold 3...
Validation fold 0...
Starting training loop 1
Early stopping at epoch 89 with average val_loss 0.6198601722717285
Starting training loop 2
Starting training loop 3
Best validation loss for validation fold label 0 = 0.6191562414169312
Test scores saved for test fold 3 val fold 0.
Validation fold 1...
Starting training loop 1
Starting training loop 2
Early stopping at epoch 96 with average val_loss 0.6201931238174438
Starting training loop 3
Early stopping at epoch 65 with average val_loss 0.6203080415725708
Best validation loss for validation fold label 1 = 0.6202319264411926
Test scores saved for test fold 3 val fold 1.
Validation fold 2...
Starting training loop 1
Starting training loop 2
Starting training loop 3
Best validation loss for validation fold label 2 = 0.6192516684532166
Test scores saved for test fold 3 val fold 2.
Validation fold 4...
Starting training loop 1
Starting training loop 2
Starting training loop 3
Best validation loss for validation fold label 4 = 0.6199193000793457
Test scores saved for test fold 3 val fold 4.
Averaging nn_scores for each star from the 4 best models...
-----------------------------------------------
 
Test fold 4...
Validation fold 0...
Starting training loop 1
Starting training loop 2
Starting training loop 3
Best validation loss for validation fold label 0 = 0.6193540692329407
Test scores saved for test fold 4 val fold 0.
Validation fold 1...
Starting training loop 1
Early stopping at epoch 88 with average val_loss 0.6205279231071472
Starting training loop 2
Early stopping at epoch 96 with average val_loss 0.6205031871795654
Starting training loop 3
Best validation loss for validation fold label 1 = 0.6202600598335266
Test scores saved for test fold 4 val fold 1.
Validation fold 2...
Starting training loop 1
Starting training loop 2
Starting training loop 3
Best validation loss for validation fold label 2 = 0.6191436648368835
Test scores saved for test fold 4 val fold 2.
Validation fold 3...
Starting training loop 1
Early stopping at epoch 56 with average val_loss 0.6205067038536072
Starting training loop 2
Starting training loop 3
Best validation loss for validation fold label 3 = 0.6201397776603699
Test scores saved for test fold 4 val fold 3.
Averaging nn_scores for each star from the 4 best models...
Full test df with all stars saved!
Plotting after fiducial cuts...
Top 250 ranked stars: Purity = 58.80%
Top 250 ranked stars: Completeness = 31.08%
All done!
