[patch 20] CUDA_VISIBLE_DEVICES = 0
[patch 20] torch.cuda.device_count() = 1
[patch 20] device name = NVIDIA A100-SXM4-80GB
Training Patch 20 with signal parameter rotpmra...
Data for Patch 20
Signal parameter: Rotated and Centered Proper Motion (RA) μ_ϕcosλ
Signal region factor = 1 and sideband region factor = 3
Signal parameter median = -7.772
Signal parameter standard deviation = 0.997
Signal Region Range: [-8.768, -6.775]
Sideband Region Range: [-10.762, -8.768) and (-6.775, -4.781]
Signal Region has 54816 stars, 509 stream and 54307 background.
Sideband Region has 114126 stars, 219 stream and 113907 background.
Outer Region has 630451 stars, 0 stream and 630451 background.
Proper Motion Parameter: Rotated and Centered Proper Motion (RA) μ_ϕcosλ
Using device: cuda
-----------------------------------------------
 
Test fold 0...
Validation fold 1...
Starting training loop 1
Starting training loop 2
Starting training loop 3
Best validation loss for validation fold label 1 = 0.627720832824707
Test scores saved for test fold 0 val fold 1.
Validation fold 2...
Starting training loop 1
Early stopping at epoch 48 with average val_loss 0.6289529800415039
Starting training loop 2
Early stopping at epoch 79 with average val_loss 0.628436803817749
Starting training loop 3
Early stopping at epoch 65 with average val_loss 0.6284846663475037
Best validation loss for validation fold label 2 = 0.6281751990318298
Test scores saved for test fold 0 val fold 2.
Validation fold 3...
Starting training loop 1
Early stopping at epoch 36 with average val_loss 0.6292067170143127
Starting training loop 2
Early stopping at epoch 56 with average val_loss 0.6290239691734314
Starting training loop 3
Best validation loss for validation fold label 3 = 0.6280337572097778
Test scores saved for test fold 0 val fold 3.
Validation fold 4...
Starting training loop 1
Starting training loop 2
Starting training loop 3
Best validation loss for validation fold label 4 = 0.6283122301101685
Test scores saved for test fold 0 val fold 4.
Averaging nn_scores for each star from the 4 best models...
-----------------------------------------------
 
Test fold 1...
Validation fold 0...
Starting training loop 1
Starting training loop 2
Starting training loop 3
Early stopping at epoch 57 with average val_loss 0.62895667552948
Best validation loss for validation fold label 0 = 0.6287001967430115
Test scores saved for test fold 1 val fold 0.
Validation fold 2...
Starting training loop 1
Starting training loop 2
Starting training loop 3
Best validation loss for validation fold label 2 = 0.627795398235321
Test scores saved for test fold 1 val fold 2.
Validation fold 3...
Starting training loop 1
Starting training loop 2
Early stopping at epoch 49 with average val_loss 0.6287066340446472
Starting training loop 3
Best validation loss for validation fold label 3 = 0.6282702684402466
Test scores saved for test fold 1 val fold 3.
Validation fold 4...
Starting training loop 1
Early stopping at epoch 64 with average val_loss 0.6289544701576233
Starting training loop 2
Early stopping at epoch 57 with average val_loss 0.6290843486785889
Starting training loop 3
Best validation loss for validation fold label 4 = 0.628447413444519
Test scores saved for test fold 1 val fold 4.
Averaging nn_scores for each star from the 4 best models...
-----------------------------------------------
 
Test fold 2...
Validation fold 0...
Starting training loop 1
Early stopping at epoch 50 with average val_loss 0.6290746927261353
Starting training loop 2
Early stopping at epoch 44 with average val_loss 0.6294371485710144
Starting training loop 3
Early stopping at epoch 53 with average val_loss 0.6297231316566467
Best validation loss for validation fold label 0 = 0.6286489963531494
Test scores saved for test fold 2 val fold 0.
Validation fold 1...
Starting training loop 1
Starting training loop 2
Early stopping at epoch 84 with average val_loss 0.6282953023910522
Starting training loop 3
Best validation loss for validation fold label 1 = 0.6277405619621277
Test scores saved for test fold 2 val fold 1.
Validation fold 3...
Starting training loop 1
Early stopping at epoch 90 with average val_loss 0.6287808418273926
Starting training loop 2
Starting training loop 3
Early stopping at epoch 39 with average val_loss 0.628655731678009
Best validation loss for validation fold label 3 = 0.628457248210907
Test scores saved for test fold 2 val fold 3.
Validation fold 4...
Starting training loop 1
Starting training loop 2
Early stopping at epoch 98 with average val_loss 0.6286831498146057
Starting training loop 3
Early stopping at epoch 88 with average val_loss 0.6293835043907166
Best validation loss for validation fold label 4 = 0.6285207271575928
Test scores saved for test fold 2 val fold 4.
Averaging nn_scores for each star from the 4 best models...
-----------------------------------------------
 
Test fold 3...
Validation fold 0...
Starting training loop 1
Early stopping at epoch 71 with average val_loss 0.6288272142410278
Starting training loop 2
Early stopping at epoch 65 with average val_loss 0.6290956735610962
Starting training loop 3
Best validation loss for validation fold label 0 = 0.6285362839698792
Test scores saved for test fold 3 val fold 0.
Validation fold 1...
Starting training loop 1
Early stopping at epoch 90 with average val_loss 0.6279578804969788
Starting training loop 2
Early stopping at epoch 94 with average val_loss 0.6287065744400024
Starting training loop 3
Best validation loss for validation fold label 1 = 0.6278231143951416
Test scores saved for test fold 3 val fold 1.
Validation fold 2...
Starting training loop 1
Starting training loop 2
Starting training loop 3
Early stopping at epoch 49 with average val_loss 0.6284096240997314
Best validation loss for validation fold label 2 = 0.6282048225402832
Test scores saved for test fold 3 val fold 2.
Validation fold 4...
Starting training loop 1
Starting training loop 2
Starting training loop 3
Early stopping at epoch 71 with average val_loss 0.6287028193473816
Best validation loss for validation fold label 4 = 0.6286113262176514
Test scores saved for test fold 3 val fold 4.
Averaging nn_scores for each star from the 4 best models...
-----------------------------------------------
 
Test fold 4...
Validation fold 0...
Starting training loop 1
Starting training loop 2
Starting training loop 3
Best validation loss for validation fold label 0 = 0.6281832456588745
Test scores saved for test fold 4 val fold 0.
Validation fold 1...
Starting training loop 1
Starting training loop 2
Starting training loop 3
Best validation loss for validation fold label 1 = 0.627963662147522
Test scores saved for test fold 4 val fold 1.
Validation fold 2...
Starting training loop 1
Early stopping at epoch 95 with average val_loss 0.6284485459327698
Starting training loop 2
Starting training loop 3
Best validation loss for validation fold label 2 = 0.6276180148124695
Test scores saved for test fold 4 val fold 2.
Validation fold 3...
Starting training loop 1
Early stopping at epoch 39 with average val_loss 0.628967821598053
Starting training loop 2
Starting training loop 3
Best validation loss for validation fold label 3 = 0.627957820892334
Test scores saved for test fold 4 val fold 3.
Averaging nn_scores for each star from the 4 best models...
Full test df with all stars saved!
Plotting after fiducial cuts...
Top 250 ranked stars: Purity = 83.20%
Top 250 ranked stars: Completeness = 37.75%
All done!
