[patch 3] CUDA_VISIBLE_DEVICES = 0
[patch 3] torch.cuda.device_count() = 1
[patch 3] device name = NVIDIA A100-SXM4-80GB
Training Patch 3 with signal parameter rotpmra...
Data for Patch 3
Signal parameter: Rotated and Centered Proper Motion (RA) μ_ϕcosλ
Signal region factor = 1 and sideband region factor = 3
Signal parameter median = -3.808
Signal parameter standard deviation = 0.865
Signal Region Range: [-4.673, -2.943]
Sideband Region Range: [-6.403, -4.673) and (-2.943, -1.214]
Signal Region has 155776 stars, 366 stream and 155410 background.
Sideband Region has 334159 stars, 169 stream and 333990 background.
Outer Region has 894452 stars, 0 stream and 894452 background.
Proper Motion Parameter: Rotated and Centered Proper Motion (RA) μ_ϕcosλ
Using device: cuda
-----------------------------------------------
 
Test fold 0...
Validation fold 1...
Starting training loop 1
Early stopping at epoch 98 with average val_loss 0.6172307133674622
Starting training loop 2
Starting training loop 3
Best validation loss for validation fold label 1 = 0.61698979139328
Test scores saved for test fold 0 val fold 1.
Validation fold 2...
Starting training loop 1
Starting training loop 2
Starting training loop 3
Best validation loss for validation fold label 2 = 0.6175548434257507
Test scores saved for test fold 0 val fold 2.
Validation fold 3...
Starting training loop 1
Early stopping at epoch 95 with average val_loss 0.6174754500389099
Starting training loop 2
Early stopping at epoch 79 with average val_loss 0.6177912950515747
Starting training loop 3
Early stopping at epoch 95 with average val_loss 0.6175102591514587
Best validation loss for validation fold label 3 = 0.6173350214958191
Test scores saved for test fold 0 val fold 3.
Validation fold 4...
Starting training loop 1
Starting training loop 2
Starting training loop 3
Best validation loss for validation fold label 4 = 0.6170697212219238
Test scores saved for test fold 0 val fold 4.
Averaging nn_scores for each star from the 4 best models...
-----------------------------------------------
 
Test fold 1...
Validation fold 0...
Starting training loop 1
Starting training loop 2
Starting training loop 3
Best validation loss for validation fold label 0 = 0.6170010566711426
Test scores saved for test fold 1 val fold 0.
Validation fold 2...
Starting training loop 1
Starting training loop 2
Starting training loop 3
Best validation loss for validation fold label 2 = 0.6173868775367737
Test scores saved for test fold 1 val fold 2.
Validation fold 3...
Starting training loop 1
Early stopping at epoch 78 with average val_loss 0.6174915432929993
Starting training loop 2
Early stopping at epoch 69 with average val_loss 0.6178628206253052
Starting training loop 3
Early stopping at epoch 81 with average val_loss 0.6176486015319824
Best validation loss for validation fold label 3 = 0.6174740791320801
Test scores saved for test fold 1 val fold 3.
Validation fold 4...
Starting training loop 1
Starting training loop 2
Starting training loop 3
Early stopping at epoch 73 with average val_loss 0.6177056431770325
Best validation loss for validation fold label 4 = 0.6172161102294922
Test scores saved for test fold 1 val fold 4.
Averaging nn_scores for each star from the 4 best models...
-----------------------------------------------
 
Test fold 2...
Validation fold 0...
Starting training loop 1
Early stopping at epoch 89 with average val_loss 0.6172434687614441
Starting training loop 2
Early stopping at epoch 81 with average val_loss 0.6173160076141357
Starting training loop 3
Best validation loss for validation fold label 0 = 0.6171240210533142
Test scores saved for test fold 2 val fold 0.
Validation fold 1...
Starting training loop 1
Starting training loop 2
Starting training loop 3
Best validation loss for validation fold label 1 = 0.6170925498008728
Test scores saved for test fold 2 val fold 1.
Validation fold 3...
Starting training loop 1
Starting training loop 2
Early stopping at epoch 82 with average val_loss 0.6175214052200317
Starting training loop 3
Early stopping at epoch 87 with average val_loss 0.6175106763839722
Best validation loss for validation fold label 3 = 0.6174120903015137
Test scores saved for test fold 2 val fold 3.
Validation fold 4...
Starting training loop 1
Starting training loop 2
Early stopping at epoch 76 with average val_loss 0.6174766421318054
Starting training loop 3
Early stopping at epoch 99 with average val_loss 0.6173936128616333
Best validation loss for validation fold label 4 = 0.617152214050293
Test scores saved for test fold 2 val fold 4.
Averaging nn_scores for each star from the 4 best models...
-----------------------------------------------
 
Test fold 3...
Validation fold 0...
Starting training loop 1
Early stopping at epoch 89 with average val_loss 0.6169878840446472
Starting training loop 2
Starting training loop 3
Early stopping at epoch 91 with average val_loss 0.6175805330276489
Best validation loss for validation fold label 0 = 0.6170087456703186
Test scores saved for test fold 3 val fold 0.
Validation fold 1...
Starting training loop 1
Starting training loop 2
Starting training loop 3
Best validation loss for validation fold label 1 = 0.6171000599861145
Test scores saved for test fold 3 val fold 1.
Validation fold 2...
Starting training loop 1
Starting training loop 2
Early stopping at epoch 95 with average val_loss 0.6176542043685913
Starting training loop 3
Best validation loss for validation fold label 2 = 0.6175309419631958
Test scores saved for test fold 3 val fold 2.
Validation fold 4...
Starting training loop 1
Starting training loop 2
Starting training loop 3
Best validation loss for validation fold label 4 = 0.617235541343689
Test scores saved for test fold 3 val fold 4.
Averaging nn_scores for each star from the 4 best models...
-----------------------------------------------
 
Test fold 4...
Validation fold 0...
Starting training loop 1
Starting training loop 2
Early stopping at epoch 89 with average val_loss 0.61713707447052
Starting training loop 3
Early stopping at epoch 78 with average val_loss 0.6172627806663513
Best validation loss for validation fold label 0 = 0.6169173121452332
Test scores saved for test fold 4 val fold 0.
Validation fold 1...
Starting training loop 1
Starting training loop 2
Starting training loop 3
Best validation loss for validation fold label 1 = 0.6170899271965027
Test scores saved for test fold 4 val fold 1.
Validation fold 2...
Starting training loop 1
Early stopping at epoch 75 with average val_loss 0.6177535057067871
Starting training loop 2
Starting training loop 3
Best validation loss for validation fold label 2 = 0.6174752116203308
Test scores saved for test fold 4 val fold 2.
Validation fold 3...
Starting training loop 1
Early stopping at epoch 89 with average val_loss 0.6175530552864075
Starting training loop 2
Starting training loop 3
Best validation loss for validation fold label 3 = 0.6173682808876038
Test scores saved for test fold 4 val fold 3.
Averaging nn_scores for each star from the 4 best models...
Full test df with all stars saved!
Plotting after fiducial cuts...
Top 250 ranked stars: Purity = 78.40%
Top 250 ranked stars: Completeness = 45.79%
All done!
