[patch 18] CUDA_VISIBLE_DEVICES = 0
[patch 18] torch.cuda.device_count() = 1
[patch 18] device name = NVIDIA A100-SXM4-80GB
Training Patch 18 with signal parameter rotpmra...
Data for Patch 18
Signal parameter: Rotated and Centered Proper Motion (RA) μ_ϕcosλ
Signal region factor = 1 and sideband region factor = 3
Signal parameter median = -8.471
Signal parameter standard deviation = 1.307
Signal Region Range: [-9.778, -7.164]
Sideband Region Range: [-12.392, -9.778) and (-7.164, -4.550]
Signal Region has 97543 stars, 371 stream and 97172 background.
Sideband Region has 208517 stars, 151 stream and 208366 background.
Outer Region has 737405 stars, 3 stream and 737402 background.
Proper Motion Parameter: Rotated and Centered Proper Motion (RA) μ_ϕcosλ
Using device: cuda
-----------------------------------------------
 
Test fold 0...
Validation fold 1...
Starting training loop 1
Early stopping at epoch 72 with average val_loss 0.6229410171508789
Starting training loop 2
Early stopping at epoch 89 with average val_loss 0.6230967044830322
Starting training loop 3
Early stopping at epoch 85 with average val_loss 0.6228835582733154
Best validation loss for validation fold label 1 = 0.6227133870124817
Test scores saved for test fold 0 val fold 1.
Validation fold 2...
Starting training loop 1
Starting training loop 2
Starting training loop 3
Best validation loss for validation fold label 2 = 0.6225249767303467
Test scores saved for test fold 0 val fold 2.
Validation fold 3...
Starting training loop 1
Starting training loop 2
Starting training loop 3
Early stopping at epoch 92 with average val_loss 0.6230903267860413
Best validation loss for validation fold label 3 = 0.6229338049888611
Test scores saved for test fold 0 val fold 3.
Validation fold 4...
Starting training loop 1
Starting training loop 2
Starting training loop 3
Best validation loss for validation fold label 4 = 0.6221529245376587
Test scores saved for test fold 0 val fold 4.
Averaging nn_scores for each star from the 4 best models...
-----------------------------------------------
 
Test fold 1...
Validation fold 0...
Starting training loop 1
Early stopping at epoch 84 with average val_loss 0.62298184633255
Starting training loop 2
Starting training loop 3
Early stopping at epoch 80 with average val_loss 0.6229532361030579
Best validation loss for validation fold label 0 = 0.6227251291275024
Test scores saved for test fold 1 val fold 0.
Validation fold 2...
Starting training loop 1
Early stopping at epoch 94 with average val_loss 0.6229411959648132
Starting training loop 2
Starting training loop 3
Best validation loss for validation fold label 2 = 0.6226300001144409
Test scores saved for test fold 1 val fold 2.
Validation fold 3...
Starting training loop 1
Starting training loop 2
Starting training loop 3
Early stopping at epoch 91 with average val_loss 0.623262345790863
Best validation loss for validation fold label 3 = 0.6229026913642883
Test scores saved for test fold 1 val fold 3.
Validation fold 4...
Starting training loop 1
Early stopping at epoch 94 with average val_loss 0.6223126649856567
Starting training loop 2
Early stopping at epoch 94 with average val_loss 0.6221288442611694
Starting training loop 3
Best validation loss for validation fold label 4 = 0.6221302151679993
Test scores saved for test fold 1 val fold 4.
Averaging nn_scores for each star from the 4 best models...
-----------------------------------------------
 
Test fold 2...
Validation fold 0...
Starting training loop 1
Starting training loop 2
Early stopping at epoch 94 with average val_loss 0.6230119466781616
Starting training loop 3
Best validation loss for validation fold label 0 = 0.6224541068077087
Test scores saved for test fold 2 val fold 0.
Validation fold 1...
Starting training loop 1
Early stopping at epoch 98 with average val_loss 0.6231229901313782
Starting training loop 2
Early stopping at epoch 88 with average val_loss 0.6228585839271545
Starting training loop 3
Early stopping at epoch 74 with average val_loss 0.6228540539741516
Best validation loss for validation fold label 1 = 0.6225805282592773
Test scores saved for test fold 2 val fold 1.
Validation fold 3...
Starting training loop 1
Starting training loop 2
Early stopping at epoch 84 with average val_loss 0.6233910322189331
Starting training loop 3
Early stopping at epoch 69 with average val_loss 0.6232305765151978
Best validation loss for validation fold label 3 = 0.6232043504714966
Test scores saved for test fold 2 val fold 3.
Validation fold 4...
Starting training loop 1
Starting training loop 2
Starting training loop 3
Best validation loss for validation fold label 4 = 0.6220613718032837
Test scores saved for test fold 2 val fold 4.
Averaging nn_scores for each star from the 4 best models...
-----------------------------------------------
 
Test fold 3...
Validation fold 0...
Starting training loop 1
Early stopping at epoch 68 with average val_loss 0.6230428218841553
Starting training loop 2
Early stopping at epoch 81 with average val_loss 0.6228595972061157
Starting training loop 3
Best validation loss for validation fold label 0 = 0.622694730758667
Test scores saved for test fold 3 val fold 0.
Validation fold 1...
Starting training loop 1
Early stopping at epoch 91 with average val_loss 0.6228129863739014
Starting training loop 2
Early stopping at epoch 89 with average val_loss 0.622786819934845
Starting training loop 3
Early stopping at epoch 76 with average val_loss 0.622805118560791
Best validation loss for validation fold label 1 = 0.6224848628044128
Test scores saved for test fold 3 val fold 1.
Validation fold 2...
Starting training loop 1
Early stopping at epoch 87 with average val_loss 0.6230791211128235
Starting training loop 2
Starting training loop 3
Early stopping at epoch 92 with average val_loss 0.6229470372200012
Best validation loss for validation fold label 2 = 0.6227310299873352
Test scores saved for test fold 3 val fold 2.
Validation fold 4...
Starting training loop 1
Early stopping at epoch 92 with average val_loss 0.622566282749176
Starting training loop 2
Starting training loop 3
Best validation loss for validation fold label 4 = 0.6222580075263977
Test scores saved for test fold 3 val fold 4.
Averaging nn_scores for each star from the 4 best models...
-----------------------------------------------
 
Test fold 4...
Validation fold 0...
Starting training loop 1
Early stopping at epoch 85 with average val_loss 0.6229110956192017
Starting training loop 2
Early stopping at epoch 94 with average val_loss 0.6230300068855286
Starting training loop 3
Best validation loss for validation fold label 0 = 0.6226744651794434
Test scores saved for test fold 4 val fold 0.
Validation fold 1...
Starting training loop 1
Starting training loop 2
Early stopping at epoch 85 with average val_loss 0.6226757168769836
Starting training loop 3
Early stopping at epoch 94 with average val_loss 0.6227498054504395
Best validation loss for validation fold label 1 = 0.6225665807723999
Test scores saved for test fold 4 val fold 1.
Validation fold 2...
Starting training loop 1
Early stopping at epoch 98 with average val_loss 0.6226867437362671
Starting training loop 2
Early stopping at epoch 75 with average val_loss 0.6227294206619263
Starting training loop 3
Best validation loss for validation fold label 2 = 0.6226434707641602
Test scores saved for test fold 4 val fold 2.
Validation fold 3...
Starting training loop 1
Starting training loop 2
Starting training loop 3
Best validation loss for validation fold label 3 = 0.6231409907341003
Test scores saved for test fold 4 val fold 3.
Averaging nn_scores for each star from the 4 best models...
Full test df with all stars saved!
Plotting after fiducial cuts...
Top 250 ranked stars: Purity = 0.00%
Top 250 ranked stars: Completeness = 0.00%
All done!
