[patch 12] CUDA_VISIBLE_DEVICES = 0
[patch 12] torch.cuda.device_count() = 1
[patch 12] device name = NVIDIA A100-SXM4-80GB
Training Patch 12 with signal parameter rotpmra...
Data for Patch 12
Signal parameter: Rotated and Centered Proper Motion (RA) μ_ϕcosλ
Signal region factor = 1 and sideband region factor = 3
Signal parameter median = -5.197
Signal parameter standard deviation = 0.956
Signal Region Range: [-6.153, -4.241]
Sideband Region Range: [-8.066, -6.153) and (-4.241, -2.328]
Signal Region has 97980 stars, 356 stream and 97624 background.
Sideband Region has 206011 stars, 163 stream and 205848 background.
Outer Region has 626179 stars, 0 stream and 626179 background.
Proper Motion Parameter: Rotated and Centered Proper Motion (RA) μ_ϕcosλ
Using device: cuda
-----------------------------------------------
 
Test fold 0...
Validation fold 1...
Starting training loop 1
Starting training loop 2
Starting training loop 3
Best validation loss for validation fold label 1 = 0.6241546869277954
Test scores saved for test fold 0 val fold 1.
Validation fold 2...
Starting training loop 1
Early stopping at epoch 98 with average val_loss 0.6242384314537048
Starting training loop 2
Starting training loop 3
Early stopping at epoch 89 with average val_loss 0.6242526173591614
Best validation loss for validation fold label 2 = 0.6240979433059692
Test scores saved for test fold 0 val fold 2.
Validation fold 3...
Starting training loop 1
Early stopping at epoch 90 with average val_loss 0.6242973208427429
Starting training loop 2
Early stopping at epoch 71 with average val_loss 0.624732494354248
Starting training loop 3
Early stopping at epoch 90 with average val_loss 0.6242705583572388
Best validation loss for validation fold label 3 = 0.624154269695282
Test scores saved for test fold 0 val fold 3.
Validation fold 4...
Starting training loop 1
Starting training loop 2
Early stopping at epoch 89 with average val_loss 0.6245189905166626
Starting training loop 3
Early stopping at epoch 94 with average val_loss 0.6243999004364014
Best validation loss for validation fold label 4 = 0.6242901682853699
Test scores saved for test fold 0 val fold 4.
Averaging nn_scores for each star from the 4 best models...
-----------------------------------------------
 
Test fold 1...
Validation fold 0...
Starting training loop 1
Starting training loop 2
Starting training loop 3
Early stopping at epoch 97 with average val_loss 0.6242814064025879
Best validation loss for validation fold label 0 = 0.6240261793136597
Test scores saved for test fold 1 val fold 0.
Validation fold 2...
Starting training loop 1
Starting training loop 2
Starting training loop 3
Early stopping at epoch 92 with average val_loss 0.6246568560600281
Best validation loss for validation fold label 2 = 0.6240606904029846
Test scores saved for test fold 1 val fold 2.
Validation fold 3...
Starting training loop 1
Starting training loop 2
Early stopping at epoch 99 with average val_loss 0.6243752837181091
Starting training loop 3
Best validation loss for validation fold label 3 = 0.624051034450531
Test scores saved for test fold 1 val fold 3.
Validation fold 4...
Starting training loop 1
Starting training loop 2
Starting training loop 3
Best validation loss for validation fold label 4 = 0.6242983341217041
Test scores saved for test fold 1 val fold 4.
Averaging nn_scores for each star from the 4 best models...
-----------------------------------------------
 
Test fold 2...
Validation fold 0...
Starting training loop 1
Early stopping at epoch 93 with average val_loss 0.6242480874061584
Starting training loop 2
Early stopping at epoch 88 with average val_loss 0.6242077946662903
Starting training loop 3
Early stopping at epoch 98 with average val_loss 0.6243730783462524
Best validation loss for validation fold label 0 = 0.6241700649261475
Test scores saved for test fold 2 val fold 0.
Validation fold 1...
Starting training loop 1
Starting training loop 2
Starting training loop 3
Best validation loss for validation fold label 1 = 0.6245058178901672
Test scores saved for test fold 2 val fold 1.
Validation fold 3...
Starting training loop 1
Starting training loop 2
Starting training loop 3
Best validation loss for validation fold label 3 = 0.62412029504776
Test scores saved for test fold 2 val fold 3.
Validation fold 4...
Starting training loop 1
Early stopping at epoch 98 with average val_loss 0.6244229078292847
Starting training loop 2
Starting training loop 3
Early stopping at epoch 92 with average val_loss 0.6248775720596313
Best validation loss for validation fold label 4 = 0.6242693662643433
Test scores saved for test fold 2 val fold 4.
Averaging nn_scores for each star from the 4 best models...
-----------------------------------------------
 
Test fold 3...
Validation fold 0...
Starting training loop 1
Early stopping at epoch 98 with average val_loss 0.6242700815200806
Starting training loop 2
Early stopping at epoch 92 with average val_loss 0.6242712736129761
Starting training loop 3
Best validation loss for validation fold label 0 = 0.6240361332893372
Test scores saved for test fold 3 val fold 0.
Validation fold 1...
Starting training loop 1
Starting training loop 2
Early stopping at epoch 91 with average val_loss 0.6246609091758728
Starting training loop 3
Best validation loss for validation fold label 1 = 0.6243946552276611
Test scores saved for test fold 3 val fold 1.
Validation fold 2...
Starting training loop 1
Early stopping at epoch 88 with average val_loss 0.6240509748458862
Starting training loop 2
Starting training loop 3
Early stopping at epoch 95 with average val_loss 0.6244179010391235
Best validation loss for validation fold label 2 = 0.6240816712379456
Test scores saved for test fold 3 val fold 2.
Validation fold 4...
Starting training loop 1
Early stopping at epoch 79 with average val_loss 0.6243985295295715
Starting training loop 2
Starting training loop 3
Early stopping at epoch 83 with average val_loss 0.6241517663002014
Best validation loss for validation fold label 4 = 0.6241109371185303
Test scores saved for test fold 3 val fold 4.
Averaging nn_scores for each star from the 4 best models...
-----------------------------------------------
 
Test fold 4...
Validation fold 0...
Starting training loop 1
Early stopping at epoch 91 with average val_loss 0.6244159936904907
Starting training loop 2
Starting training loop 3
Early stopping at epoch 89 with average val_loss 0.6242059469223022
Best validation loss for validation fold label 0 = 0.6240764260292053
Test scores saved for test fold 4 val fold 0.
Validation fold 1...
Starting training loop 1
Starting training loop 2
Starting training loop 3
Best validation loss for validation fold label 1 = 0.624204158782959
Test scores saved for test fold 4 val fold 1.
Validation fold 2...
Starting training loop 1
Early stopping at epoch 90 with average val_loss 0.6244138479232788
Starting training loop 2
Early stopping at epoch 81 with average val_loss 0.6242363452911377
Starting training loop 3
Early stopping at epoch 93 with average val_loss 0.6242555975914001
Best validation loss for validation fold label 2 = 0.6241317987442017
Test scores saved for test fold 4 val fold 2.
Validation fold 3...
Starting training loop 1
Starting training loop 2
Early stopping at epoch 92 with average val_loss 0.6243866682052612
Starting training loop 3
Best validation loss for validation fold label 3 = 0.6240007281303406
Test scores saved for test fold 4 val fold 3.
Averaging nn_scores for each star from the 4 best models...
Full test df with all stars saved!
Plotting after fiducial cuts...
Top 250 ranked stars: Purity = 78.00%
Top 250 ranked stars: Completeness = 46.99%
All done!
